Component: ARM Compiler 5.06 update 6 (build 750) Tool: armlink [4d35ed]

==============================================================================

Section Cross References

    startup_stm32f407xx.o(RESET) refers to startup_stm32f407xx.o(STACK) for __initial_sp
    startup_stm32f407xx.o(RESET) refers to startup_stm32f407xx.o(.text) for Reset_Handler
    startup_stm32f407xx.o(RESET) refers to stm32f4xx_it.o(i.NMI_Handler) for NMI_Handler
    startup_stm32f407xx.o(RESET) refers to stm32f4xx_it.o(i.HardFault_Handler) for HardFault_Handler
    startup_stm32f407xx.o(RESET) refers to stm32f4xx_it.o(i.MemManage_Handler) for MemManage_Handler
    startup_stm32f407xx.o(RESET) refers to stm32f4xx_it.o(i.BusFault_Handler) for BusFault_Handler
    startup_stm32f407xx.o(RESET) refers to stm32f4xx_it.o(i.UsageFault_Handler) for UsageFault_Handler
    startup_stm32f407xx.o(RESET) refers to port.o(.emb_text) for SVC_Handler
    startup_stm32f407xx.o(RESET) refers to stm32f4xx_it.o(i.DebugMon_Handler) for DebugMon_Handler
    startup_stm32f407xx.o(RESET) refers to port.o(i.SysTick_Handler) for SysTick_Handler
    startup_stm32f407xx.o(RESET) refers to stm32f4xx_it.o(i.DMA1_Stream0_IRQHandler) for DMA1_Stream0_IRQHandler
    startup_stm32f407xx.o(RESET) refers to stm32f4xx_it.o(i.DMA1_Stream2_IRQHandler) for DMA1_Stream2_IRQHandler
    startup_stm32f407xx.o(RESET) refers to stm32f4xx_it.o(i.DMA1_Stream5_IRQHandler) for DMA1_Stream5_IRQHandler
    startup_stm32f407xx.o(RESET) refers to stm32f4xx_it.o(i.CAN1_RX0_IRQHandler) for CAN1_RX0_IRQHandler
    startup_stm32f407xx.o(RESET) refers to stm32f4xx_it.o(i.TIM2_IRQHandler) for TIM2_IRQHandler
    startup_stm32f407xx.o(RESET) refers to stm32f4xx_it.o(i.USART1_IRQHandler) for USART1_IRQHandler
    startup_stm32f407xx.o(RESET) refers to stm32f4xx_it.o(i.USART2_IRQHandler) for USART2_IRQHandler
    startup_stm32f407xx.o(RESET) refers to stm32f4xx_it.o(i.UART4_IRQHandler) for UART4_IRQHandler
    startup_stm32f407xx.o(RESET) refers to stm32f4xx_it.o(i.UART5_IRQHandler) for UART5_IRQHandler
    startup_stm32f407xx.o(RESET) refers to stm32f4xx_it.o(i.DMA2_Stream2_IRQHandler) for DMA2_Stream2_IRQHandler
    startup_stm32f407xx.o(RESET) refers to stm32f4xx_it.o(i.CAN2_RX0_IRQHandler) for CAN2_RX0_IRQHandler
    startup_stm32f407xx.o(RESET) refers to stm32f4xx_it.o(i.DMA2_Stream7_IRQHandler) for DMA2_Stream7_IRQHandler
    startup_stm32f407xx.o(.text) refers to system_stm32f4xx.o(i.SystemInit) for SystemInit
    startup_stm32f407xx.o(.text) refers to entry.o(.ARM.Collect$$$$00000000) for __main
    drv_can.o(i.CAN1_Init) refers to drv_can.o(i.CAN_Filter_ParamsInit) for CAN_Filter_ParamsInit
    drv_can.o(i.CAN1_Init) refers to stm32f4xx_hal_can.o(i.HAL_CAN_ConfigFilter) for HAL_CAN_ConfigFilter
    drv_can.o(i.CAN1_Init) refers to stm32f4xx_hal_can.o(i.HAL_CAN_ActivateNotification) for HAL_CAN_ActivateNotification
    drv_can.o(i.CAN1_Init) refers to stm32f4xx_hal_can.o(i.HAL_CAN_Start) for HAL_CAN_Start
    drv_can.o(i.CAN1_Init) refers to can.o(.bss) for hcan1
    drv_can.o(i.CAN2_Init) refers to drv_can.o(i.CAN_Filter_ParamsInit) for CAN_Filter_ParamsInit
    drv_can.o(i.CAN2_Init) refers to stm32f4xx_hal_can.o(i.HAL_CAN_ConfigFilter) for HAL_CAN_ConfigFilter
    drv_can.o(i.CAN2_Init) refers to stm32f4xx_hal_can.o(i.HAL_CAN_ActivateNotification) for HAL_CAN_ActivateNotification
    drv_can.o(i.CAN2_Init) refers to stm32f4xx_hal_can.o(i.HAL_CAN_Start) for HAL_CAN_Start
    drv_can.o(i.CAN2_Init) refers to can.o(.bss) for hcan2
    drv_can.o(i.CAN_AddMsgByDriver) refers to drv_can.o(i.CAN_GetTxPort) for CAN_GetTxPort
    drv_can.o(i.CAN_AddMsgByDriver) refers to drv_can.o(i.CAN_CreateTxPort) for CAN_CreateTxPort
    drv_can.o(i.CAN_AddMsgByDriver) refers to drv_can.o(.data) for .data
    drv_can.o(i.CAN_AutoTx) refers to drv_can.o(i.CAN_StartTxByTxPort) for CAN_StartTxByTxPort
    drv_can.o(i.CAN_CreateTxPort) refers to heap_4.o(i.pvPortMalloc) for pvPortMalloc
    drv_can.o(i.CAN_GetTxStateByDriver) refers to drv_can.o(i.CAN_GetTxPort) for CAN_GetTxPort
    drv_can.o(i.CAN_GetTxStateByDriver) refers to drv_can.o(i.CAN_CreateTxPort) for CAN_CreateTxPort
    drv_can.o(i.CAN_GetTxStateByDriver) refers to drv_can.o(.data) for .data
    drv_can.o(i.CAN_MailboxReadyForTx) refers to drv_haltick.o(i.micros) for micros
    drv_can.o(i.CAN_Rx_Callback) refers to stm32f4xx_hal_can.o(i.HAL_CAN_GetRxMessage) for HAL_CAN_GetRxMessage
    drv_can.o(i.CAN_Rx_Callback) refers to can_protocol.o(i.CAN1_rxDataHandler) for CAN1_rxDataHandler
    drv_can.o(i.CAN_Rx_Callback) refers to can_protocol.o(i.CAN2_rxDataHandler) for CAN2_rxDataHandler
    drv_can.o(i.CAN_Rx_Callback) refers to drv_can.o(.bss) for .bss
    drv_can.o(i.CAN_SetTxModeByDriver) refers to drv_can.o(i.CAN_GetTxPort) for CAN_GetTxPort
    drv_can.o(i.CAN_SetTxModeByDriver) refers to drv_can.o(i.CAN_CreateTxPort) for CAN_CreateTxPort
    drv_can.o(i.CAN_SetTxModeByDriver) refers to drv_can.o(.data) for .data
[...]
    HAL_TIM_PWM_MspInit                      0x08003ab5   Thumb Code     2  stm32f4xx_hal_tim.o(i.HAL_TIM_PWM_MspInit)
    HAL_TIM_PWM_PulseFinishedCallback        0x08003ab7   Thumb Code     2  stm32f4xx_hal_tim.o(i.HAL_TIM_PWM_PulseFinishedCallback)
    HAL_TIM_PWM_Start                        0x08003ab9   Thumb Code   172  stm32f4xx_hal_tim.o(i.HAL_TIM_PWM_Start)
    HAL_TIM_PeriodElapsedCallback            0x08003b81   Thumb Code    14  main.o(i.HAL_TIM_PeriodElapsedCallback)
    HAL_TIM_TriggerCallback                  0x08003b8f   Thumb Code     2  stm32f4xx_hal_tim.o(i.HAL_TIM_TriggerCallback)
    HAL_UARTEx_RxEventCallback               0x08003b91   Thumb Code     2  stm32f4xx_hal_uart.o(i.HAL_UARTEx_RxEventCallback)
    HAL_UART_ErrorCallback                   0x08003b93   Thumb Code     2  stm32f4xx_hal_uart.o(i.HAL_UART_ErrorCallback)
    HAL_UART_IRQHandler                      0x08003b95   Thumb Code   610  stm32f4xx_hal_uart.o(i.HAL_UART_IRQHandler)
    HAL_UART_Init                            0x08003dfd   Thumb Code    98  stm32f4xx_hal_uart.o(i.HAL_UART_Init)
    HAL_UART_MspInit                         0x08003e61   Thumb Code   730  usart.o(i.HAL_UART_MspInit)
    HAL_UART_RxCpltCallback                  0x0800416d   Thumb Code     2  stm32f4xx_hal_uart.o(i.HAL_UART_RxCpltCallback)
    HAL_UART_Transmit                        0x08004171   Thumb Code   178  stm32f4xx_hal_uart.o(i.HAL_UART_Transmit)
    HAL_UART_Transmit_DMA                    0x08004225   Thumb Code   126  stm32f4xx_hal_uart.o(i.HAL_UART_Transmit_DMA)
    HAL_UART_TxCpltCallback                  0x080042b1   Thumb Code     2  stm32f4xx_hal_uart.o(i.HAL_UART_TxCpltCallback)
    HAL_UART_TxHalfCpltCallback              0x080042b3   Thumb Code     2  stm32f4xx_hal_uart.o(i.HAL_UART_TxHalfCpltCallback)
    HardFault_Handler                        0x080042b5   Thumb Code     2  stm32f4xx_it.o(i.HardFault_Handler)
    IIC_Ack                                  0x080042b9   Thumb Code    56  soft_iic.o(i.IIC_Ack)
    IIC_NAck                                 0x080042f9   Thumb Code    56  soft_iic.o(i.IIC_NAck)
    IIC_Read_Byte                            0x08004339   Thumb Code    96  soft_iic.o(i.IIC_Read_Byte)
    IIC_Send_Byte                            0x080043a1   Thumb Code    86  soft_iic.o(i.IIC_Send_Byte)
    IIC_Start                                0x08004401   Thumb Code    56  soft_iic.o(i.IIC_Start)
    IIC_Stop                                 0x08004441   Thumb Code    58  soft_iic.o(i.IIC_Stop)
    IIC_Wait_Ack                             0x08004485   Thumb Code    74  soft_iic.o(i.IIC_Wait_Ack)
    MPU_Read_Byte                            0x080044d9   Thumb Code    72  bmi2_common.o(i.MPU_Read_Byte)
    MPU_Read_all                             0x08004525   Thumb Code    92  bmi2_common.o(i.MPU_Read_all)
    MX_ADC1_Init                             0x08004585   Thumb Code    88  adc.o(i.MX_ADC1_Init)
    MX_CAN1_Init                             0x080045e9   Thumb Code    62  can.o(i.MX_CAN1_Init)
    MX_CAN2_Init                             0x08004631   Thumb Code    62  can.o(i.MX_CAN2_Init)
    MX_DAC_Init                              0x08004679   Thumb Code    52  dac.o(i.MX_DAC_Init)
    MX_DMA_Init                              0x080046b5   Thumb Code   120  dma.o(i.MX_DMA_Init)
    MX_FREERTOS_Init                         0x08004731   Thumb Code   118  freertos.o(i.MX_FREERTOS_Init)
    MX_GPIO_Init                             0x080047b1   Thumb Code   284  gpio.o(i.MX_GPIO_Init)
    MX_TIM1_Init                             0x080048e1   Thumb Code   194  tim.o(i.MX_TIM1_Init)
    MX_TIM3_Init                             0x080049ad   Thumb Code   160  tim.o(i.MX_TIM3_Init)
    MX_UART4_Init                            0x08004a55   Thumb Code    48  usart.o(i.MX_UART4_Init)
    MX_UART5_Init                            0x08004a8d   Thumb Code    48  usart.o(i.MX_UART5_Init)
    MX_USART1_UART_Init                      0x08004ac5   Thumb Code    48  usart.o(i.MX_USART1_UART_Init)
    MX_USART2_UART_Init                      0x08004afd   Thumb Code    46  usart.o(i.MX_USART2_UART_Init)
    MemManage_Handler                        0x08004b39   Thumb Code     2  stm32f4xx_it.o(i.MemManage_Handler)
    NMI_Handler                              0x08004b3b   Thumb Code     2  stm32f4xx_it.o(i.NMI_Handler)
    PWM_Init                                 0x08004b3d   Thumb Code    42  drv_tim.o(i.PWM_Init)
    RM3508_GetDataId                         0x08004b75   Thumb Code    10  rm_protocol.o(i.RM3508_GetDataId)
    RM3508_GetTxId                           0x08004b7f   Thumb Code    22  rm_protocol.o(i.RM3508_GetTxId)
    Set_accel                                0x08004b95   Thumb Code    84  bmi.o(i.Set_accel)
    Set_gyro                                 0x08004be9   Thumb Code    88  bmi.o(i.Set_gyro)
    StartControlTask                         0x08004c41   Thumb Code    28  control_task.o(i.StartControlTask)
    StartMonitorTask                         0x08004c65   Thumb Code   112  monitor_task.o(i.StartMonitorTask)
    StartSendTask                            0x08004ce9   Thumb Code    48  send_task.o(i.StartSendTask)
    StartSystemTask                          0x08004d25   Thumb Code   138  system_task.o(i.StartSystemTask)
    StartrpMonitorTask                       0x08004dc1   Thumb Code   132  rp_monitor.o(i.StartrpMonitorTask)
    SysTick_Handler                          0x08004e49   Thumb Code    38  port.o(i.SysTick_Handler)
    SystemClock_Config                       0x08004e75   Thumb Code   126  main.o(i.SystemClock_Config)
    SystemInit                               0x08004efd   Thumb Code    22  system_stm32f4xx.o(i.SystemInit)
    TIM2_IRQHandler                          0x08004f19   Thumb Code     6  stm32f4xx_it.o(i.TIM2_IRQHandler)
    TIM_Base_SetConfig                       0x08004f25   Thumb Code   156  stm32f4xx_hal_tim.o(i.TIM_Base_SetConfig)
    TIM_CCxChannelCmd                        0x08004fed   Thumb Code    26  stm32f4xx_hal_tim.o(i.TIM_CCxChannelCmd)
    TIM_ETR_SetConfig                        0x08005007   Thumb Code    20  stm32f4xx_hal_tim.o(i.TIM_ETR_SetConfig)
    TIM_OC2_SetConfig                        0x0800508d   Thumb Code    98  stm32f4xx_hal_tim.o(i.TIM_OC2_SetConfig)
    UART4_IRQHandler                         0x080051f9   Thumb Code    18  stm32f4xx_it.o(i.UART4_IRQHandler)
    UART5_IRQHandler                         0x08005211   Thumb Code    18  stm32f4xx_it.o(i.UART5_IRQHandler)
    USART1_IRQHandler                        0x0800557d   Thumb Code    18  stm32f4xx_it.o(i.USART1_IRQHandler)
    USART1_Init                              0x08005595   Thumb Code    46  drv_uart.o(i.USART1_Init)
    USART1_rxDataHandler                     0x080055cd   Thumb Code     4  rp_monitor.o(i.USART1_rxDataHandler)
    USART2_IRQHandler                        0x080055d1   Thumb Code    18  stm32f4xx_it.o(i.USART2_IRQHandler)
    USART2_Init                              0x080055e9   Thumb Code    52  drv_uart.o(i.USART2_Init)
    USART2_rxDataHandler                     0x08005625   Thumb Code    22  rc_protocol.o(i.USART2_rxDataHandler)
    USART4_Init                              0x08005641   Thumb Code    46  drv_uart.o(i.USART4_Init)
    USART4_rxDataHandler                     0x08005679   Thumb Code     2  drv_uart.o(i.USART4_rxDataHandler)
    USART5_Init                              0x0800567d   Thumb Code    46  drv_uart.o(i.USART5_Init)
    USART5_rxDataHandler                     0x080056b5   Thumb Code     2  drv_uart.o(i.USART5_rxDataHandler)
    USART_AddMsg                             0x080056b7   Thumb Code    50  drv_uart.o(i.USART_AddMsg)
    USART_StartTx                            0x080056e9   Thumb Code    82  drv_uart.o(i.USART_StartTx)
    USART_StartTxDma                         0x0800574d   Thumb Code    78  drv_uart.o(i.USART_StartTxDma)
    UsageFault_Handler                       0x080057ad   Thumb Code     2  stm32f4xx_it.o(i.UsageFault_Handler)
    __ARM_fpclassify                         0x080057af   Thumb Code    48  fpclassify.o(i.__ARM_fpclassify)
    __hardfp_asin                            0x08005801   Thumb Code   770  asin.o(i.__hardfp_asin)
    __hardfp_atan                            0x08005b61   Thumb Code   622  atan.o(i.__hardfp_atan)
    __hardfp_atan2                           0x08005e39   Thumb Code   432  atan2.o(i.__hardfp_atan2)
    __kernel_poly                            0x08006029   Thumb Code   248  poly.o(i.__kernel_poly)
    __mathlib_dbl_infnan                     0x08006121   Thumb Code    20  dunder.o(i.__mathlib_dbl_infnan)
    __mathlib_dbl_infnan2                    0x08006135   Thumb Code    20  dunder.o(i.__mathlib_dbl_infnan2)
    __mathlib_dbl_invalid                    0x08006149   Thumb Code    24  dunder.o(i.__mathlib_dbl_invalid)
    __mathlib_dbl_underflow                  0x08006169   Thumb Code    24  dunder.o(i.__mathlib_dbl_underflow)
    __scatterload_copy                       0x08006189   Thumb Code    14  handlers.o(i.__scatterload_copy)
    __scatterload_null                       0x08006197   Thumb Code     2  handlers.o(i.__scatterload_null)
    __scatterload_zeroinit                   0x08006199   Thumb Code    14  handlers.o(i.__scatterload_zeroinit)
    __set_errno                              0x080061a9   Thumb Code     6  errno.o(i.__set_errno)
    atan                                     0x080061b5   Thumb Code    16  atan.o(i.atan)
    bmi270_init                              0x080061c5   Thumb Code   110  bmi270.o(i.bmi270_init)
    bmi2_error_codes_print_result            0x0800623d   Thumb Code     2  bmi2_common.o(i.bmi2_error_codes_print_result)
    bmi2_extract_input_feat_config           0x0800623f   Thumb Code    54  bmi2.o(i.bmi2_extract_input_feat_config)
    bmi2_get_feat_config                     0x08006275   Thumb Code   160  bmi2.o(i.bmi2_get_feat_config)
    bmi2_get_gyro_cross_sense                0x08006315   Thumb Code    60  bmi2.o(i.bmi2_get_gyro_cross_sense)
    bmi2_get_internal_status                 0x08006351   Thumb Code    48  bmi2.o(i.bmi2_get_internal_status)
    bmi2_get_regs                            0x08006381   Thumb Code   146  bmi2.o(i.bmi2_get_regs)
    bmi2_get_sensor_config                   0x08006415   Thumb Code   570  bmi2.o(i.bmi2_get_sensor_config)
    bmi2_get_sensor_data                     0x0800664f   Thumb Code   734  bmi2.o(i.bmi2_get_sensor_data)
    bmi2_get_status                          0x0800692d   Thumb Code    38  bmi2.o(i.bmi2_get_status)
    bmi2_interface_selection                 0x08006955   Thumb Code    48  bmi2_common.o(i.bmi2_interface_selection)
    bmi2_map_data_int                        0x08006995   Thumb Code   118  bmi2.o(i.bmi2_map_data_int)
    bmi2_sec_init                            0x08006a0d   Thumb Code    96  bmi2.o(i.bmi2_sec_init)
    bmi2_sensor_enable                       0x08006a71   Thumb Code    56  bmi2.o(i.bmi2_sensor_enable)
    bmi2_set_adv_power_save                  0x08006aa9   Thumb Code    98  bmi2.o(i.bmi2_set_adv_power_save)
    bmi2_set_regs                            0x08006b0d   Thumb Code   156  bmi2.o(i.bmi2_set_regs)
    bmi2_set_sensor_config                   0x08006ba9   Thumb Code   486  bmi2.o(i.bmi2_set_sensor_config)
    bmi2_soft_reset                          0x08006d8f   Thumb Code    96  bmi2.o(i.bmi2_soft_reset)
    bmi2_write_config_file                   0x08006def   Thumb Code    86  bmi2.o(i.bmi2_write_config_file)
    delay_us                                 0x0800707d   Thumb Code    24  drv_haltick.o(i.delay_us)
    fabs                                     0x08007153   Thumb Code    24  fabs.o(i.fabs)
    free                                     0x0800716d   Thumb Code    76  malloc.o(i.free)
    imu_sensor_init                          0x0800810d   Thumb Code   156  imu_protocol.o(i.imu_sensor_init)
    imu_sensor_update                        0x080081ad   Thumb Code    86  imu_protocol.o(i.imu_sensor_update)
    inVSqrt                                  0x08008209   Thumb Code    40  bmi.o(i.inVSqrt)
    main                                     0x08008291   Thumb Code    74  main.o(i.main)
    malloc                                   0x080082e9   Thumb Code    92  malloc.o(i.malloc)
    micros                                   0x08008355   Thumb Code    30  drv_haltick.o(i.micros)
    osDelay                                  0x08008395   Thumb Code    14  cmsis_os.o(i.osDelay)
    osKernelStart                            0x080083a3   Thumb Code    10  cmsis_os.o(i.osKernelStart)
    osThreadCreate                           0x080083ad   Thumb Code    84  cmsis_os.o(i.osThreadCreate)
    pid_val_init                             0x08008401   Thumb Code    34  pid.o(i.pid_val_init)
    pvPortMalloc                             0x08008775   Thumb Code   216  heap_4.o(i.pvPortMalloc)
    pxPortInitialiseStack                    0x08008851   Thumb Code    40  port.o(i.pxPortInitialiseStack)
    rc_init                                  0x080088e5   Thumb Code     6  rc.o(i.rc_init)
    rc_reset                                 0x080088f1   Thumb Code   276  rc.o(i.rc_reset)
    rc_sensor_update                         0x08008b99   Thumb Code   136  rc_protocol.o(i.rc_sensor_update)
    rc_update                                0x08008c21   Thumb Code   372  rc.o(i.rc_update)
    single_pid_ctrl                          0x0800b06d   Thumb Code   150  pid.o(i.single_pid_ctrl)
    sqrt                                     0x0800b103   Thumb Code   110  sqrt.o(i.sqrt)
    user_delay_us                            0x0800b279   Thumb Code     4  bmi2_common.o(i.user_delay_us)
    user_i2c_reg_read                        0x0800b27d   Thumb Code    36  bmi2_common.o(i.user_i2c_reg_read)
    user_i2c_reg_write                       0x0800b2a1   Thumb Code    70  bmi2_common.o(i.user_i2c_reg_write)
    uxListRemove                             0x0800b2ed   Thumb Code    38  list.o(i.uxListRemove)
    vApplicationGetIdleTaskMemory            0x0800b315   Thumb Code    16  freertos.o(i.vApplicationGetIdleTaskMemory)
    vListInitialise                          0x0800b329   Thumb Code    22  list.o(i.vListInitialise)
    vListInitialiseItem                      0x0800b33f   Thumb Code     6  list.o(i.vListInitialiseItem)
    vListInsert                              0x0800b345   Thumb Code    48  list.o(i.vListInsert)
    vListInsertEnd                           0x0800b375   Thumb Code    24  list.o(i.vListInsertEnd)
    vPortEnterCritical                       0x0800b38d   Thumb Code    54  port.o(i.vPortEnterCritical)
    vPortExitCritical                        0x0800b3cd   Thumb Code    34  port.o(i.vPortExitCritical)
    vPortFree                                0x0800b3f5   Thumb Code    94  heap_4.o(i.vPortFree)
    vPortSetupTimerInterrupt                 0x0800b459   Thumb Code    32  port.o(i.vPortSetupTimerInterrupt)
    vTaskDelay                               0x0800b47d   Thumb Code    66  tasks.o(i.vTaskDelay)
    vTaskStartScheduler                      0x0800b4c9   Thumb Code    90  tasks.o(i.vTaskStartScheduler)
    vTaskSuspendAll                          0x0800b535   Thumb Code    10  tasks.o(i.vTaskSuspendAll)
    vTaskSwitchContext                       0x0800b545   Thumb Code    82  tasks.o(i.vTaskSwitchContext)
    xPortStartScheduler                      0x0800b685   Thumb Code   222  port.o(i.xPortStartScheduler)
    xTaskCreate                              0x0800b779   Thumb Code    90  tasks.o(i.xTaskCreate)
    xTaskCreateStatic                        0x0800b7d3   Thumb Code    86  tasks.o(i.xTaskCreateStatic)
    xTaskGenericNotify                       0x0800b829   Thumb Code   212  tasks.o(i.xTaskGenericNotify)
    xTaskIncrementTick                       0x0800b909   Thumb Code   194  tasks.o(i.xTaskIncrementTick)
    xTaskNotifyWait                          0x0800b9d5   Thumb Code   130  tasks.o(i.xTaskNotifyWait)
    xTaskResumeAll                           0x0800ba61   Thumb Code   182  tasks.o(i.xTaskResumeAll)
    bmi270_config_file                       0x0800bb2a   Data        8192  bmi270.o(.constdata)
    bmi270_feat_in                           0x0800db2a   Data          48  bmi270.o(.constdata)
    bmi270_feat_out                          0x0800db5a   Data          21  bmi270.o(.constdata)
    AHBPrescTable                            0x0800dbfc   Data          16  system_stm32f4xx.o(.constdata)
    APBPrescTable                            0x0800dc0c   Data           8  system_stm32f4xx.o(.constdata)
    __mathlib_zero                           0x0800dd08   Data           8  qnan.o(.constdata)
    Region$$Table$$Base                      0x0800dd50   Number         0  anon$$obj.o(Region$$Table)
    Region$$Table$$Limit                     0x0800dd70   Number         0  anon$$obj.o(Region$$Table)
    hcan1Mailbox                             0x20000000   Data          36  drv_can.o(.data)
    hcan2Mailbox                             0x20000024   Data          36  drv_can.o(.data)
    HalTick                                  0x20000048   Data           4  drv_haltick.o(.data)
    Kp                                       0x2000004c   Data           4  bmi.o(.data)
    Ki                                       0x20000050   Data           4  bmi.o(.data)
    halfT                                    0x20000054   Data           4  bmi.o(.data)
    q0                                       0x20000058   Data           4  bmi.o(.data)
    q1                                       0x2000005c   Data           4  bmi.o(.data)
    q2                                       0x20000060   Data           4  bmi.o(.data)
    q3                                       0x20000064   Data           4  bmi.o(.data)
    norm                                     0x20000068   Data           4  bmi.o(.data)
    vx                                       0x2000006c   Data           4  bmi.o(.data)
    vy                                       0x20000070   Data           4  bmi.o(.data)
    vz                                       0x20000074   Data           4  bmi.o(.data)
    ex                                       0x20000078   Data           4  bmi.o(.data)
    ey                                       0x2000007c   Data           4  bmi.o(.data)
    ez                                       0x20000080   Data           4  bmi.o(.data)
    gx                                       0x20000084   Data           4  bmi.o(.data)
    gy                                       0x20000088   Data           4  bmi.o(.data)
    gz                                       0x2000008c   Data           4  bmi.o(.data)
    ax                                       0x20000090   Data           4  bmi.o(.data)
    ay                                       0x20000094   Data           4  bmi.o(.data)
    az                                       0x20000098   Data           4  bmi.o(.data)
    exInt                                    0x2000009c   Data           4  bmi.o(.data)
    eyInt                                    0x200000a0   Data           4  bmi.o(.data)
    ezInt                                    0x200000a4   Data           4  bmi.o(.data)
    q0temp                                   0x200000a8   Data           4  bmi.o(.data)
    q1temp                                   0x200000ac   Data           4  bmi.o(.data)
    q2temp                                   0x200000b0   Data           4  bmi.o(.data)
    q3temp                                   0x200000b4   Data           4  bmi.o(.data)
    MPU_ADDR                                 0x200000b8   Data           1  bmi2_common.o(.data)
    rc_sensor_info                           0x200000ba   Data          26  rc_sensor.o(.data)
    rc_sensor                                0x200000d4   Data          36  rc_sensor.o(.data)
    imu_sensor_driver                        0x200000f8   Data           2  imu_sensor.o(.data)
    imu_sensor_info                          0x200000fc   Data          32  imu_sensor.o(.data)
    imu_sensor                               0x2000011c   Data          28  imu_sensor.o(.data)
    chassis_motor_driver                     0x20000138   Data         208  chassis_motor.o(.data)
    chassis_motor_info                       0x20000208   Data          80  chassis_motor.o(.data)
    chassis_motor                            0x20000258   Data         112  chassis_motor.o(.data)
    dev_list                                 0x200002c8   Data          24  device.o(.data)
    chas_info                                0x200002e0   Data           2  chassis.o(.data)
    chas_motor_pid                           0x200002e4   Data         464  chassis.o(.data)
    chas_dev                                 0x200004b4   Data          24  chassis.o(.data)
    chas_ctrl                                0x200004cc   Data           4  chassis.o(.data)
    chassis                                  0x200004d0   Data          40  chassis.o(.data)
    rc                                       0x200004f8   Data          60  rc.o(.data)
    flag                                     0x20000535   Data           2  system_task.o(.data)
    sys                                      0x20000537   Data           3  system_task.o(.data)
    send_control_time                        0x20000540   Data           4  monitor_task.o(.data)
    event                                    0x20000544   Data           4  monitor_task.o(.data)
    SendFlag                                 0x20000548   Data           4  send_task.o(.data)
    rpm_drv                                  0x20000558   Data          28  rp_monitor.o(.data)
    rpMonitor                                0x20000574   Data         168  rp_monitor.o(.data)
    gyrox                                    0x2000061c   Data           2  imu_protocol.o(.data)
    gyroy                                    0x2000061e   Data           2  imu_protocol.o(.data)
    gyroz                                    0x20000620   Data           2  imu_protocol.o(.data)
    accx                                     0x20000622   Data           2  imu_protocol.o(.data)
    accy                                     0x20000624   Data           2  imu_protocol.o(.data)
    accz                                     0x20000626   Data           2  imu_protocol.o(.data)
    rpMonitorTaskHandle                      0x20000628   Data           4  freertos.o(.data)
    MonitorTaskHandle                        0x2000062c   Data           4  freertos.o(.data)
    ControlTaskHandle                        0x20000630   Data           4  freertos.o(.data)
    SystemTaskHandle                         0x20000634   Data           4  freertos.o(.data)
    SendTaskHandle                           0x20000638   Data           4  freertos.o(.data)
    SystemCoreClock                          0x20000640   Data           4  system_stm32f4xx.o(.data)
    uwTickFreq                               0x20000644   Data           1  stm32f4xx_hal.o(.data)
    uwTickPrio                               0x20000648   Data           4  stm32f4xx_hal.o(.data)
    uwTick                                   0x2000064c   Data           4  stm32f4xx_hal.o(.data)
    pxCurrentTCB                             0x20000650   Data           4  tasks.o(.data)
    __microlib_freelist                      0x200006b8   Data           4  mvars.o(.data)
    __microlib_freelist_initialised          0x200006bc   Data           4  mvars.o(.data)
    hcan1RxFrame                             0x200006c4   Data          36  drv_can.o(.bss)
    hcan2RxFrame                             0x200006e8   Data          36  drv_can.o(.bss)
    usart1_dma_rxbuf                         0x2000070c   Data         100  drv_uart.o(.bss)
    usart2_dma_rxbuf                         0x20000770   Data          48  drv_uart.o(.bss)
    usart4_dma_rxbuf                         0x200007a0   Data         100  drv_uart.o(.bss)
    usart5_dma_rxbuf                         0x20000804   Data         200  drv_uart.o(.bss)
    bmi2_dev                                 0x200008d0   Data         104  bmi.o(.bss)
    chas_drv                                 0x20000938   Data          16  chassis.o(.bss)
    chas_motor                               0x20000948   Data          16  chassis.o(.bss)
    chas_motor_info                          0x20000958   Data          16  chassis.o(.bss)
    rc_info                                  0x20000968   Data         260  rc.o(.bss)
    hadc1                                    0x20000d98   Data          72  adc.o(.bss)
    hcan1                                    0x20000de0   Data          40  can.o(.bss)
    hcan2                                    0x20000e08   Data          40  can.o(.bss)
    hdac                                     0x20000e30   Data          20  dac.o(.bss)
    htim1                                    0x20000e44   Data          72  tim.o(.bss)
    htim3                                    0x20000e8c   Data          72  tim.o(.bss)
    huart4                                   0x20000ed4   Data          68  usart.o(.bss)
    huart5                                   0x20000f18   Data          68  usart.o(.bss)
    huart1                                   0x20000f5c   Data          68  usart.o(.bss)
    huart2                                   0x20000fa0   Data          68  usart.o(.bss)
    hdma_uart4_rx                            0x20000fe4   Data          96  usart.o(.bss)
    hdma_uart5_rx                            0x20001044   Data          96  usart.o(.bss)
    hdma_usart1_rx                           0x200010a4   Data          96  usart.o(.bss)
    hdma_usart1_tx                           0x20001104   Data          96  usart.o(.bss)
    hdma_usart2_rx                           0x20001164   Data          96  usart.o(.bss)
    htim2                                    0x200011c4   Data          72  stm32f4xx_hal_timebase_tim.o(.bss)
    pFlash                                   0x2000120c   Data          32  stm32f4xx_hal_flash.o(.bss)
    __heap_base                              0x20004f20   Data           0  startup_stm32f407xx.o(HEAP)
    __heap_limit                             0x20005120   Data           0  startup_stm32f407xx.o(HEAP)
    __initial_sp                             0x20005520   Data           0  startup_stm32f407xx.o(STACK)



==============================================================================

Memory Map of the image

  Image Entry point : 0x08000189

  Load Region LR_IROM1 (Base: 0x08000000, Size: 0x0000e434, Max: 0x00080000, ABSOLUTE, COMPRESSED[0x0000def0])

    Execution Region ER_IROM1 (Exec base: 0x08000000, Load base: 0x08000000, Size: 0x0000dd70, Max: 0x00080000, ABSOLUTE)

    Exec Addr    Load Addr    Size         Type   Attr      Idx    E Section Name        Object

    0x08000000   0x08000000   0x00000188   Data   RO            3    RESET               startup_stm32f407xx.o
    0x08000188   0x08000188   0x00000000   Code   RO         8466  * .ARM.Collect$$$$00000000  mc_w.l(entry.o)
    0x08000188   0x08000188   0x00000004   Code   RO         8564    .ARM.Collect$$$$00000001  mc_w.l(entry2.o)
    0x0800018c   0x0800018c   0x00000004   Code   RO         8567    .ARM.Collect$$$$00000004  mc_w.l(entry5.o)
    0x08000190   0x08000190   0x00000000   Code   RO         8569    .ARM.Collect$$$$00000008  mc_w.l(entry7b.o)
    0x08000190   0x08000190   0x00000000   Code   RO         8571    .ARM.Collect$$$$0000000A  mc_w.l(entry8b.o)
    0x08000190   0x08000190   0x00000008   Code   RO         8572    .ARM.Collect$$$$0000000B  mc_w.l(entry9a.o)
    0x08000198   0x08000198   0x00000000   Code   RO         8574    .ARM.Collect$$$$0000000D  mc_w.l(entry10a.o)
    0x08000198   0x08000198   0x00000000   Code   RO         8576    .ARM.Collect$$$$0000000F  mc_w.l(entry11a.o)
    0x08000198   0x08000198   0x00000004   Code   RO         8565    .ARM.Collect$$$$00002712  mc_w.l(entry2.o)
    0x0800019c   0x0800019c   0x000000be   Code   RO         8363    .emb_text           port.o
    0x0800025a   0x0800025a   0x00000002   PAD
    0x0800025c   0x0800025c   0x00000024   Code   RO            4    .text               startup_stm32f407xx.o
    0x08000280   0x08000280   0x00000062   Code   RO         8469    .text               mc_w.l(uldiv.o)
    0x080002e2   0x080002e2   0x00000024   Code   RO         8471    .text               mc_w.l(memcpya.o)
    0x08000306   0x08000306   0x00000024   Code   RO         8475    .text               mc_w.l(memseta.o)
    0x0800032a   0x0800032a   0x000000e4   Code   RO         8507    .text               mf_w.l(dmul.o)
    0x0800040e   0x0800040e   0x00000026   Code   RO         8509    .text               mf_w.l(f2d.o)
    0x08000434   0x08000434   0x00000038   Code   RO         8511    .text               mf_w.l(d2f.o)
    0x0800046c   0x0800046c   0x0000001e   Code   RO         8578    .text               mc_w.l(llshl.o)
    0x0800048a   0x0800048a   0x00000020   Code   RO         8580    .text               mc_w.l(llushr.o)
    0x080004aa   0x080004aa   0x00000000   Code   RO         8591    .text               mc_w.l(iusefp.o)
    0x080004aa   0x080004aa   0x0000006e   Code   RO         8592    .text               mf_w.l(fepilogue.o)
    0x08000518   0x08000518   0x000000ba   Code   RO         8594    .text               mf_w.l(depilogue.o)
    0x080005d2   0x080005d2   0x0000014e   Code   RO         8596    .text               mf_w.l(dadd.o)
    0x08000720   0x08000720   0x000000de   Code   RO         8598    .text               mf_w.l(ddiv.o)
    0x080007fe   0x080007fe   0x00000002   PAD
    0x08000800   0x08000800   0x00000024   Code   RO         8602    .text               mc_w.l(init.o)
    0x08000824   0x08000824   0x00000024   Code   RO         8604    .text               mc_w.l(llsshr.o)
    0x08000848   0x08000848   0x000000a2   Code   RO         8606    .text               mf_w.l(dsqrt.o)
    0x080008ea   0x080008ea   0x00000056   Code   RO         8618    .text               mc_w.l(__dczerorl2.o)
    0x08000940   0x08000940   0x00000002   Code   RO          494    i.ADC_Init          drv_adda.o
    0x08000942   0x08000942   0x00000002   PAD
    0x08000944   0x08000944   0x00000128   Code   RO         3938    i.ADC_Init          stm32f4xx_hal_adc.o
    0x08000a6c   0x08000a6c   0x0000045c   Code   RO          676    i.BMI_Get_EulerAngle  bmi.o
    0x08000ec8   0x08000ec8   0x0000004e   Code   RO          677    i.BMI_Get_GRO       bmi.o
    0x08000f16   0x08000f16   0x00000048   Code   RO          678    i.BMI_Get_RawData   bmi.o
    0x08000f5e   0x08000f5e   0x00000002   PAD
    0x08000f60   0x08000f60   0x0000006c   Code   RO          679    i.BMI_Init          bmi.o
    0x08000fcc   0x08000fcc   0x00000002   Code   RO         3554    i.BusFault_Handler  stm32f4xx_it.o
    0x08000fce   0x08000fce   0x00000002   PAD
    0x08000fd0   0x08000fd0   0x00000028   Code   RO          149    i.CAN1_Init         drv_can.o
    0x08000ff8   0x08000ff8   0x0000000c   Code   RO         3555    i.CAN1_RX0_IRQHandler  stm32f4xx_it.o
    0x08001004   0x08001004   0x00000064   Code   RO         2934    i.CAN1_rxDataHandler  can_protocol.o
    0x08001068   0x08001068   0x00000028   Code   RO          151    i.CAN2_Init         drv_can.o
    0x08001090   0x08001090   0x0000000c   Code   RO         3556    i.CAN2_RX0_IRQHandler  stm32f4xx_it.o
    0x0800109c   0x0800109c   0x00000002   Code   RO         2935    i.CAN2_rxDataHandler  can_protocol.o
    0x0800109e   0x0800109e   0x00000006   Code   RO         3012    i.CAN_01_GetMotorAngle  rm_protocol.o
    0x080010a4   0x080010a4   0x00000008   Code   RO         3013    i.CAN_23_GetMotorSpeed  rm_protocol.o
    0x080010ac   0x080010ac   0x00000008   Code   RO         3015    i.CAN_45_GetMotorCurrent  rm_protocol.o
    0x080010b4   0x080010b4   0x00000004   Code   RO         3017    i.CAN_6_GetMotorTemperature  rm_protocol.o
    0x080010b8   0x080010b8   0x0000000c   Code   RO         2936    i.CAN_AddByte       can_protocol.o
    0x080010c4   0x080010c4   0x00000016   Code   RO         2937    i.CAN_AddHalfWord   can_protocol.o
    0x080010da   0x080010da   0x00000004   Code   RO         2938    i.CAN_AddMsg        can_protocol.o
    0x080010de   0x080010de   0x00000002   PAD
    0x080010e0   0x080010e0   0x00000070   Code   RO          153    i.CAN_AddMsgByDriver  drv_can.o
    0x08001150   0x08001150   0x00000022   Code   RO         2939    i.CAN_AddWord       can_protocol.o
    0x08001172   0x08001172   0x00000002   PAD
    0x08001174   0x08001174   0x0000005a   Code   RO          154    i.CAN_AutoTx        drv_can.o
    0x080011ce   0x080011ce   0x000000aa   Code   RO          155    i.CAN_CreateTxPort  drv_can.o
    0x08001278   0x08001278   0x0000001a   Code   RO          156    i.CAN_Filter_ParamsInit  drv_can.o
    0x08001292   0x08001292   0x00000012   Code   RO          157    i.CAN_GetTxPort     drv_can.o
    0x080012a4   0x080012a4   0x00000004   Code   RO         2940    i.CAN_GetTxState    can_protocol.o
    0x080012a8   0x080012a8   0x0000003c   Code   RO          158    i.CAN_GetTxStateByDriver  drv_can.o
    0x080012e4   0x080012e4   0x00000068   Code   RO          159    i.CAN_MailboxReadyForTx  drv_can.o
    0x0800134c   0x0800134c   0x00000004   Code   RO         2941    i.CAN_ManualTx      can_protocol.o
    0x08001350   0x08001350   0x00000058   Code   RO          160    i.CAN_Rx_Callback   drv_can.o
    0x080013a8   0x080013a8   0x00000004   Code   RO         2942    i.CAN_SetTxMode     can_protocol.o
    0x080013ac   0x080013ac   0x0000003c   Code   RO          161    i.CAN_SetTxModeByDriver  drv_can.o
    0x080013e8   0x080013e8   0x00000004   Code   RO         2943    i.CAN_SetTxState    can_protocol.o
    0x080013ec   0x080013ec   0x0000003c   Code   RO          162    i.CAN_SetTxStateByDriver  drv_can.o
    0x08001428   0x08001428   0x00000050   Code   RO          163    i.CAN_StartTxByDriver  drv_can.o
    0x08001478   0x08001478   0x00000074   Code   RO          164    i.CAN_StartTxByTxPort  drv_can.o
    0x080014ec   0x080014ec   0x0000000e   Code   RO         2266    i.CHASSIS_Ctrl      chassis.o
    0x080014fa   0x080014fa   0x0000000e   Code   RO         2267    i.CHASSIS_GetInfo   chassis.o
    0x08001508   0x08001508   0x00000018   Code   RO         2269    i.CHASSIS_GetSysInfo  chassis.o
    0x08001520   0x08001520   0x00000048   Code   RO         2270    i.CHASSIS_Init      chassis.o
    0x08001568   0x08001568   0x00000078   Code   RO         2272    i.CHASSIS_PidCtrl   chassis.o
    0x080015e0   0x080015e0   0x00000040   Code   RO         2273    i.CHASSIS_PidParamsInit  chassis.o
    0x08001620   0x08001620   0x00000058   Code   RO         2275    i.CHASSIS_SelfProtect  chassis.o
    0x08001678   0x08001678   0x0000002a   Code   RO         2276    i.CHASSIS_Speed_PidCalc  chassis.o
    0x080016a2   0x080016a2   0x00000002   Code   RO         2277    i.CHASSIS_Test      chassis.o
    0x080016a4   0x080016a4   0x00000058   Code   RO         2278    i.CHASSIS_UpdateController  chassis.o
    0x080016fc   0x080016fc   0x0000000c   Code   RO          495    i.DAC_Init          drv_adda.o
    0x08001708   0x08001708   0x00000030   Code   RO         2224    i.DEV_Init          device.o
    0x08001738   0x08001738   0x0000000c   Code   RO         3557    i.DMA1_Stream0_IRQHandler  stm32f4xx_it.o
    0x08001744   0x08001744   0x0000000c   Code   RO         3558    i.DMA1_Stream2_IRQHandler  stm32f4xx_it.o
    0x08001750   0x08001750   0x0000000c   Code   RO         3559    i.DMA1_Stream5_IRQHandler  stm32f4xx_it.o
    0x0800175c   0x0800175c   0x0000000c   Code   RO         3560    i.DMA2_Stream2_IRQHandler  stm32f4xx_it.o
    0x08001768   0x08001768   0x0000000c   Code   RO         3561    i.DMA2_Stream7_IRQHandler  stm32f4xx_it.o
    0x08001774   0x08001774   0x00000244   Code   RO          368    i.DMAEx_MultiBufferStart_NoIT  drv_uart.o
    0x080019b8   0x080019b8   0x00000028   Code   RO         4672    i.DMA_CalcBaseAndBitshift  stm32f4xx_hal_dma.o
    0x080019e0   0x080019e0   0x00000054   Code   RO         4673    i.DMA_CheckFifoParam  stm32f4xx_hal_dma.o
    0x08001a34   0x08001a34   0x00000028   Code   RO         4674    i.DMA_SetConfig     stm32f4xx_hal_dma.o
    0x08001a5c   0x08001a5c   0x00000062   Code   RO          369    i.DMA_Start         drv_uart.o
    0x08001abe   0x08001abe   0x0000002a   Code   RO          580    i.DRIVER_Init       driver.o
    0x08001ae8   0x08001ae8   0x00000014   Code   RO          370    i.DRV_UART_IRQHandler  drv_uart.o
    0x08001afc   0x08001afc   0x00000022   Code   RO         2813    i.DeathZoom         rp_math.o
    0x08001b1e   0x08001b1e   0x00000002   Code   RO         3562    i.DebugMon_Handler  stm32f4xx_it.o
    0x08001b20   0x08001b20   0x00000002   Code   RO         3141    i.Error_Handler     main.o
    0x08001b22   0x08001b22   0x00000002   PAD
    0x08001b24   0x08001b24   0x00000020   Code   RO         4369    i.FLASH_Program_Byte  stm32f4xx_hal_flash.o
    0x08001b44   0x08001b44   0x0000002c   Code   RO         4370    i.FLASH_Program_DoubleWord  stm32f4xx_hal_flash.o
    0x08001b70   0x08001b70   0x00000024   Code   RO         4371    i.FLASH_Program_HalfWord  stm32f4xx_hal_flash.o
    0x08001b94   0x08001b94   0x00000024   Code   RO         4372    i.FLASH_Program_Word  stm32f4xx_hal_flash.o
    0x08001bb8   0x08001bb8   0x00000068   Code   RO         4373    i.FLASH_SetErrorCode  stm32f4xx_hal_flash.o
    0x08001c20   0x08001c20   0x00000050   Code   RO         4374    i.FLASH_WaitForLastOperation  stm32f4xx_hal_flash.o
    0x08001c70   0x08001c70   0x00000018   Code   RO          331    i.FRICTION_PwmOut   drv_tim.o
    0x08001c88   0x08001c88   0x0000014c   Code   RO         3940    i.HAL_ADC_ConfigChannel  stm32f4xx_hal_adc.o
    0x08001dd4   0x08001dd4   0x00000054   Code   RO         3949    i.HAL_ADC_Init      stm32f4xx_hal_adc.o
    0x08001e28   0x08001e28   0x00000060   Code   RO         3284    i.HAL_ADC_MspInit   adc.o
    0x08001e88   0x08001e88   0x00000024   Code   RO         5346    i.HAL_CAN_ActivateNotification  stm32f4xx_hal_can.o
    0x08001eac   0x08001eac   0x000000c8   Code   RO         5347    i.HAL_CAN_AddTxMessage  stm32f4xx_hal_can.o
    0x08001f74   0x08001f74   0x0000010c   Code   RO         5348    i.HAL_CAN_ConfigFilter  stm32f4xx_hal_can.o
    0x08002080   0x08002080   0x00000002   Code   RO         5351    i.HAL_CAN_ErrorCallback  stm32f4xx_hal_can.o
    0x08002082   0x08002082   0x000000e8   Code   RO         5354    i.HAL_CAN_GetRxMessage  stm32f4xx_hal_can.o
    0x0800216a   0x0800216a   0x000001fc   Code   RO         5358    i.HAL_CAN_IRQHandler  stm32f4xx_hal_can.o
    0x08002366   0x08002366   0x0000011a   Code   RO         5359    i.HAL_CAN_Init      stm32f4xx_hal_can.o
    0x08002480   0x08002480   0x000000fc   Code   RO         3326    i.HAL_CAN_MspInit   can.o
    0x0800257c   0x0800257c   0x00000002   Code   RO         5366    i.HAL_CAN_RxFifo0FullCallback  stm32f4xx_hal_can.o
    0x0800257e   0x0800257e   0x00000002   PAD
    0x08002580   0x08002580   0x0000001c   Code   RO          165    i.HAL_CAN_RxFifo0MsgPendingCallback  drv_can.o
    0x0800259c   0x0800259c   0x00000002   Code   RO         5368    i.HAL_CAN_RxFifo1FullCallback  stm32f4xx_hal_can.o
    0x0800259e   0x0800259e   0x00000002   Code   RO         5369    i.HAL_CAN_RxFifo1MsgPendingCallback  stm32f4xx_hal_can.o
    0x080025a0   0x080025a0   0x00000002   Code   RO         5370    i.HAL_CAN_SleepCallback  stm32f4xx_hal_can.o
    0x080025a2   0x080025a2   0x00000002   PAD
    0x080025a4   0x080025a4   0x00000058   Code   RO         5371    i.HAL_CAN_Start     stm32f4xx_hal_can.o
    0x080025fc   0x080025fc   0x00000002   Code   RO         5373    i.HAL_CAN_TxMailbox0AbortCallback  stm32f4xx_hal_can.o
    0x080025fe   0x080025fe   0x00000002   Code   RO         5374    i.HAL_CAN_TxMailbox0CompleteCallback  stm32f4xx_hal_can.o
    0x08002600   0x08002600   0x00000002   Code   RO         5375    i.HAL_CAN_TxMailbox1AbortCallback  stm32f4xx_hal_can.o
    0x08002602   0x08002602   0x00000002   Code   RO         5376    i.HAL_CAN_TxMailbox1CompleteCallback  stm32f4xx_hal_can.o
    0x08002604   0x08002604   0x00000002   Code   RO         5377    i.HAL_CAN_TxMailbox2AbortCallback  stm32f4xx_hal_can.o
    0x08002606   0x08002606   0x00000002   Code   RO         5378    i.HAL_CAN_TxMailbox2CompleteCallback  stm32f4xx_hal_can.o
    0x08002608   0x08002608   0x00000002   Code   RO         5380    i.HAL_CAN_WakeUpFromRxMsgCallback  stm32f4xx_hal_can.o
    0x0800260a   0x0800260a   0x00000046   Code   RO         5582    i.HAL_DAC_ConfigChannel  stm32f4xx_hal_dac.o
    0x08002650   0x08002650   0x00000028   Code   RO         5592    i.HAL_DAC_Init      stm32f4xx_hal_dac.o
    0x08002678   0x08002678   0x00000060   Code   RO         3375    i.HAL_DAC_MspInit   dac.o
    0x080026d8   0x080026d8   0x0000005c   Code   RO         5596    i.HAL_DAC_Start     stm32f4xx_hal_dac.o
    0x08002734   0x08002734   0x00000092   Code   RO         4675    i.HAL_DMA_Abort     stm32f4xx_hal_dma.o
    0x080027c6   0x080027c6   0x00000024   Code   RO         4676    i.HAL_DMA_Abort_IT  stm32f4xx_hal_dma.o
    0x080027ea   0x080027ea   0x00000002   PAD
    0x080027ec   0x080027ec   0x000001a0   Code   RO         4680    i.HAL_DMA_IRQHandler  stm32f4xx_hal_dma.o
    0x0800298c   0x0800298c   0x000000d4   Code   RO         4681    i.HAL_DMA_Init      stm32f4xx_hal_dma.o
    0x08002a60   0x08002a60   0x0000006e   Code   RO         4685    i.HAL_DMA_Start_IT  stm32f4xx_hal_dma.o
    0x08002ace   0x08002ace   0x00000002   PAD
    0x08002ad0   0x08002ad0   0x00000014   Code   RO         4378    i.HAL_FLASH_Lock    stm32f4xx_hal_flash.o
    0x08002ae4   0x08002ae4   0x0000007c   Code   RO         4383    i.HAL_FLASH_Program  stm32f4xx_hal_flash.o
    0x08002b60   0x08002b60   0x0000002c   Code   RO         4385    i.HAL_FLASH_Unlock  stm32f4xx_hal_flash.o
    0x08002b8c   0x08002b8c   0x000001f0   Code   RO         4568    i.HAL_GPIO_Init     stm32f4xx_hal_gpio.o
    0x08002d7c   0x08002d7c   0x00000010   Code   RO         4571    i.HAL_GPIO_TogglePin  stm32f4xx_hal_gpio.o
    0x08002d8c   0x08002d8c   0x0000000a   Code   RO         4572    i.HAL_GPIO_WritePin  stm32f4xx_hal_gpio.o
    0x08002d96   0x08002d96   0x00000002   PAD
    0x08002d98   0x08002d98   0x0000000c   Code   RO         5100    i.HAL_GetTick       stm32f4xx_hal.o
    0x08002da4   0x08002da4   0x00000034   Code   RO          533    i.HAL_IncTick       drv_haltick.o
    0x08002dd8   0x08002dd8   0x00000034   Code   RO         5107    i.HAL_Init          stm32f4xx_hal.o
    0x08002e0c   0x08002e0c   0x00000074   Code   RO         3708    i.HAL_InitTick      stm32f4xx_hal_timebase_tim.o
    0x08002e80   0x08002e80   0x00000038   Code   RO         3684    i.HAL_MspInit       stm32f4xx_hal_msp.o
    0x08002eb8   0x08002eb8   0x0000001a   Code   RO         4957    i.HAL_NVIC_EnableIRQ  stm32f4xx_hal_cortex.o
    0x08002ed2   0x08002ed2   0x00000002   PAD
    0x08002ed4   0x08002ed4   0x00000040   Code   RO         4963    i.HAL_NVIC_SetPriority  stm32f4xx_hal_cortex.o
    0x08002f14   0x08002f14   0x00000024   Code   RO         4964    i.HAL_NVIC_SetPriorityGrouping  stm32f4xx_hal_cortex.o
    0x08002f38   0x08002f38   0x00000134   Code   RO         4214    i.HAL_RCC_ClockConfig  stm32f4xx_hal_rcc.o
    0x0800306c   0x0800306c   0x00000040   Code   RO         4218    i.HAL_RCC_GetClockConfig  stm32f4xx_hal_rcc.o
    0x080030ac   0x080030ac   0x00000020   Code   RO         4221    i.HAL_RCC_GetPCLK1Freq  stm32f4xx_hal_rcc.o
    0x080030cc   0x080030cc   0x00000020   Code   RO         4222    i.HAL_RCC_GetPCLK2Freq  stm32f4xx_hal_rcc.o
    0x080030ec   0x080030ec   0x00000064   Code   RO         4223    i.HAL_RCC_GetSysClockFreq  stm32f4xx_hal_rcc.o
    0x08003150   0x08003150   0x0000036c   Code   RO         4226    i.HAL_RCC_OscConfig  stm32f4xx_hal_rcc.o
    0x080034bc   0x080034bc   0x00000002   Code   RO         6525    i.HAL_TIMEx_BreakCallback  stm32f4xx_hal_tim_ex.o
    0x080034be   0x080034be   0x00000002   Code   RO         6526    i.HAL_TIMEx_CommutCallback  stm32f4xx_hal_tim_ex.o
    0x080034c0   0x080034c0   0x00000054   Code   RO         6528    i.HAL_TIMEx_ConfigBreakDeadTime  stm32f4xx_hal_tim_ex.o
    0x08003514   0x08003514   0x00000090   Code   RO         6544    i.HAL_TIMEx_MasterConfigSynchronization  stm32f4xx_hal_tim_ex.o
    0x080035a4   0x080035a4   0x0000005a   Code   RO         5821    i.HAL_TIM_Base_Init  stm32f4xx_hal_tim.o
    0x080035fe   0x080035fe   0x00000002   PAD
    0x08003600   0x08003600   0x00000044   Code   RO         3441    i.HAL_TIM_Base_MspInit  tim.o
    0x08003644   0x08003644   0x00000080   Code   RO         5826    i.HAL_TIM_Base_Start_IT  stm32f4xx_hal_tim.o
    0x080036c4   0x080036c4   0x000000dc   Code   RO         5830    i.HAL_TIM_ConfigClockSource  stm32f4xx_hal_tim.o
    0x080037a0   0x080037a0   0x00000002   Code   RO         5855    i.HAL_TIM_IC_CaptureCallback  stm32f4xx_hal_tim.o
    0x080037a2   0x080037a2   0x00000166   Code   RO         5869    i.HAL_TIM_IRQHandler  stm32f4xx_hal_tim.o
    0x08003908   0x08003908   0x00000084   Code   RO         3442    i.HAL_TIM_MspPostInit  tim.o
    0x0800398c   0x0800398c   0x00000002   Code   RO         5872    i.HAL_TIM_OC_DelayElapsedCallback  stm32f4xx_hal_tim.o
    0x0800398e   0x0800398e   0x000000cc   Code   RO         5893    i.HAL_TIM_PWM_ConfigChannel  stm32f4xx_hal_tim.o
    0x08003a5a   0x08003a5a   0x0000005a   Code   RO         5896    i.HAL_TIM_PWM_Init  stm32f4xx_hal_tim.o
    0x08003ab4   0x08003ab4   0x00000002   Code   RO         5898    i.HAL_TIM_PWM_MspInit  stm32f4xx_hal_tim.o
    0x08003ab6   0x08003ab6   0x00000002   Code   RO         5899    i.HAL_TIM_PWM_PulseFinishedCallback  stm32f4xx_hal_tim.o
    0x08003ab8   0x08003ab8   0x000000c8   Code   RO         5901    i.HAL_TIM_PWM_Start  stm32f4xx_hal_tim.o
    0x08003b80   0x08003b80   0x0000000e   Code   RO         3142    i.HAL_TIM_PeriodElapsedCallback  main.o
    0x08003b8e   0x08003b8e   0x00000002   Code   RO         5912    i.HAL_TIM_TriggerCallback  stm32f4xx_hal_tim.o
    0x08003b90   0x08003b90   0x00000002   Code   RO         6803    i.HAL_UARTEx_RxEventCallback  stm32f4xx_hal_uart.o
    0x08003b92   0x08003b92   0x00000002   Code   RO         6817    i.HAL_UART_ErrorCallback  stm32f4xx_hal_uart.o
    0x08003b94   0x08003b94   0x00000268   Code   RO         6820    i.HAL_UART_IRQHandler  stm32f4xx_hal_uart.o
    0x08003dfc   0x08003dfc   0x00000062   Code   RO         6821    i.HAL_UART_Init     stm32f4xx_hal_uart.o
    0x08003e5e   0x08003e5e   0x00000002   PAD
    0x08003e60   0x08003e60   0x0000030c   Code   RO         3495    i.HAL_UART_MspInit  usart.o
    0x0800416c   0x0800416c   0x00000002   Code   RO         6827    i.HAL_UART_RxCpltCallback  stm32f4xx_hal_uart.o
    0x0800416e   0x0800416e   0x00000002   PAD
    0x08004170   0x08004170   0x000000b2   Code   RO         6829    i.HAL_UART_Transmit  stm32f4xx_hal_uart.o
    0x08004222   0x08004222   0x00000002   PAD
    0x08004224   0x08004224   0x0000008c   Code   RO         6830    i.HAL_UART_Transmit_DMA  stm32f4xx_hal_uart.o
    0x080042b0   0x080042b0   0x00000002   Code   RO         6832    i.HAL_UART_TxCpltCallback  stm32f4xx_hal_uart.o
    0x080042b2   0x080042b2   0x00000002   Code   RO         6833    i.HAL_UART_TxHalfCpltCallback  stm32f4xx_hal_uart.o
    0x080042b4   0x080042b4   0x00000002   Code   RO         3563    i.HardFault_Handler  stm32f4xx_it.o
    0x080042b6   0x080042b6   0x00000002   PAD
    0x080042b8   0x080042b8   0x00000040   Code   RO          611    i.IIC_Ack           soft_iic.o
    0x080042f8   0x080042f8   0x00000040   Code   RO          612    i.IIC_NAck          soft_iic.o
    0x08004338   0x08004338   0x00000068   Code   RO          613    i.IIC_Read_Byte     soft_iic.o
    0x080043a0   0x080043a0   0x00000060   Code   RO          614    i.IIC_Send_Byte     soft_iic.o
    0x08004400   0x08004400   0x00000040   Code   RO          615    i.IIC_Start         soft_iic.o
    0x08004440   0x08004440   0x00000044   Code   RO          616    i.IIC_Stop          soft_iic.o
    0x08004484   0x08004484   0x00000054   Code   RO          617    i.IIC_Wait_Ack      soft_iic.o
    0x080044d8   0x080044d8   0x0000004c   Code   RO         1888    i.MPU_Read_Byte     bmi2_common.o
    0x08004524   0x08004524   0x00000060   Code   RO         1889    i.MPU_Read_all      bmi2_common.o
    0x08004584   0x08004584   0x00000064   Code   RO         3285    i.MX_ADC1_Init      adc.o
    0x080045e8   0x080045e8   0x00000048   Code   RO         3327    i.MX_CAN1_Init      can.o
    0x08004630   0x08004630   0x00000048   Code   RO         3328    i.MX_CAN2_Init      can.o
    0x08004678   0x08004678   0x0000003c   Code   RO         3376    i.MX_DAC_Init       dac.o
    0x080046b4   0x080046b4   0x0000007c   Code   RO         3416    i.MX_DMA_Init       dma.o
    0x08004730   0x08004730   0x00000080   Code   RO         3233    i.MX_FREERTOS_Init  freertos.o
    0x080047b0   0x080047b0   0x00000130   Code   RO         3209    i.MX_GPIO_Init      gpio.o
    0x080048e0   0x080048e0   0x000000cc   Code   RO         3443    i.MX_TIM1_Init      tim.o
    0x080049ac   0x080049ac   0x000000a8   Code   RO         3444    i.MX_TIM3_Init      tim.o
    0x08004a54   0x08004a54   0x00000038   Code   RO         3496    i.MX_UART4_Init     usart.o
    0x08004a8c   0x08004a8c   0x00000038   Code   RO         3497    i.MX_UART5_Init     usart.o
    0x08004ac4   0x08004ac4   0x00000038   Code   RO         3498    i.MX_USART1_UART_Init  usart.o
    0x08004afc   0x08004afc   0x0000003c   Code   RO         3499    i.MX_USART2_UART_Init  usart.o
    0x08004b38   0x08004b38   0x00000002   Code   RO         3564    i.MemManage_Handler  stm32f4xx_it.o
    0x08004b3a   0x08004b3a   0x00000002   Code   RO         3565    i.NMI_Handler       stm32f4xx_it.o
    0x08004b3c   0x08004b3c   0x00000038   Code   RO          332    i.PWM_Init          drv_tim.o
    0x08004b74   0x08004b74   0x0000000a   Code   RO         3025    i.RM3508_GetDataId  rm_protocol.o
    0x08004b7e   0x08004b7e   0x00000016   Code   RO         3026    i.RM3508_GetTxId    rm_protocol.o
    0x08004b94   0x08004b94   0x00000054   Code   RO          680    i.Set_accel         bmi.o
    0x08004be8   0x08004be8   0x00000058   Code   RO          681    i.Set_gyro          bmi.o
    0x08004c40   0x08004c40   0x00000024   Code   RO         2548    i.StartControlTask  control_task.o
    0x08004c64   0x08004c64   0x00000084   Code   RO         2508    i.StartMonitorTask  monitor_task.o
    0x08004ce8   0x08004ce8   0x0000003c   Code   RO         2579    i.StartSendTask     send_task.o
    0x08004d24   0x08004d24   0x0000009c   Code   RO         2464    i.StartSystemTask   system_task.o
    0x08004dc0   0x08004dc0   0x00000088   Code   RO         2609    i.StartrpMonitorTask  rp_monitor.o
    0x08004e48   0x08004e48   0x0000002c   Code   RO         8364    i.SysTick_Handler   port.o
    0x08004e74   0x08004e74   0x00000088   Code   RO         3143    i.SystemClock_Config  main.o
    0x08004efc   0x08004efc   0x0000001c   Code   RO         3898    i.SystemInit        system_stm32f4xx.o
    0x08004f18   0x08004f18   0x0000000c   Code   RO         3566    i.TIM2_IRQHandler   stm32f4xx_it.o
    0x08004f24   0x08004f24   0x000000c8   Code   RO         5914    i.TIM_Base_SetConfig  stm32f4xx_hal_tim.o
    0x08004fec   0x08004fec   0x0000001a   Code   RO         5915    i.TIM_CCxChannelCmd  stm32f4xx_hal_tim.o
    0x08005006   0x08005006   0x00000014   Code   RO         5925    i.TIM_ETR_SetConfig  stm32f4xx_hal_tim.o
    0x0800501a   0x0800501a   0x00000010   Code   RO         5926    i.TIM_ITRx_SetConfig  stm32f4xx_hal_tim.o
    0x0800502a   0x0800502a   0x00000002   PAD
    0x0800502c   0x0800502c   0x00000060   Code   RO         5927    i.TIM_OC1_SetConfig  stm32f4xx_hal_tim.o
    0x0800508c   0x0800508c   0x0000006c   Code   RO         5928    i.TIM_OC2_SetConfig  stm32f4xx_hal_tim.o
    0x080050f8   0x080050f8   0x00000068   Code   RO         5929    i.TIM_OC3_SetConfig  stm32f4xx_hal_tim.o
    0x08005160   0x08005160   0x00000050   Code   RO         5930    i.TIM_OC4_SetConfig  stm32f4xx_hal_tim.o
    0x080051b0   0x080051b0   0x00000022   Code   RO         5932    i.TIM_TI1_ConfigInputStage  stm32f4xx_hal_tim.o
    0x080051d2   0x080051d2   0x00000024   Code   RO         5934    i.TIM_TI2_ConfigInputStage  stm32f4xx_hal_tim.o
    0x080051f6   0x080051f6   0x00000002   PAD
    0x080051f8   0x080051f8   0x00000018   Code   RO         3567    i.UART4_IRQHandler  stm32f4xx_it.o
    0x08005210   0x08005210   0x00000018   Code   RO         3568    i.UART5_IRQHandler  stm32f4xx_it.o
    0x08005228   0x08005228   0x00000010   Code   RO         6834    i.UART_DMAAbortOnError  stm32f4xx_hal_uart.o
    0x08005238   0x08005238   0x0000004a   Code   RO         6835    i.UART_DMAError     stm32f4xx_hal_uart.o
    0x08005282   0x08005282   0x00000042   Code   RO         6840    i.UART_DMATransmitCplt  stm32f4xx_hal_uart.o
    0x080052c4   0x080052c4   0x0000000a   Code   RO         6842    i.UART_DMATxHalfCplt  stm32f4xx_hal_uart.o
    0x080052ce   0x080052ce   0x0000004e   Code   RO         6844    i.UART_EndRxTransfer  stm32f4xx_hal_uart.o
    0x0800531c   0x0800531c   0x0000001c   Code   RO         6845    i.UART_EndTxTransfer  stm32f4xx_hal_uart.o
    0x08005338   0x08005338   0x000000c0   Code   RO         6846    i.UART_Receive_IT   stm32f4xx_hal_uart.o
    0x080053f8   0x080053f8   0x0000010c   Code   RO         6847    i.UART_SetConfig    stm32f4xx_hal_uart.o
    0x08005504   0x08005504   0x00000078   Code   RO         6850    i.UART_WaitOnFlagUntilTimeout  stm32f4xx_hal_uart.o
    0x0800557c   0x0800557c   0x00000018   Code   RO         3569    i.USART1_IRQHandler  stm32f4xx_it.o
    0x08005594   0x08005594   0x00000038   Code   RO          371    i.USART1_Init       drv_uart.o
    0x080055cc   0x080055cc   0x00000004   Code   RO         2610    i.USART1_rxDataHandler  rp_monitor.o
    0x080055d0   0x080055d0   0x00000018   Code   RO         3570    i.USART2_IRQHandler  stm32f4xx_it.o
    0x080055e8   0x080055e8   0x0000003c   Code   RO          373    i.USART2_Init       drv_uart.o
    0x08005624   0x08005624   0x0000001c   Code   RO         2871    i.USART2_rxDataHandler  rc_protocol.o
    0x08005640   0x08005640   0x00000038   Code   RO          375    i.USART4_Init       drv_uart.o
    0x08005678   0x08005678   0x00000002   Code   RO          376    i.USART4_rxDataHandler  drv_uart.o
    0x0800567a   0x0800567a   0x00000002   PAD
    0x0800567c   0x0800567c   0x00000038   Code   RO          377    i.USART5_Init       drv_uart.o
    0x080056b4   0x080056b4   0x00000002   Code   RO          378    i.USART5_rxDataHandler  drv_uart.o
    0x080056b6   0x080056b6   0x00000032   Code   RO          379    i.USART_AddMsg      drv_uart.o
    0x080056e8   0x080056e8   0x00000064   Code   RO          380    i.USART_StartTx     drv_uart.o
    0x0800574c   0x0800574c   0x00000060   Code   RO          381    i.USART_StartTxDma  drv_uart.o
    0x080057ac   0x080057ac   0x00000002   Code   RO         3571    i.UsageFault_Handler  stm32f4xx_it.o
    0x080057ae   0x080057ae   0x00000030   Code   RO         8547    i.__ARM_fpclassify  m_wm.l(fpclassify.o)
    0x080057de   0x080057de   0x00000020   Code   RO         4970    i.__NVIC_SetPriority  stm32f4xx_hal_cortex.o
    0x080057fe   0x080057fe   0x00000002   PAD
    0x08005800   0x08005800   0x00000360   Code   RO         8440    i.__hardfp_asin     m_wm.l(asin.o)
    0x08005b60   0x08005b60   0x000002d8   Code   RO         8513    i.__hardfp_atan     m_wm.l(atan.o)
    0x08005e38   0x08005e38   0x000001f0   Code   RO         8454    i.__hardfp_atan2    m_wm.l(atan2.o)
    0x08006028   0x08006028   0x000000f8   Code   RO         8549    i.__kernel_poly     m_wm.l(poly.o)
    0x08006120   0x08006120   0x00000014   Code   RO         8528    i.__mathlib_dbl_infnan  m_wm.l(dunder.o)
    0x08006134   0x08006134   0x00000014   Code   RO         8529    i.__mathlib_dbl_infnan2  m_wm.l(dunder.o)
    0x08006148   0x08006148   0x00000020   Code   RO         8530    i.__mathlib_dbl_invalid  m_wm.l(dunder.o)
    0x08006168   0x08006168   0x00000020   Code   RO         8533    i.__mathlib_dbl_underflow  m_wm.l(dunder.o)
    0x08006188   0x08006188   0x0000000e   Code   RO         8612    i.__scatterload_copy  mc_w.l(handlers.o)
    0x08006196   0x08006196   0x00000002   Code   RO         8613    i.__scatterload_null  mc_w.l(handlers.o)
    0x08006198   0x08006198   0x0000000e   Code   RO         8614    i.__scatterload_zeroinit  mc_w.l(handlers.o)
    0x080061a6   0x080061a6   0x00000002   PAD
    0x080061a8   0x080061a8   0x0000000c   Code   RO         8586    i.__set_errno       mc_w.l(errno.o)
    0x080061b4   0x080061b4   0x00000010   Code   RO         8515    i.atan              m_wm.l(atan.o)
    0x080061c4   0x080061c4   0x00000078   Code   RO         2040    i.bmi270_init       bmi270.o
    0x0800623c   0x0800623c   0x00000002   Code   RO         1891    i.bmi2_error_codes_print_result  bmi2_common.o
    0x0800623e   0x0800623e   0x00000036   Code   RO          795    i.bmi2_extract_input_feat_config  bmi2.o
    0x08006274   0x08006274   0x000000a0   Code   RO          800    i.bmi2_get_feat_config  bmi2.o
    0x08006314   0x08006314   0x0000003c   Code   RO          807    i.bmi2_get_gyro_cross_sense  bmi2.o
    0x08006350   0x08006350   0x00000030   Code   RO          810    i.bmi2_get_internal_status  bmi2.o
    0x08006380   0x08006380   0x00000092   Code   RO          811    i.bmi2_get_regs     bmi2.o
    0x08006412   0x08006412   0x00000002   PAD
    0x08006414   0x08006414   0x0000023a   Code   RO          813    i.bmi2_get_sensor_config  bmi2.o
    0x0800664e   0x0800664e   0x000002de   Code   RO          814    i.bmi2_get_sensor_data  bmi2.o
    0x0800692c   0x0800692c   0x00000026   Code   RO          815    i.bmi2_get_status   bmi2.o
    0x08006952   0x08006952   0x00000002   PAD
    0x08006954   0x08006954   0x00000040   Code   RO         1892    i.bmi2_interface_selection  bmi2_common.o
    0x08006994   0x08006994   0x00000076   Code   RO          816    i.bmi2_map_data_int  bmi2.o
    0x08006a0a   0x08006a0a   0x00000002   PAD
    0x08006a0c   0x08006a0c   0x00000064   Code   RO          826    i.bmi2_sec_init     bmi2.o
    0x08006a70   0x08006a70   0x00000038   Code   RO          828    i.bmi2_sensor_enable  bmi2.o
    0x08006aa8   0x08006aa8   0x00000062   Code   RO          830    i.bmi2_set_adv_power_save  bmi2.o
    0x08006b0a   0x08006b0a   0x00000002   PAD
    0x08006b0c   0x08006b0c   0x0000009c   Code   RO          840    i.bmi2_set_regs     bmi2.o
    0x08006ba8   0x08006ba8   0x000001e6   Code   RO          842    i.bmi2_set_sensor_config  bmi2.o
    0x08006d8e   0x08006d8e   0x00000060   Code   RO          843    i.bmi2_soft_reset   bmi2.o
    0x08006dee   0x08006dee   0x00000056   Code   RO          847    i.bmi2_write_config_file  bmi2.o
    0x08006e44   0x08006e44   0x0000003e   Code   RO          850    i.cfg_error_status  bmi2.o
    0x08006e82   0x08006e82   0x00000048   Code   RO         2172    i.chassis_motor_check  chassis_motor.o
    0x08006eca   0x08006eca   0x00000022   Code   RO         2173    i.chassis_motor_heart_beat  chassis_motor.o
    0x08006eec   0x08006eec   0x0000003c   Code   RO         2174    i.chassis_motor_init  chassis_motor.o
    0x08006f28   0x08006f28   0x0000002c   Code   RO         2175    i.chassis_motor_update  chassis_motor.o
    0x08006f54   0x08006f54   0x00000030   Code   RO          851    i.check_boundary_val  bmi2.o
    0x08006f84   0x08006f84   0x0000001a   Code   RO          853    i.comp_gyro_cross_axis_sensitivity  bmi2.o
    0x08006f9e   0x08006f9e   0x000000dc   Code   RO          854    i.config_aux_interface  bmi2.o
    0x0800707a   0x0800707a   0x00000002   PAD
    0x0800707c   0x0800707c   0x00000018   Code   RO          535    i.delay_us          drv_haltick.o
    0x08007094   0x08007094   0x00000018   Code   RO          382    i.dma_m0_rxcplt_callback  drv_uart.o
    0x080070ac   0x080070ac   0x00000018   Code   RO          383    i.dma_m1_rxcplt_callback  drv_uart.o
    0x080070c4   0x080070c4   0x00000058   Code   RO         2509    i.event_notify      monitor_task.o
    0x0800711c   0x0800711c   0x00000036   Code   RO          861    i.extract_output_feat_config  bmi2.o
    0x08007152   0x08007152   0x00000018   Code   RO         8543    i.fabs              m_wm.l(fabs.o)
    0x0800716a   0x0800716a   0x00000002   PAD
    0x0800716c   0x0800716c   0x00000050   Code   RO         8479    i.free              mc_w.l(malloc.o)
    0x080071bc   0x080071bc   0x00000020   Code   RO          862    i.get_acc_gyr_data  bmi2.o
    0x080071dc   0x080071dc   0x0000004e   Code   RO          863    i.get_accel_config  bmi2.o
    0x0800722a   0x0800722a   0x00000068   Code   RO          864    i.get_accel_self_test_status  bmi2.o
    0x08007292   0x08007292   0x0000008a   Code   RO          865    i.get_any_motion_config  bmi2.o
    0x0800731c   0x0800731c   0x000000aa   Code   RO          866    i.get_aux_config    bmi2.o
    0x080073c6   0x080073c6   0x00000058   Code   RO          868    i.get_ext_sens_sync_config  bmi2.o
    0x0800741e   0x0800741e   0x00000086   Code   RO          869    i.get_flat_config   bmi2.o
    0x080074a4   0x080074a4   0x00000082   Code   RO          870    i.get_free_fall_det_config  bmi2.o
    0x08007526   0x08007526   0x00000058   Code   RO          871    i.get_glance_detect_config  bmi2.o
    0x0800757e   0x0800757e   0x0000005e   Code   RO          872    i.get_gyro_config   bmi2.o
    0x080075dc   0x080075dc   0x00000072   Code   RO          873    i.get_gyro_cross_sense  bmi2.o
    0x0800764e   0x0800764e   0x0000008a   Code   RO          874    i.get_gyro_gain_update_config  bmi2.o
    0x080076d8   0x080076d8   0x00000068   Code   RO          875    i.get_gyro_gain_update_status  bmi2.o
    0x08007740   0x08007740   0x000000a4   Code   RO          876    i.get_high_g_config  bmi2.o
    0x080077e4   0x080077e4   0x00000092   Code   RO          877    i.get_low_g_config  bmi2.o
    0x08007876   0x08007876   0x0000008a   Code   RO          879    i.get_no_motion_config  bmi2.o
    0x08007900   0x08007900   0x00000076   Code   RO          880    i.get_nvm_error_status  bmi2.o
    0x08007976   0x08007976   0x000000b4   Code   RO          881    i.get_ois_output    bmi2.o
    0x08007a2a   0x08007a2a   0x0000008c   Code   RO          882    i.get_orient_config  bmi2.o
    0x08007ab6   0x08007ab6   0x00000056   Code   RO          885    i.get_remapped_data  bmi2.o
    0x08007b0c   0x08007b0c   0x000000be   Code   RO          886    i.get_sig_motion_config  bmi2.o
    0x08007bca   0x08007bca   0x0000008a   Code   RO          888    i.get_step_config   bmi2.o
    0x08007c54   0x08007c54   0x000000aa   Code   RO          889    i.get_step_count_params_config  bmi2.o
    0x08007cfe   0x08007cfe   0x0000006e   Code   RO          890    i.get_step_counter_output  bmi2.o
    0x08007d6c   0x08007d6c   0x00000058   Code   RO          891    i.get_tilt_config   bmi2.o
    0x08007dc4   0x08007dc4   0x00000058   Code   RO          892    i.get_up_hold_to_wake_config  bmi2.o
    0x08007e1c   0x08007e1c   0x0000007c   Code   RO          894    i.get_wake_up_config  bmi2.o
    0x08007e98   0x08007e98   0x00000076   Code   RO          895    i.get_wrist_gest_config  bmi2.o
    0x08007f0e   0x08007f0e   0x0000008a   Code   RO          896    i.get_wrist_gest_w_config  bmi2.o
    0x08007f98   0x08007f98   0x0000008e   Code   RO          897    i.get_wrist_wear_wake_up_config  bmi2.o
    0x08008026   0x08008026   0x0000009c   Code   RO          898    i.get_wrist_wear_wake_up_wh_config  bmi2.o
    0x080080c2   0x080080c2   0x00000044   Code   RO         2133    i.imu_sensor_check  imu_sensor.o
    0x08008106   0x08008106   0x00000006   Code   RO         2134    i.imu_sensor_heart_beat  imu_sensor.o
    0x0800810c   0x0800810c   0x000000a0   Code   RO         2901    i.imu_sensor_init   imu_protocol.o
    0x080081ac   0x080081ac   0x0000005c   Code   RO         2902    i.imu_sensor_update  imu_protocol.o
    0x08008208   0x08008208   0x0000002c   Code   RO          682    i.inVSqrt           bmi.o
    0x08008234   0x08008234   0x00000026   Code   RO          683    i.lsb_to_dps        bmi.o
    0x0800825a   0x0800825a   0x00000002   PAD
    0x0800825c   0x0800825c   0x00000034   Code   RO          684    i.lsb_to_mps2       bmi.o
    0x08008290   0x08008290   0x0000004a   Code   RO         3144    i.main              main.o
    0x080082da   0x080082da   0x0000000c   Code   RO         7929    i.makeFreeRtosPriority  cmsis_os.o
    0x080082e6   0x080082e6   0x00000002   PAD
    0x080082e8   0x080082e8   0x0000006c   Code   RO         8480    i.malloc            mc_w.l(malloc.o)
    0x08008354   0x08008354   0x00000028   Code   RO          536    i.micros            drv_haltick.o
    0x0800837c   0x0800837c   0x00000018   Code   RO          900    i.null_ptr_check    bmi2.o
    0x08008394   0x08008394   0x0000000e   Code   RO         7931    i.osDelay           cmsis_os.o
    0x080083a2   0x080083a2   0x0000000a   Code   RO         7934    i.osKernelStart     cmsis_os.o
    0x080083ac   0x080083ac   0x00000054   Code   RO         7968    i.osThreadCreate    cmsis_os.o
    0x08008400   0x08008400   0x00000028   Code   RO         2677    i.pid_val_init      pid.o
    0x08008428   0x08008428   0x00000070   Code   RO         7611    i.prvAddCurrentTaskToDelayedList  tasks.o
    0x08008498   0x08008498   0x000000d0   Code   RO         7612    i.prvAddNewTaskToReadyList  tasks.o
    0x08008568   0x08008568   0x00000034   Code   RO         7613    i.prvDeleteTCB      tasks.o
    0x0800859c   0x0800859c   0x0000004c   Code   RO         8296    i.prvHeapInit       heap_4.o
    0x080085e8   0x080085e8   0x00000060   Code   RO         7614    i.prvIdleTask       tasks.o
    0x08008648   0x08008648   0x00000098   Code   RO         7615    i.prvInitialiseNewTask  tasks.o
    0x080086e0   0x080086e0   0x0000004c   Code   RO         8297    i.prvInsertBlockIntoFreeList  heap_4.o
    0x0800872c   0x0800872c   0x00000020   Code   RO         7616    i.prvResetNextTaskUnblockTime  tasks.o
    0x0800874c   0x0800874c   0x00000028   Code   RO         8365    i.prvTaskExitError  port.o
    0x08008774   0x08008774   0x000000dc   Code   RO         8298    i.pvPortMalloc      heap_4.o
    0x08008850   0x08008850   0x0000002c   Code   RO         8366    i.pxPortInitialiseStack  port.o
    0x0800887c   0x0800887c   0x00000024   Code   RO         2371    i.rc_copy_button    rc.o
    0x080088a0   0x080088a0   0x00000044   Code   RO         2372    i.rc_copy_switch    rc.o
    0x080088e4   0x080088e4   0x0000000c   Code   RO         2373    i.rc_init           rc.o
    0x080088f0   0x080088f0   0x0000011c   Code   RO         2374    i.rc_reset          rc.o
    0x08008a0c   0x08008a0c   0x00000014   Code   RO         2375    i.rc_reset_button   rc.o
    0x08008a20   0x08008a20   0x00000004   Code   RO         2376    i.rc_reset_mouse    rc.o
    0x08008a24   0x08008a24   0x00000004   Code   RO         2377    i.rc_reset_stick    rc.o
    0x08008a28   0x08008a28   0x00000014   Code   RO         2378    i.rc_reset_switch   rc.o
    0x08008a3c   0x08008a3c   0x00000052   Code   RO         2069    i.rc_sensor_check   rc_sensor.o
    0x08008a8e   0x08008a8e   0x00000024   Code   RO         2070    i.rc_sensor_heart_beat  rc_sensor.o
    0x08008ab2   0x08008ab2   0x00000002   PAD
    0x08008ab4   0x08008ab4   0x000000ac   Code   RO         2071    i.rc_sensor_if_channel_reset  rc_sensor.o
    0x08008b60   0x08008b60   0x00000016   Code   RO         2072    i.rc_sensor_init    rc_sensor.o
    0x08008b76   0x08008b76   0x00000022   Code   RO         2073    i.rc_sensor_reset   rc_sensor.o
    0x08008b98   0x08008b98   0x00000088   Code   RO         2872    i.rc_sensor_update  rc_protocol.o
    0x08008c20   0x08008c20   0x0000017c   Code   RO         2379    i.rc_update         rc.o
    0x08008d9c   0x08008d9c   0x0000003c   Code   RO         2380    i.rc_update_button  rc.o
    0x08008dd8   0x08008dd8   0x00000004   Code   RO         2381    i.rc_update_mouse   rc.o
    0x08008ddc   0x08008ddc   0x00000004   Code   RO         2382    i.rc_update_stick   rc.o
    0x08008de0   0x08008de0   0x0000005c   Code   RO         2383    i.rc_update_switch  rc.o
    0x08008e3c   0x08008e3c   0x00000080   Code   RO         2611    i.rpMonitor_ConfirmSubscribe  rp_monitor.o
    0x08008ebc   0x08008ebc   0x0000003c   Code   RO         2612    i.rpMonitor_ReadFlash  rp_monitor.o
    0x08008ef8   0x08008ef8   0x000000c8   Code   RO         2613    i.rpMonitor_Rx      rp_monitor.o
    0x08008fc0   0x08008fc0   0x00000058   Code   RO         2614    i.rpMonitor_SubscribeFlash  rp_monitor.o
    0x08009018   0x08009018   0x00000064   Code   RO         2615    i.rpMonitor_Tx      rp_monitor.o
    0x0800907c   0x0800907c   0x00000078   Code   RO         2616    i.rpMonitor_WriteFlash  rp_monitor.o
    0x080090f4   0x080090f4   0x0000014e   Code   RO          914    i.select_sensor     bmi2.o
    0x08009242   0x08009242   0x00000002   PAD
    0x08009244   0x08009244   0x000003c4   Code   RO          917    i.sensor_enable     bmi2.o
    0x08009608   0x08009608   0x00000098   Code   RO          918    i.set_accel_config  bmi2.o
    0x080096a0   0x080096a0   0x00000056   Code   RO          920    i.set_act_recog     bmi2.o
    0x080096f6   0x080096f6   0x0000005a   Code   RO          921    i.set_any_motion    bmi2.o
    0x08009750   0x08009750   0x000000c6   Code   RO          922    i.set_any_motion_config  bmi2.o
    0x08009816   0x08009816   0x00000090   Code   RO          923    i.set_aux_config    bmi2.o
    0x080098a6   0x080098a6   0x00000036   Code   RO          924    i.set_config_load   bmi2.o
    0x080098dc   0x080098dc   0x00000056   Code   RO          925    i.set_double_tap    bmi2.o
    0x08009932   0x08009932   0x00000056   Code   RO          926    i.set_ext_sens_sync  bmi2.o
    0x08009988   0x08009988   0x0000008e   Code   RO          927    i.set_ext_sens_sync_config  bmi2.o
    0x08009a16   0x08009a16   0x00000002   PAD
    0x08009a18   0x08009a18   0x00000068   Code   RO          928    i.set_feat_accel_self_test  bmi2.o
    0x08009a80   0x08009a80   0x00000056   Code   RO          929    i.set_flat          bmi2.o
    0x08009ad6   0x08009ad6   0x000000bc   Code   RO          930    i.set_flat_config   bmi2.o
    0x08009b92   0x08009b92   0x00000056   Code   RO          931    i.set_free_fall_det  bmi2.o
    0x08009be8   0x08009be8   0x000000a8   Code   RO          932    i.set_free_fall_det_config  bmi2.o
    0x08009c90   0x08009c90   0x0000008e   Code   RO          933    i.set_glance_detect_config  bmi2.o
    0x08009d1e   0x08009d1e   0x00000056   Code   RO          934    i.set_glance_detector  bmi2.o
    0x08009d74   0x08009d74   0x000000ac   Code   RO          935    i.set_gyro_config   bmi2.o
    0x08009e20   0x08009e20   0x00000056   Code   RO          936    i.set_gyro_self_offset_corr  bmi2.o
    0x08009e76   0x08009e76   0x0000005a   Code   RO          937    i.set_gyro_user_gain  bmi2.o
    0x08009ed0   0x08009ed0   0x000000a2   Code   RO          938    i.set_gyro_user_gain_config  bmi2.o
    0x08009f72   0x08009f72   0x0000005a   Code   RO          939    i.set_high_g        bmi2.o
    0x08009fcc   0x08009fcc   0x000000da   Code   RO          940    i.set_high_g_config  bmi2.o
    0x0800a0a6   0x0800a0a6   0x0000005a   Code   RO          942    i.set_low_g         bmi2.o
    0x0800a100   0x0800a100   0x000000ba   Code   RO          943    i.set_low_g_config  bmi2.o
    0x0800a1ba   0x0800a1ba   0x0000005a   Code   RO          945    i.set_no_motion     bmi2.o
    0x0800a214   0x0800a214   0x000000c6   Code   RO          946    i.set_no_motion_config  bmi2.o
    0x0800a2da   0x0800a2da   0x000000c6   Code   RO          948    i.set_orient_config  bmi2.o
    0x0800a3a0   0x0800a3a0   0x00000056   Code   RO          949    i.set_orientation   bmi2.o
    0x0800a3f6   0x0800a3f6   0x0000009e   Code   RO          950    i.set_primary_ois_config  bmi2.o
    0x0800a494   0x0800a494   0x0000005a   Code   RO          952    i.set_sig_motion    bmi2.o
    0x0800a4ee   0x0800a4ee   0x000000be   Code   RO          953    i.set_sig_motion_config  bmi2.o
    0x0800a5ac   0x0800a5ac   0x00000056   Code   RO          954    i.set_single_tap    bmi2.o
    0x0800a602   0x0800a602   0x0000005a   Code   RO          955    i.set_step_activity  bmi2.o
    0x0800a65c   0x0800a65c   0x000000c0   Code   RO          956    i.set_step_config   bmi2.o
    0x0800a71c   0x0800a71c   0x000000d4   Code   RO          957    i.set_step_count_params_config  bmi2.o
    0x0800a7f0   0x0800a7f0   0x0000005a   Code   RO          958    i.set_step_counter  bmi2.o
    0x0800a84a   0x0800a84a   0x0000005a   Code   RO          959    i.set_step_detector  bmi2.o
    0x0800a8a4   0x0800a8a4   0x00000056   Code   RO          960    i.set_tilt          bmi2.o
    0x0800a8fa   0x0800a8fa   0x0000008e   Code   RO          961    i.set_tilt_config   bmi2.o
    0x0800a988   0x0800a988   0x00000056   Code   RO          962    i.set_triple_tap    bmi2.o
    0x0800a9de   0x0800a9de   0x00000056   Code   RO          963    i.set_up_hold_to_wake  bmi2.o
    0x0800aa34   0x0800aa34   0x0000008e   Code   RO          964    i.set_up_hold_to_wake_config  bmi2.o
    0x0800aac2   0x0800aac2   0x00000056   Code   RO          965    i.set_wake_up       bmi2.o
    0x0800ab18   0x0800ab18   0x000000bc   Code   RO          966    i.set_wake_up_config  bmi2.o
    0x0800abd4   0x0800abd4   0x000000b6   Code   RO          967    i.set_wrist_gest_config  bmi2.o
    0x0800ac8a   0x0800ac8a   0x000000c8   Code   RO          968    i.set_wrist_gest_w_config  bmi2.o
    0x0800ad52   0x0800ad52   0x00000056   Code   RO          969    i.set_wrist_gesture  bmi2.o
    0x0800ada8   0x0800ada8   0x00000056   Code   RO          970    i.set_wrist_gesture_wh  bmi2.o
    0x0800adfe   0x0800adfe   0x00000056   Code   RO          971    i.set_wrist_wear_wake_up  bmi2.o
    0x0800ae54   0x0800ae54   0x000000c8   Code   RO          972    i.set_wrist_wear_wake_up_config  bmi2.o
    0x0800af1c   0x0800af1c   0x00000056   Code   RO          973    i.set_wrist_wear_wake_up_wh  bmi2.o
    0x0800af72   0x0800af72   0x000000fa   Code   RO          974    i.set_wrist_wear_wake_up_wh_config  bmi2.o
    0x0800b06c   0x0800b06c   0x00000096   Code   RO         2678    i.single_pid_ctrl   pid.o
    0x0800b102   0x0800b102   0x0000006e   Code   RO         8554    i.sqrt              m_wm.l(sqrt.o)
    0x0800b170   0x0800b170   0x000000c8   Code   RO          384    i.uart_rx_idle_callback  drv_uart.o
    0x0800b238   0x0800b238   0x00000040   Code   RO          986    i.upload_file       bmi2.o
    0x0800b278   0x0800b278   0x00000004   Code   RO         1896    i.user_delay_us     bmi2_common.o
    0x0800b27c   0x0800b27c   0x00000024   Code   RO         1897    i.user_i2c_reg_read  bmi2_common.o
    0x0800b2a0   0x0800b2a0   0x0000004c   Code   RO         1898    i.user_i2c_reg_write  bmi2_common.o
    0x0800b2ec   0x0800b2ec   0x00000026   Code   RO         7250    i.uxListRemove      list.o
    0x0800b312   0x0800b312   0x00000002   PAD
    0x0800b314   0x0800b314   0x00000014   Code   RO         3235    i.vApplicationGetIdleTaskMemory  freertos.o
    0x0800b328   0x0800b328   0x00000016   Code   RO         7251    i.vListInitialise   list.o
    0x0800b33e   0x0800b33e   0x00000006   Code   RO         7252    i.vListInitialiseItem  list.o
    0x0800b344   0x0800b344   0x00000030   Code   RO         7253    i.vListInsert       list.o
    0x0800b374   0x0800b374   0x00000018   Code   RO         7254    i.vListInsertEnd    list.o
    0x0800b38c   0x0800b38c   0x00000040   Code   RO         8368    i.vPortEnterCritical  port.o
    0x0800b3cc   0x0800b3cc   0x00000028   Code   RO         8369    i.vPortExitCritical  port.o
    0x0800b3f4   0x0800b3f4   0x00000064   Code   RO         8299    i.vPortFree         heap_4.o
    0x0800b458   0x0800b458   0x00000024   Code   RO         8370    i.vPortSetupTimerInterrupt  port.o
    0x0800b47c   0x0800b47c   0x0000004c   Code   RO         7625    i.vTaskDelay        tasks.o
    0x0800b4c8   0x0800b4c8   0x0000006c   Code   RO         7638    i.vTaskStartScheduler  tasks.o
    0x0800b534   0x0800b534   0x00000010   Code   RO         7640    i.vTaskSuspendAll   tasks.o
    0x0800b544   0x0800b544   0x0000005c   Code   RO         7641    i.vTaskSwitchContext  tasks.o
    0x0800b5a0   0x0800b5a0   0x000000e4   Code   RO          992    i.write_config_file  bmi2.o
    0x0800b684   0x0800b684   0x000000f4   Code   RO         8372    i.xPortStartScheduler  port.o
    0x0800b778   0x0800b778   0x0000005a   Code   RO         7644    i.xTaskCreate       tasks.o
    0x0800b7d2   0x0800b7d2   0x00000056   Code   RO         7645    i.xTaskCreateStatic  tasks.o
    0x0800b828   0x0800b828   0x000000e0   Code   RO         7646    i.xTaskGenericNotify  tasks.o
    0x0800b908   0x0800b908   0x000000cc   Code   RO         7652    i.xTaskIncrementTick  tasks.o
    0x0800b9d4   0x0800b9d4   0x0000008c   Code   RO         7654    i.xTaskNotifyWait   tasks.o
    0x0800ba60   0x0800ba60   0x000000c4   Code   RO         7658    i.xTaskResumeAll    tasks.o
    0x0800bb24   0x0800bb24   0x00000006   Data   RO          994    .constdata          bmi2.o
    0x0800bb2a   0x0800bb2a   0x00002045   Data   RO         2041    .constdata          bmi270.o
    0x0800db6f   0x0800db6f   0x00000001   PAD
    0x0800db70   0x0800db70   0x0000008c   Data   RO         3237    .constdata          freertos.o
    0x0800dbfc   0x0800dbfc   0x00000010   Data   RO         3899    .constdata          system_stm32f4xx.o
    0x0800dc0c   0x0800dc0c   0x00000008   Data   RO         3900    .constdata          system_stm32f4xx.o
    0x0800dc14   0x0800dc14   0x00000008   Data   RO         4687    .constdata          stm32f4xx_hal_dma.o
    0x0800dc1c   0x0800dc1c   0x00000004   PAD
    0x0800dc20   0x0800dc20   0x00000050   Data   RO         8443    .constdata          m_wm.l(asin.o)
    0x0800dc70   0x0800dc70   0x00000098   Data   RO         8516    .constdata          m_wm.l(atan.o)
    0x0800dd08   0x0800dd08   0x00000008   Data   RO         8551    .constdata          m_wm.l(qnan.o)
    0x0800dd10   0x0800dd10   0x00000040   Data   RO         3238    .conststring        freertos.o
    0x0800dd50   0x0800dd50   0x00000020   Data   RO         8610    Region$$Table       anon$$obj.o


    Execution Region RW_IRAM1 (Exec base: 0x20000000, Load base: 0x0800dd70, Size: 0x00005520, Max: 0x00020000, ABSOLUTE, COMPRESSED[0x00000180])

    Exec Addr    Load Addr    Size         Type   Attr      Idx    E Section Name        Object

    0x20000000   COMPRESSED   0x00000048   Data   RW          169    .data               drv_can.o
    0x20000048   COMPRESSED   0x00000004   Data   RW          537    .data               drv_haltick.o
    0x2000004c   COMPRESSED   0x0000006c   Data   RW          687    .data               bmi.o
    0x200000b8   COMPRESSED   0x00000002   Data   RW         1901    .data               bmi2_common.o
    0x200000ba   COMPRESSED   0x0000001a   Data   RW         2075    .data               rc_sensor.o
    0x200000d4   COMPRESSED   0x00000024   Data   RW         2076    .data               rc_sensor.o
    0x200000f8   COMPRESSED   0x00000002   Data   RW         2135    .data               imu_sensor.o
    0x200000fa   COMPRESSED   0x00000002   PAD
    0x200000fc   COMPRESSED   0x00000020   Data   RW         2136    .data               imu_sensor.o
    0x2000011c   COMPRESSED   0x0000001c   Data   RW         2137    .data               imu_sensor.o
    0x20000138   COMPRESSED   0x000000d0   Data   RW         2176    .data               chassis_motor.o
    0x20000208   COMPRESSED   0x00000050   Data   RW         2177    .data               chassis_motor.o
    0x20000258   COMPRESSED   0x00000070   Data   RW         2178    .data               chassis_motor.o
    0x200002c8   COMPRESSED   0x00000018   Data   RW         2225    .data               device.o
    0x200002e0   COMPRESSED   0x000001ec   Data   RW         2280    .data               chassis.o
    0x200004cc   COMPRESSED   0x00000004   Data   RW         2281    .data               chassis.o
    0x200004d0   COMPRESSED   0x00000028   Data   RW         2282    .data               chassis.o
    0x200004f8   COMPRESSED   0x0000003c   Data   RW         2385    .data               rc.o
    0x20000534   COMPRESSED   0x00000006   Data   RW         2465    .data               system_task.o
    0x2000053a   COMPRESSED   0x00000002   PAD
    0x2000053c   COMPRESSED   0x0000000c   Data   RW         2510    .data               monitor_task.o
    0x20000548   COMPRESSED   0x00000004   Data   RW         2580    .data               send_task.o
    0x2000054c   COMPRESSED   0x000000d0   Data   RW         2619    .data               rp_monitor.o
    0x2000061c   COMPRESSED   0x0000000c   Data   RW         2903    .data               imu_protocol.o
    0x20000628   COMPRESSED   0x00000014   Data   RW         3239    .data               freertos.o
    0x2000063c   COMPRESSED   0x00000004   Data   RW         3330    .data               can.o
    0x20000640   COMPRESSED   0x00000004   Data   RW         3901    .data               system_stm32f4xx.o
    0x20000644   COMPRESSED   0x0000000c   Data   RW         5114    .data               stm32f4xx_hal.o
    0x20000650   COMPRESSED   0x0000003c   Data   RW         7661    .data               tasks.o
    0x2000068c   COMPRESSED   0x00000020   Data   RW         8305    .data               heap_4.o
    0x200006ac   COMPRESSED   0x0000000c   Data   RW         8373    .data               port.o
    0x200006b8   COMPRESSED   0x00000004   Data   RW         8582    .data               mc_w.l(mvars.o)
    0x200006bc   COMPRESSED   0x00000004   Data   RW         8583    .data               mc_w.l(mvars.o)
    0x200006c0   COMPRESSED   0x00000004   Data   RW         8587    .data               mc_w.l(errno.o)
    0x200006c4        -       0x00000048   Zero   RW          166    .bss                drv_can.o
    0x2000070c        -       0x000001c0   Zero   RW          385    .bss                drv_uart.o
    0x200008cc   COMPRESSED   0x00000004   PAD
    0x200008d0        -       0x00000068   Zero   RW          686    .bss                bmi.o
    0x20000938        -       0x00000030   Zero   RW         2279    .bss                chassis.o
    0x20000968        -       0x00000104   Zero   RW         2384    .bss                rc.o
    0x20000a6c        -       0x00000084   Zero   RW         2617    .bss                rp_monitor.o
    0x20000af0        -       0x00000054   Zero   RW         2618    .bss                rp_monitor.o
    0x20000b44        -       0x00000254   Zero   RW         3236    .bss                freertos.o
    0x20000d98        -       0x00000048   Zero   RW         3286    .bss                adc.o
    0x20000de0        -       0x00000050   Zero   RW         3329    .bss                can.o
    0x20000e30        -       0x00000014   Zero   RW         3377    .bss                dac.o
    0x20000e44        -       0x00000090   Zero   RW         3445    .bss                tim.o
    0x20000ed4        -       0x000002f0   Zero   RW         3500    .bss                usart.o
    0x200011c4        -       0x00000048   Zero   RW         3711    .bss                stm32f4xx_hal_timebase_tim.o
    0x2000120c        -       0x00000020   Zero   RW         4386    .bss                stm32f4xx_hal_flash.o
    0x2000122c        -       0x000000f0   Zero   RW         7660    .bss                tasks.o
    0x2000131c        -       0x00003c00   Zero   RW         8304    .bss                heap_4.o
    0x20004f1c   COMPRESSED   0x00000004   PAD
    0x20004f20        -       0x00000200   Zero   RW            2    HEAP                startup_stm32f407xx.o
    0x20005120        -       0x00000400   Zero   RW            1    STACK               startup_stm32f407xx.o


==============================================================================

Image component sizes


      Code (inc. data)   RO Data    RW Data    ZI Data      Debug   Object Name

       196         24          0          0         72       1881   adc.o
         0          0          0          0          0        416   arm_mat_init_f32.o
      1680         46          0        108        104      48621   bmi.o
     15630        116          6          0          0     119634   bmi2.o
       120         10       8261          0          0       1742   bmi270.o
       354         30          0          2          0       5906   bmi2_common.o
       396         46          0          4         80       2702   can.o
       190          4          0          0          0       6842   can_protocol.o
       528         56          0        536         48       8850   chassis.o
       210          0          0        400          0       4576   chassis_motor.o
       120          0          0          0          0      23725   cmsis_os.o
        36          8          0          0          0        595   control_task.o
       156         20          0          0         20       1847   dac.o
        48          4          0         24          0       7478   device.o
       124          4          0          0          0        934   dma.o
        42          0          0          0          0        590   driver.o
        14          4          0          0          0       1030   drv_adda.o
      1092         70          0         72         72      48166   drv_can.o
       116         24          0          4          0       2374   drv_haltick.o
         0          0          0          0          0     722300   drv_io.o
        80         20          0          0          0       1678   drv_tim.o
      1424        118          0          0        448      11334   drv_uart.o
         0          0          0          0          0      17108   event_groups.o
       148         14        204         20        596       2581   freertos.o
       304         20          0          0          0       1179   gpio.o
       472         24          0         32      15360       7743   heap_4.o
       252         10          0         12          0       2497   imu_protocol.o
        74          0          0         62          0       2847   imu_sensor.o
       138          0          0          0          0       3826   list.o
       226         10          0          0          0       2972   main.o
       220         36          0         12          0       2402   monitor_task.o
       190          6          0          0          0       1585   pid.o
       702         72          0         12          0      11480   port.o
       988         38          0         60        260      10370   rc.o
       164          6          0          0          0       1762   rc_protocol.o
       346          8          0         62          0      10838   rc_sensor.o
        58          0          0          0          0       4329   rm_protocol.o
        34          0          0          0          0        692   rp_math.o
       836         36          0        208        216       8976   rp_monitor.o
        60         12          0          4          0        867   send_task.o
       544         62          0          0          0       4607   soft_iic.o
        36          8        392          0       1536        880   startup_stm32f407xx.o
        64         10          0         12          0       7796   stm32f4xx_hal.o
       712         28          0          0          0       3059   stm32f4xx_hal_adc.o
      1638          6          0          0          0      15167   stm32f4xx_hal_can.o
       158         14          0          0          0      33398   stm32f4xx_hal_cortex.o
       202          0          0          0          0       2855   stm32f4xx_hal_dac.o
      1084         16          8          0          0       7754   stm32f4xx_hal_dma.o
       520         66          0          0         32       7094   stm32f4xx_hal_flash.o
       522         46          0          0          0       3013   stm32f4xx_hal_gpio.o
        56          4          0          0          0        958   stm32f4xx_hal_msp.o
      1412         86          0          0          0       6209   stm32f4xx_hal_rcc.o
      2020        136          0          0          0      17942   stm32f4xx_hal_tim.o
       232         28          0          0          0       3497   stm32f4xx_hal_tim_ex.o
       116         14          0          0         72       1555   stm32f4xx_hal_timebase_tim.o
      1894         30          0          0          0      15226   stm32f4xx_hal_uart.o
       204         72          0          0          0       9471   stm32f4xx_it.o
        28          6         24          4          0       1287   system_stm32f4xx.o
       156         18          0          6          0      37624   system_task.o
      1884        140          0         60        240      22645   tasks.o
       572         52          0          0        144       3549   tim.o
      1008         88          0          0        752       4670   usart.o

    ----------------------------------------------------------------------
     42896       1826       8932       1720      20060    1327531   Object Totals
         0          0         32          0          0          0   (incl. Generated)
        66          0          5          4          8          0   (incl. Padding)

    ----------------------------------------------------------------------

      Code (inc. data)   RO Data    RW Data    ZI Data      Debug   Library Member Name

       864         94         80          0          0        280   asin.o
       744        106        152          0          0        352   atan.o
       496         64          0          0          0        192   atan2.o
       104         16          0          0          0        496   dunder.o
        24          0          0          0          0        124   fabs.o
        48          0          0          0          0        124   fpclassify.o
       248          0          0          0          0        152   poly.o
         0          0          8          0          0          0   qnan.o
       110          0          0          0          0        148   sqrt.o
        86          0          0          0          0          0   __dczerorl2.o
         0          0          0          0          0          0   entry.o
         0          0          0          0          0          0   entry10a.o
         0          0          0          0          0          0   entry11a.o
         8          4          0          0          0          0   entry2.o
         4          0          0          0          0          0   entry5.o
         0          0          0          0          0          0   entry7b.o
         0          0          0          0          0          0   entry8b.o
         8          4          0          0          0          0   entry9a.o
        12          6          0          4          0         68   errno.o
        30          0          0          0          0          0   handlers.o
        36          8          0          0          0         68   init.o
         0          0          0          0          0          0   iusefp.o
        30          0          0          0          0         68   llshl.o
        36          0          0          0          0         68   llsshr.o
        32          0          0          0          0         68   llushr.o
       188         20          0          0          0        160   malloc.o
        36          0          0          0          0         68   memcpya.o
        36          0          0          0          0        108   memseta.o
         0          0          0          8          0          0   mvars.o
        98          0          0          0          0         92   uldiv.o
        56          0          0          0          0         88   d2f.o
       334          0          0          0          0        148   dadd.o
       222          0          0          0          0        100   ddiv.o
       186          0          0          0          0        176   depilogue.o
       228          0          0          0          0         96   dmul.o
       162          0          0          0          0        100   dsqrt.o
        38          0          0          0          0         68   f2d.o
       110          0          0          0          0        168   fepilogue.o

    ----------------------------------------------------------------------
      4620        322        240         12          0       3580   Library Totals
         6          0          0          0          0          0   (incl. Padding)

    ----------------------------------------------------------------------

      Code (inc. data)   RO Data    RW Data    ZI Data      Debug   Library Name

      2638        280        240          0          0       1868   m_wm.l
       640         42          0         12          0        768   mc_w.l
      1336          0          0          0          0        944   mf_w.l

    ----------------------------------------------------------------------
      4620        322        240         12          0       3580   Library Totals

    ----------------------------------------------------------------------

==============================================================================


      Code (inc. data)   RO Data    RW Data    ZI Data      Debug   

     47516       2148       9172       1732      20060    1288315   Grand Totals
     47516       2148       9172        384      20060    1288315   ELF Image Totals (compressed)
     47516       2148       9172        384          0          0   ROM Totals

==============================================================================

    Total RO  Size (Code + RO Data)                56688 (  55.36kB)
    Total RW  Size (RW Data + ZI Data)             21792 (  21.28kB)
    Total ROM Size (Code + RO Data + RW Data)      57072 (  55.73kB)

==============================================================================

