Component: ARM Compiler 5.06 update 7 (build 960) Tool: armlink [4d3601]

==============================================================================

Section Cross References

    arm_atan2_f32.o(i.arm_atan2_f32) refers to arm_atan2_f32.o(.constdata) for .constdata
    arm_cos_f32.o(i.arm_cos_f32) refers to arm_common_tables.o(.constdata) for sinTable_f32
    arm_cos_q15.o(i.arm_cos_q15) refers to arm_common_tables.o(.constdata) for sinTable_q15
    arm_cos_q31.o(i.arm_cos_q31) refers to arm_common_tables.o(.constdata) for sinTable_q31
    arm_sin_f32.o(i.arm_sin_f32) refers to arm_common_tables.o(.constdata) for sinTable_f32
    arm_sin_q15.o(i.arm_sin_q15) refers to arm_common_tables.o(.constdata) for sinTable_q15
    arm_sin_q31.o(i.arm_sin_q31) refers to arm_common_tables.o(.constdata) for sinTable_q31
    arm_sqrt_q15.o(i.arm_sqrt_q15) refers to arm_common_tables.o(.constdata) for sqrt_initial_lut_q15
    arm_sqrt_q31.o(i.arm_sqrt_q31) refers to arm_common_tables.o(.constdata) for sqrt_initial_lut_q31
    arm_divide_q15.o(i.arm_divide_q15) refers to arm_abs_q15.o(i.arm_abs_q15) for arm_abs_q15
    arm_divide_q31.o(i.arm_divide_q31) refers to arm_abs_q31.o(i.arm_abs_q31) for arm_abs_q31
    arm_divide_q31.o(i.arm_divide_q31) refers to ldiv.o(.text) for __aeabi_ldivmod
    arm_divide_q31.o(i.arm_divide_q31) refers to llsshr.o(.text) for __aeabi_lasr
    arm_vexp_f32.o(i.arm_vexp_f32) refers to expf.o(i.__hardfp_expf) for __hardfp_expf
    arm_vexp_f64.o(i.arm_vexp_f64) refers to exp.o(i.__hardfp_exp) for __hardfp_exp
    arm_vlog_f32.o(i.arm_vlog_f32) refers to logf.o(i.__hardfp_logf) for __hardfp_logf
    arm_vlog_f64.o(i.arm_vlog_f64) refers to log.o(i.__hardfp_log) for __hardfp_log
    arm_atan2_q15.o(i.arm_atan2_q15) refers to arm_negate_q15.o(i.arm_negate_q15) for arm_negate_q15
    arm_atan2_q15.o(i.arm_atan2_q15) refers to arm_divide_q15.o(i.arm_divide_q15) for arm_divide_q15
    arm_atan2_q15.o(i.arm_atan2_q15) refers to arm_shift_q15.o(i.arm_shift_q15) for arm_shift_q15
    arm_atan2_q15.o(i.arm_atan2_q15) refers to arm_atan2_q15.o(.constdata) for .constdata
    arm_atan2_q31.o(i.arm_atan2_q31) refers to arm_negate_q31.o(i.arm_negate_q31) for arm_negate_q31
    arm_atan2_q31.o(i.arm_atan2_q31) refers to arm_divide_q31.o(i.arm_divide_q31) for arm_divide_q31
    arm_atan2_q31.o(i.arm_atan2_q31) refers to arm_shift_q31.o(i.arm_shift_q31) for arm_shift_q31
    arm_atan2_q31.o(i.arm_atan2_q31) refers to arm_atan2_q31.o(.constdata) for .constdata
    arm_const_structs.o(.constdata) refers to arm_common_tables.o(.constdata) for twiddleCoefF64_16
    arm_const_structs.o(.constdata) refers to arm_common_tables.o(.constdata) for armBitRevIndexTableF64_16
    arm_const_structs.o(.constdata) refers to arm_common_tables.o(.constdata) for twiddleCoefF64_32
    arm_const_structs.o(.constdata) refers to arm_common_tables.o(.constdata) for armBitRevIndexTableF64_32
    arm_const_structs.o(.constdata) refers to arm_common_tables.o(.constdata) for twiddleCoefF64_64
    arm_const_structs.o(.constdata) refers to arm_common_tables.o(.constdata) for armBitRevIndexTableF64_64
    arm_const_structs.o(.constdata) refers to arm_common_tables.o(.constdata) for twiddleCoefF64_128
    arm_const_structs.o(.constdata) refers to arm_common_tables.o(.constdata) for armBitRevIndexTableF64_128
    arm_const_structs.o(.constdata) refers to arm_common_tables.o(.constdata) for twiddleCoefF64_256
    arm_const_structs.o(.constdata) refers to arm_common_tables.o(.constdata) for armBitRevIndexTableF64_256
    arm_const_structs.o(.constdata) refers to arm_common_tables.o(.constdata) for twiddleCoefF64_512
    arm_const_structs.o(.constdata) refers to arm_common_tables.o(.constdata) for armBitRevIndexTableF64_512
    arm_const_structs.o(.constdata) refers to arm_common_tables.o(.constdata) for twiddleCoefF64_1024
    arm_const_structs.o(.constdata) refers to arm_common_tables.o(.constdata) for armBitRevIndexTableF64_1024
    arm_const_structs.o(.constdata) refers to arm_common_tables.o(.constdata) for twiddleCoefF64_2048
    arm_const_structs.o(.constdata) refers to arm_common_tables.o(.constdata) for armBitRevIndexTableF64_2048
    arm_const_structs.o(.constdata) refers to arm_common_tables.o(.constdata) for twiddleCoefF64_4096
    arm_const_structs.o(.constdata) refers to arm_common_tables.o(.constdata) for armBitRevIndexTableF64_4096
    arm_const_structs.o(.constdata) refers to arm_common_tables.o(.constdata) for twiddleCoef_16
    arm_const_structs.o(.constdata) refers to arm_common_tables.o(.constdata) for armBitRevIndexTable16
    arm_const_structs.o(.constdata) refers to arm_common_tables.o(.constdata) for twiddleCoef_32
    arm_const_structs.o(.constdata) refers to arm_common_tables.o(.constdata) for armBitRevIndexTable32
    arm_const_structs.o(.constdata) refers to arm_common_tables.o(.constdata) for twiddleCoef_64
[...]
    CAP_setBuff0x2E                          0x08000869   Thumb Code    14  cap.o(i.CAP_setBuff0x2E)
    CAP_setBuff0x2F                          0x08000877   Thumb Code    18  cap.o(i.CAP_setBuff0x2F)
    DMA1_Stream0_IRQHandler                  0x080008e1   Thumb Code     6  stm32f4xx_it.o(i.DMA1_Stream0_IRQHandler)
    DMA1_Stream1_IRQHandler                  0x080008ed   Thumb Code     6  stm32f4xx_it.o(i.DMA1_Stream1_IRQHandler)
    DMA1_Stream2_IRQHandler                  0x080008f9   Thumb Code     6  stm32f4xx_it.o(i.DMA1_Stream2_IRQHandler)
    DMA1_Stream3_IRQHandler                  0x08000905   Thumb Code     6  stm32f4xx_it.o(i.DMA1_Stream3_IRQHandler)
    DMA1_Stream4_IRQHandler                  0x08000911   Thumb Code     6  stm32f4xx_it.o(i.DMA1_Stream4_IRQHandler)
    DMA1_Stream5_IRQHandler                  0x0800091d   Thumb Code     6  stm32f4xx_it.o(i.DMA1_Stream5_IRQHandler)
    DMA1_Stream7_IRQHandler                  0x08000929   Thumb Code     6  stm32f4xx_it.o(i.DMA1_Stream7_IRQHandler)
    DMA2_Stream2_IRQHandler                  0x08000935   Thumb Code     6  stm32f4xx_it.o(i.DMA2_Stream2_IRQHandler)
    DMA2_Stream7_IRQHandler                  0x08000941   Thumb Code     6  stm32f4xx_it.o(i.DMA2_Stream7_IRQHandler)
    DRV_UART_IRQHandler                      0x08000c97   Thumb Code    20  uart_drv.o(i.DRV_UART_IRQHandler)
    DebugMon_Handler                         0x08000cab   Thumb Code     2  stm32f4xx_it.o(i.DebugMon_Handler)
    Determine_ID                             0x08000cad   Thumb Code   258  judge.o(i.Determine_ID)
    Error_Handler                            0x08000e3d   Thumb Code     4  main.o(i.Error_Handler)
    FirstGetInto_KEY_PRESS                   0x08000e41   Thumb Code    16  rc.o(i.FirstGetInto_KEY_PRESS)
    Get_CRC16_Check_Sum                      0x08000e51   Thumb Code    38  crc.o(i.Get_CRC16_Check_Sum)
    Get_CRC8_Check_Sum                       0x08000e7d   Thumb Code    26  crc.o(i.Get_CRC8_Check_Sum)
    HAL_CAN_ActivateNotification             0x08000e9d   Thumb Code    36  stm32f4xx_hal_can.o(i.HAL_CAN_ActivateNotification)
    HAL_CAN_AddTxMessage                     0x08000ec1   Thumb Code   220  stm32f4xx_hal_can.o(i.HAL_CAN_AddTxMessage)
    HAL_CAN_ConfigFilter                     0x08000f9d   Thumb Code   262  stm32f4xx_hal_can.o(i.HAL_CAN_ConfigFilter)
    HAL_CAN_ErrorCallback                    0x080010a9   Thumb Code     2  stm32f4xx_hal_can.o(i.HAL_CAN_ErrorCallback)
    HAL_CAN_GetRxMessage                     0x080010ab   Thumb Code   232  stm32f4xx_hal_can.o(i.HAL_CAN_GetRxMessage)
    HAL_CAN_IRQHandler                       0x08001193   Thumb Code   508  stm32f4xx_hal_can.o(i.HAL_CAN_IRQHandler)
    HAL_CAN_Init                             0x0800138f   Thumb Code   282  stm32f4xx_hal_can.o(i.HAL_CAN_Init)
    HAL_CAN_MspInit                          0x080014a9   Thumb Code   226  can.o(i.HAL_CAN_MspInit)
    HAL_CAN_RxFifo0FullCallback              0x080015a5   Thumb Code     2  stm32f4xx_hal_can.o(i.HAL_CAN_RxFifo0FullCallback)
    HAL_CAN_RxFifo0MsgPendingCallback        0x080015a9   Thumb Code    20  can_drv.o(i.HAL_CAN_RxFifo0MsgPendingCallback)
    HAL_CAN_RxFifo1FullCallback              0x080015c5   Thumb Code     2  stm32f4xx_hal_can.o(i.HAL_CAN_RxFifo1FullCallback)
    HAL_CAN_RxFifo1MsgPendingCallback        0x080015c7   Thumb Code     2  stm32f4xx_hal_can.o(i.HAL_CAN_RxFifo1MsgPendingCallback)
    HAL_CAN_SleepCallback                    0x080015c9   Thumb Code     2  stm32f4xx_hal_can.o(i.HAL_CAN_SleepCallback)
    HAL_CAN_Start                            0x080015cd   Thumb Code    88  stm32f4xx_hal_can.o(i.HAL_CAN_Start)
    HAL_CAN_TxMailbox0AbortCallback          0x08001625   Thumb Code     2  stm32f4xx_hal_can.o(i.HAL_CAN_TxMailbox0AbortCallback)
    HAL_CAN_TxMailbox0CompleteCallback       0x08001627   Thumb Code     2  stm32f4xx_hal_can.o(i.HAL_CAN_TxMailbox0CompleteCallback)
    HAL_CAN_TxMailbox1AbortCallback          0x08001629   Thumb Code     2  stm32f4xx_hal_can.o(i.HAL_CAN_TxMailbox1AbortCallback)
    HAL_CAN_TxMailbox1CompleteCallback       0x0800162b   Thumb Code     2  stm32f4xx_hal_can.o(i.HAL_CAN_TxMailbox1CompleteCallback)
    HAL_CAN_TxMailbox2AbortCallback          0x0800162d   Thumb Code     2  stm32f4xx_hal_can.o(i.HAL_CAN_TxMailbox2AbortCallback)
    HAL_CAN_TxMailbox2CompleteCallback       0x0800162f   Thumb Code     2  stm32f4xx_hal_can.o(i.HAL_CAN_TxMailbox2CompleteCallback)
    HAL_CAN_WakeUpFromRxMsgCallback          0x08001631   Thumb Code     2  stm32f4xx_hal_can.o(i.HAL_CAN_WakeUpFromRxMsgCallback)
    HAL_DMA_Abort                            0x08001633   Thumb Code   146  stm32f4xx_hal_dma.o(i.HAL_DMA_Abort)
    HAL_DMA_Abort_IT                         0x080016c5   Thumb Code    36  stm32f4xx_hal_dma.o(i.HAL_DMA_Abort_IT)
    HAL_DMA_IRQHandler                       0x080016e9   Thumb Code   412  stm32f4xx_hal_dma.o(i.HAL_DMA_IRQHandler)
    HAL_DMA_Init                             0x08001889   Thumb Code   206  stm32f4xx_hal_dma.o(i.HAL_DMA_Init)
    HAL_DMA_Start_IT                         0x0800195d   Thumb Code   110  stm32f4xx_hal_dma.o(i.HAL_DMA_Start_IT)
    HAL_Delay                                0x080019cd   Thumb Code    32  stm32f4xx_hal.o(i.HAL_Delay)
    HAL_GPIO_Init                            0x080019f1   Thumb Code   450  stm32f4xx_hal_gpio.o(i.HAL_GPIO_Init)
    HAL_GPIO_TogglePin                       0x08001be1   Thumb Code    16  stm32f4xx_hal_gpio.o(i.HAL_GPIO_TogglePin)
    HAL_GPIO_WritePin                        0x08001bf1   Thumb Code    10  stm32f4xx_hal_gpio.o(i.HAL_GPIO_WritePin)
    HAL_GetTick                              0x08001bfd   Thumb Code     6  stm32f4xx_hal.o(i.HAL_GetTick)
    HAL_IWDG_Init                            0x08001c09   Thumb Code    90  stm32f4xx_hal_iwdg.o(i.HAL_IWDG_Init)
    HAL_IWDG_Refresh                         0x08001c63   Thumb Code    12  stm32f4xx_hal_iwdg.o(i.HAL_IWDG_Refresh)
    HAL_IncTick                              0x08001c71   Thumb Code    12  stm32f4xx_hal.o(i.HAL_IncTick)
    HAL_Init                                 0x08001c81   Thumb Code    48  stm32f4xx_hal.o(i.HAL_Init)
    HAL_InitTick                             0x08001cb5   Thumb Code   134  stm32f4xx_hal_timebase_tim.o(i.HAL_InitTick)
    HAL_MspInit                              0x08001d4d   Thumb Code    52  stm32f4xx_hal_msp.o(i.HAL_MspInit)
    HAL_NVIC_EnableIRQ                       0x08001d85   Thumb Code    26  stm32f4xx_hal_cortex.o(i.HAL_NVIC_EnableIRQ)
    HAL_NVIC_SetPriority                     0x08001da1   Thumb Code    60  stm32f4xx_hal_cortex.o(i.HAL_NVIC_SetPriority)
    HAL_NVIC_SetPriorityGrouping             0x08001de1   Thumb Code    26  stm32f4xx_hal_cortex.o(i.HAL_NVIC_SetPriorityGrouping)
    HAL_RCC_ClockConfig                      0x08001e05   Thumb Code   288  stm32f4xx_hal_rcc.o(i.HAL_RCC_ClockConfig)
    HAL_RCC_GetClockConfig                   0x08001f39   Thumb Code    54  stm32f4xx_hal_rcc.o(i.HAL_RCC_GetClockConfig)
    HAL_RCC_GetPCLK1Freq                     0x08001f79   Thumb Code    20  stm32f4xx_hal_rcc.o(i.HAL_RCC_GetPCLK1Freq)
    HAL_RCC_GetPCLK2Freq                     0x08001f99   Thumb Code    20  stm32f4xx_hal_rcc.o(i.HAL_RCC_GetPCLK2Freq)
    HAL_RCC_GetSysClockFreq                  0x08001fb9   Thumb Code    88  stm32f4xx_hal_rcc.o(i.HAL_RCC_GetSysClockFreq)
    HAL_RCC_OscConfig                        0x0800201d   Thumb Code   856  stm32f4xx_hal_rcc.o(i.HAL_RCC_OscConfig)
    HAL_SPI_Init                             0x08002389   Thumb Code   188  stm32f4xx_hal_spi.o(i.HAL_SPI_Init)
    HAL_SPI_MspInit                          0x08002445   Thumb Code    94  spi.o(i.HAL_SPI_MspInit)
    HAL_SPI_Receive                          0x080024b1   Thumb Code   346  stm32f4xx_hal_spi.o(i.HAL_SPI_Receive)
    HAL_SPI_Transmit                         0x0800260b   Thumb Code   358  stm32f4xx_hal_spi.o(i.HAL_SPI_Transmit)
    HAL_SPI_TransmitReceive                  0x08002771   Thumb Code   482  stm32f4xx_hal_spi.o(i.HAL_SPI_TransmitReceive)
    HAL_TIMEx_BreakCallback                  0x08002953   Thumb Code     2  stm32f4xx_hal_tim_ex.o(i.HAL_TIMEx_BreakCallback)
    HAL_TIMEx_CommutCallback                 0x08002955   Thumb Code     2  stm32f4xx_hal_tim_ex.o(i.HAL_TIMEx_CommutCallback)
    HAL_TIMEx_MasterConfigSynchronization    0x08002959   Thumb Code   116  stm32f4xx_hal_tim_ex.o(i.HAL_TIMEx_MasterConfigSynchronization)
    HAL_TIM_Base_Init                        0x080029e9   Thumb Code    90  stm32f4xx_hal_tim.o(i.HAL_TIM_Base_Init)
    HAL_TIM_Base_MspInit                     0x08002a45   Thumb Code   136  tim.o(i.HAL_TIM_Base_MspInit)
    HAL_TIM_Base_Start_IT                    0x08002add   Thumb Code   100  stm32f4xx_hal_tim.o(i.HAL_TIM_Base_Start_IT)
    HAL_TIM_ConfigClockSource                0x08002b5d   Thumb Code   220  stm32f4xx_hal_tim.o(i.HAL_TIM_ConfigClockSource)
    HAL_TIM_IC_CaptureCallback               0x08002c39   Thumb Code     2  stm32f4xx_hal_tim.o(i.HAL_TIM_IC_CaptureCallback)
    HAL_TIM_IRQHandler                       0x08002c3b   Thumb Code   358  stm32f4xx_hal_tim.o(i.HAL_TIM_IRQHandler)
    HAL_TIM_OC_DelayElapsedCallback          0x08002da1   Thumb Code     2  stm32f4xx_hal_tim.o(i.HAL_TIM_OC_DelayElapsedCallback)
    HAL_TIM_PWM_PulseFinishedCallback        0x08002da3   Thumb Code     2  stm32f4xx_hal_tim.o(i.HAL_TIM_PWM_PulseFinishedCallback)
    HAL_TIM_PeriodElapsedCallback            0x08002da5   Thumb Code    14  main.o(i.HAL_TIM_PeriodElapsedCallback)
    HAL_TIM_TriggerCallback                  0x08002db3   Thumb Code     2  stm32f4xx_hal_tim.o(i.HAL_TIM_TriggerCallback)
    HAL_UARTEx_RxEventCallback               0x08002db5   Thumb Code     2  stm32f4xx_hal_uart.o(i.HAL_UARTEx_RxEventCallback)
    HAL_UART_ErrorCallback                   0x08002db7   Thumb Code     2  stm32f4xx_hal_uart.o(i.HAL_UART_ErrorCallback)
    HAL_UART_IRQHandler                      0x08002db9   Thumb Code   610  stm32f4xx_hal_uart.o(i.HAL_UART_IRQHandler)
    HAL_UART_Init                            0x08003021   Thumb Code    98  stm32f4xx_hal_uart.o(i.HAL_UART_Init)
    HAL_UART_MspInit                         0x08003085   Thumb Code   968  usart.o(i.HAL_UART_MspInit)
    HAL_UART_RxCpltCallback                  0x08003489   Thumb Code     2  stm32f4xx_hal_uart.o(i.HAL_UART_RxCpltCallback)
    HAL_UART_Transmit_DMA                    0x0800348d   Thumb Code   126  stm32f4xx_hal_uart.o(i.HAL_UART_Transmit_DMA)
    HAL_UART_TxCpltCallback                  0x08003519   Thumb Code     2  stm32f4xx_hal_uart.o(i.HAL_UART_TxCpltCallback)
    HAL_UART_TxHalfCpltCallback              0x0800351b   Thumb Code     2  stm32f4xx_hal_uart.o(i.HAL_UART_TxHalfCpltCallback)
    HardFault_Handler                        0x0800351d   Thumb Code     2  stm32f4xx_it.o(i.HardFault_Handler)
    IIC_Ack                                  0x08003521   Thumb Code    56  iic_drv.o(i.IIC_Ack)
    IIC_Init                                 0x08003561   Thumb Code   130  iic_drv.o(i.IIC_Init)
    IIC_NAck                                 0x080035ed   Thumb Code    56  iic_drv.o(i.IIC_NAck)
    IIC_Read_Byte                            0x0800362d   Thumb Code    96  iic_drv.o(i.IIC_Read_Byte)
    IIC_Read_Cicle                           0x08003695   Thumb Code    76  iic_drv.o(i.IIC_Read_Cicle)
    IIC_Send_Byte                            0x080036e1   Thumb Code    86  iic_drv.o(i.IIC_Send_Byte)
    IIC_Start                                0x08003741   Thumb Code    56  iic_drv.o(i.IIC_Start)
    IIC_Stop                                 0x08003781   Thumb Code    58  iic_drv.o(i.IIC_Stop)
    IIC_Wait_Ack                             0x080037c5   Thumb Code    74  iic_drv.o(i.IIC_Wait_Ack)
    Imu_SPI_Init                             0x08003985   Thumb Code    84  spi_drv.o(i.Imu_SPI_Init)
    KEY_State_Judge                          0x080039e1   Thumb Code    98  rc.o(i.KEY_State_Judge)
    Led_All_Light                            0x08003a45   Thumb Code    10  led.o(i.Led_All_Light)
    Led_All_Shine                            0x08003a55   Thumb Code    30  led.o(i.Led_All_Shine)
    Led_Running                              0x08003a7d   Thumb Code   118  led.o(i.Led_Running)
    MASTER_HeartBeat                         0x08003afd   Thumb Code    30  master.o(i.MASTER_HeartBeat)
    MASTER_sendBuff                          0x08003b21   Thumb Code     2  master.o(i.MASTER_sendBuff)
    MX_CAN1_Init                             0x08003b25   Thumb Code    62  can.o(i.MX_CAN1_Init)
    MX_CAN2_Init                             0x08003b6d   Thumb Code    62  can.o(i.MX_CAN2_Init)
    MX_DMA_Init                              0x08003bb5   Thumb Code   184  dma.o(i.MX_DMA_Init)
    MX_FREERTOS_Init                         0x08003c71   Thumb Code    74  freertos.o(i.MX_FREERTOS_Init)
    MX_GPIO_Init                             0x08003cc5   Thumb Code   132  gpio.o(i.MX_GPIO_Init)
    MX_IWDG_Init                             0x08003d51   Thumb Code    36  iwdg.o(i.MX_IWDG_Init)
    MX_SPI2_Init                             0x08003d7d   Thumb Code    62  spi.o(i.MX_SPI2_Init)
    MX_TIM1_Init                             0x08003dc5   Thumb Code    98  tim.o(i.MX_TIM1_Init)
    MX_TIM4_Init                             0x08003e31   Thumb Code    96  tim.o(i.MX_TIM4_Init)
    MX_UART4_Init                            0x08003e99   Thumb Code    48  usart.o(i.MX_UART4_Init)
    MX_UART5_Init                            0x08003ed1   Thumb Code    48  usart.o(i.MX_UART5_Init)
    MX_USART1_UART_Init                      0x08003f09   Thumb Code    48  usart.o(i.MX_USART1_UART_Init)
    MX_USART2_UART_Init                      0x08003f41   Thumb Code    50  usart.o(i.MX_USART2_UART_Init)
    MX_USART3_UART_Init                      0x08003f81   Thumb Code    48  usart.o(i.MX_USART3_UART_Init)
    MemManage_Handler                        0x08003fb9   Thumb Code     2  stm32f4xx_it.o(i.MemManage_Handler)
    NMI_Handler                              0x08003fbb   Thumb Code     2  stm32f4xx_it.o(i.NMI_Handler)
    RC_DeathZoom                             0x08003fd7   Thumb Code    34  rc.o(i.RC_DeathZoom)
    RC_Key2Channel                           0x08003ff9   Thumb Code   244  rc.o(i.RC_Key2Channel)
    RC_KeyMouseReceive                       0x080040f1   Thumb Code   336  rc.o(i.RC_KeyMouseReceive)
    RC_Mouse_Speed                           0x08004245   Thumb Code   214  rc.o(i.RC_Mouse_Speed)
    RC_ResetData                             0x0800433d   Thumb Code     8  rc.o(i.RC_ResetData)
    RC_ResetJudge                            0x08004345   Thumb Code   150  rc.o(i.RC_ResetJudge)
    RC_SF                                    0x080043e1   Thumb Code    56  rc.o(i.RC_SF)
    RM_MotorCAN1                             0x08004419   Thumb Code    44  motor.o(i.RM_MotorCAN1)
    RM_MotorCAN2                             0x08004449   Thumb Code    44  motor.o(i.RM_MotorCAN2)
    RM_MotorControl_Test                     0x08004479   Thumb Code    60  motor.o(i.RM_MotorControl_Test)
    RM_MotorHeartBeat                        0x080044b9   Thumb Code    62  motor.o(i.RM_MotorHeartBeat)
    RM_MotorInit                             0x080044fd   Thumb Code   102  motor.o(i.RM_MotorInit)
    RP_IMU_INIT                              0x0800456d   Thumb Code    38  rp_init.o(i.RP_IMU_INIT)
    RP_INIT                                  0x08004599   Thumb Code    64  rp_init.o(i.RP_INIT)
    RP_QuaternionMartix_LeftMult             0x080045e5   Thumb Code   158  imu.o(i.RP_QuaternionMartix_LeftMult)
    RP_QuaternionMartix_RightMult            0x08004683   Thumb Code   158  imu.o(i.RP_QuaternionMartix_RightMult)
    Sim_Channel                              0x080048c5   Thumb Code    58  rc.o(i.Sim_Channel)
    StartCommunityTask                       0x0800490d   Thumb Code    46  tasks_center.o(i.StartCommunityTask)
    StartControlTask                         0x08004945   Thumb Code    18  tasks_center.o(i.StartControlTask)
    StartMonitorTask                         0x0800495d   Thumb Code    84  tasks_center.o(i.StartMonitorTask)
    SysTick_Handler                          0x080049c9   Thumb Code    38  port.o(i.SysTick_Handler)
    SystemClock_Config                       0x080049f5   Thumb Code   148  main.o(i.SystemClock_Config)
    SystemInit                               0x08004a91   Thumb Code    12  system_stm32f4xx.o(i.SystemInit)
    TIM2_IRQHandler                          0x08004aa1   Thumb Code     6  stm32f4xx_it.o(i.TIM2_IRQHandler)
    TIM4_IRQHandler                          0x08004aad   Thumb Code     6  stm32f4xx_it.o(i.TIM4_IRQHandler)
    TIM_Base_SetConfig                       0x08004ab9   Thumb Code   156  stm32f4xx_hal_tim.o(i.TIM_Base_SetConfig)
    TIM_ETR_SetConfig                        0x08004b81   Thumb Code    20  stm32f4xx_hal_tim.o(i.TIM_ETR_SetConfig)
    UART4_IRQHandler                         0x08004bed   Thumb Code    18  stm32f4xx_it.o(i.UART4_IRQHandler)
    UART5_IRQHandler                         0x08004c05   Thumb Code    18  stm32f4xx_it.o(i.UART5_IRQHandler)
    UART_Send                                0x08004ded   Thumb Code    58  uart_drv.o(i.UART_Send)
    USART1_IRQHandler                        0x08004f49   Thumb Code    18  stm32f4xx_it.o(i.USART1_IRQHandler)
    USART1_Init                              0x08004f61   Thumb Code    48  uart_drv.o(i.USART1_Init)
    USART1_rxDataHandler                     0x08004f99   Thumb Code    10  usart_potocal.o(i.USART1_rxDataHandler)
    USART2_IRQHandler                        0x08004fa9   Thumb Code    18  stm32f4xx_it.o(i.USART2_IRQHandler)
    USART2_Init                              0x08004fc1   Thumb Code    52  uart_drv.o(i.USART2_Init)
    USART2_rxDataHandler                     0x08004ffd   Thumb Code    12  usart_potocal.o(i.USART2_rxDataHandler)
    USART3_IRQHandler                        0x0800500d   Thumb Code    18  stm32f4xx_it.o(i.USART3_IRQHandler)
    USART3_Init                              0x08005025   Thumb Code    48  uart_drv.o(i.USART3_Init)
    USART3_rxDataHandler                     0x0800505d   Thumb Code     2  usart_potocal.o(i.USART3_rxDataHandler)
    USART4_Init                              0x08005061   Thumb Code    48  uart_drv.o(i.USART4_Init)
    USART4_rxDataHandler                     0x08005099   Thumb Code     2  usart_potocal.o(i.USART4_rxDataHandler)
    USART5_Init                              0x0800509d   Thumb Code    48  uart_drv.o(i.USART5_Init)
    USART5_rxDataHandler                     0x080050d5   Thumb Code    12  usart_potocal.o(i.USART5_rxDataHandler)
    UsageFault_Handler                       0x080050e5   Thumb Code     2  stm32f4xx_it.o(i.UsageFault_Handler)
    Verify_CRC16_Check_Sum                   0x080050e9   Thumb Code    54  crc.o(i.Verify_CRC16_Check_Sum)
    Verify_CRC8_Check_Sum                    0x08005125   Thumb Code    42  crc.o(i.Verify_CRC8_Check_Sum)
    __scatterload_copy                       0x0800516f   Thumb Code    14  handlers.o(i.__scatterload_copy)
    __scatterload_null                       0x0800517d   Thumb Code     2  handlers.o(i.__scatterload_null)
    __scatterload_zeroinit                   0x0800517f   Thumb Code    14  handlers.o(i.__scatterload_zeroinit)
    arm_atan2_f32                            0x0800518d   Thumb Code   512  arm_atan2_f32.o(i.arm_atan2_f32)
    arm_cos_f32                              0x080053a9   Thumb Code   118  arm_cos_f32.o(i.arm_cos_f32)
    arm_sin_f32                              0x0800542d   Thumb Code   114  arm_sin_f32.o(i.arm_sin_f32)
    bmi270_get_sensor_config                 0x080054ad   Thumb Code   134  bmi270.o(i.bmi270_get_sensor_config)
    bmi270_init                              0x08005535   Thumb Code   102  bmi270.o(i.bmi270_init)
    bmi270_sensor_enable                     0x080055a9   Thumb Code   126  bmi270.o(i.bmi270_sensor_enable)
    bmi270_set_sensor_config                 0x08005627   Thumb Code   130  bmi270.o(i.bmi270_set_sensor_config)
    bmi2_delay                               0x080056a9   Thumb Code    24  common.o(i.bmi2_delay)
    bmi2_delay_us                            0x080056c1   Thumb Code    24  common.o(i.bmi2_delay_us)
    bmi2_error_codes_print_result            0x080056d9   Thumb Code     2  common.o(i.bmi2_error_codes_print_result)
    bmi2_extract_input_feat_config           0x080056db   Thumb Code    54  bmi2.o(i.bmi2_extract_input_feat_config)
    bmi2_get_feat_config                     0x08005711   Thumb Code   160  bmi2.o(i.bmi2_get_feat_config)
    bmi2_get_feature_data                    0x080057b1   Thumb Code   132  bmi2.o(i.bmi2_get_feature_data)
    bmi2_get_gyro_cross_sense                0x08005835   Thumb Code    64  bmi2.o(i.bmi2_get_gyro_cross_sense)
    bmi2_get_internal_status                 0x08005875   Thumb Code    46  bmi2.o(i.bmi2_get_internal_status)
    bmi2_get_regs                            0x080058a9   Thumb Code   126  bmi2.o(i.bmi2_get_regs)
    bmi2_get_sensor_config                   0x08005927   Thumb Code   182  bmi2.o(i.bmi2_get_sensor_config)
    bmi2_get_status                          0x080059dd   Thumb Code    38  bmi2.o(i.bmi2_get_status)
    bmi2_i2c_read                            0x08005a05   Thumb Code    94  common.o(i.bmi2_i2c_read)
    bmi2_i2c_write                           0x08005a69   Thumb Code    80  common.o(i.bmi2_i2c_write)
    bmi2_interface_init                      0x08005abd   Thumb Code    74  common.o(i.bmi2_interface_init)
    bmi2_map_data_int                        0x08005b21   Thumb Code   118  bmi2.o(i.bmi2_map_data_int)
    bmi2_micros                              0x08005b99   Thumb Code    30  common.o(i.bmi2_micros)
    bmi2_sec_init                            0x08005bbd   Thumb Code   114  bmi2.o(i.bmi2_sec_init)
    bmi2_set_adv_power_save                  0x08005c35   Thumb Code    84  bmi2.o(i.bmi2_set_adv_power_save)
    bmi2_set_regs                            0x08005c89   Thumb Code   108  bmi2.o(i.bmi2_set_regs)
    bmi2_set_sensor_config                   0x08005cf5   Thumb Code   170  bmi2.o(i.bmi2_set_sensor_config)
    bmi2_soft_reset                          0x08005d9f   Thumb Code   104  bmi2.o(i.bmi2_soft_reset)
    bmi2_spi_read                            0x08005e09   Thumb Code    72  common.o(i.bmi2_spi_read)
    bmi2_spi_write                           0x08005e59   Thumb Code    72  common.o(i.bmi2_spi_write)
    bmi2_write_config_file                   0x08005ea9   Thumb Code    86  bmi2.o(i.bmi2_write_config_file)
    bmi_init                                 0x08005f01   Thumb Code    48  bmi.o(i.bmi_init)
    delay_us                                 0x080060a5   Thumb Code    24  tick_drv.o(i.delay_us)
    free                                     0x08006225   Thumb Code    76  malloc.o(i.free)
    get_rm_can_drvie                         0x080066a1   Thumb Code    88  rm_motor.o(i.get_rm_can_drvie)
    get_rm_info                              0x08006701   Thumb Code   144  rm_motor.o(i.get_rm_info)
    imu_half_cycle                           0x08006a1f   Thumb Code    60  imu.o(i.imu_half_cycle)
    inVSqrt                                  0x08006fed   Thumb Code    40  imu.o(i.inVSqrt)
    int16_to_float                           0x08007019   Thumb Code    38  cap.o(i.int16_to_float)
    main                                     0x08007291   Thumb Code    74  main.o(i.main)
    malloc                                   0x080072e9   Thumb Code    92  malloc.o(i.malloc)
    micros                                   0x08007389   Thumb Code    30  tick_drv.o(i.micros)
    motor_class_heartbeat                    0x080073ad   Thumb Code    42  rm_motor.o(i.motor_class_heartbeat)
    motor_class_init                         0x080073d9   Thumb Code   100  rm_motor.o(i.motor_class_init)
    motor_class_pid_init                     0x08007465   Thumb Code    44  rm_motor.o(i.motor_class_pid_init)
    motor_class_stucking_flag                0x08007491   Thumb Code    44  rm_motor.o(i.motor_class_stucking_flag)
    motor_cycle                              0x080074bd   Thumb Code    32  rm_motor.o(i.motor_cycle)
    motor_half_cycle                         0x080074dd   Thumb Code    60  rm_motor.o(i.motor_half_cycle)
    motor_judge_dir                          0x08007519   Thumb Code    50  rm_motor.o(i.motor_judge_dir)
    motor_offset                             0x0800754b   Thumb Code    72  rm_motor.o(i.motor_offset)
    motor_pid_angle                          0x08007595   Thumb Code    72  rm_motor.o(i.motor_pid_angle)
    motor_pid_cal                            0x080075e5   Thumb Code   274  rm_motor.o(i.motor_pid_cal)
    motor_pid_ctrl                           0x080076fd   Thumb Code   346  rm_motor.o(i.motor_pid_ctrl)
    motor_pid_double                         0x08007869   Thumb Code     8  rm_motor.o(i.motor_pid_double)
    motor_pid_err                            0x08007871   Thumb Code    30  rm_motor.o(i.motor_pid_err)
    motor_pid_position                       0x08007895   Thumb Code    56  rm_motor.o(i.motor_pid_position)
    motor_pid_single                         0x080078d1   Thumb Code    16  rm_motor.o(i.motor_pid_single)
    motor_pid_speed                          0x080078e5   Thumb Code    46  rm_motor.o(i.motor_pid_speed)
    osDelay                                  0x08007949   Thumb Code    14  cmsis_os.o(i.osDelay)
    osKernelStart                            0x08007957   Thumb Code    10  cmsis_os.o(i.osKernelStart)
    osThreadCreate                           0x08007961   Thumb Code    84  cmsis_os.o(i.osThreadCreate)
    pvPortMalloc                             0x08007d01   Thumb Code   216  heap_4.o(i.pvPortMalloc)
    pxPortInitialiseStack                    0x08007ddd   Thumb Code    40  port.o(i.pxPortInitialiseStack)
    rm_motor_rx                              0x08007fa5   Thumb Code    36  rm_motor.o(i.rm_motor_rx)
    rm_motor_tx                              0x08007fc9   Thumb Code    92  rm_motor.o(i.rm_motor_tx)
    uxListRemove                             0x08008e9d   Thumb Code    38  list.o(i.uxListRemove)
    vApplicationGetIdleTaskMemory            0x08008ec5   Thumb Code    16  freertos.o(i.vApplicationGetIdleTaskMemory)
    vListInitialise                          0x08008ed9   Thumb Code    22  list.o(i.vListInitialise)
    vListInitialiseItem                      0x08008eef   Thumb Code     6  list.o(i.vListInitialiseItem)
    vListInsert                              0x08008ef5   Thumb Code    48  list.o(i.vListInsert)
    vListInsertEnd                           0x08008f25   Thumb Code    24  list.o(i.vListInsertEnd)
    vPortEnterCritical                       0x08008f3d   Thumb Code    54  port.o(i.vPortEnterCritical)
    vPortExitCritical                        0x08008f7d   Thumb Code    34  port.o(i.vPortExitCritical)
    vPortFree                                0x08008fa5   Thumb Code    94  heap_4.o(i.vPortFree)
    vPortSetupTimerInterrupt                 0x08009009   Thumb Code    32  port.o(i.vPortSetupTimerInterrupt)
    vPortValidateInterruptPriority           0x0800902d   Thumb Code    74  port.o(i.vPortValidateInterruptPriority)
    vTaskDelay                               0x08009081   Thumb Code    66  tasks.o(i.vTaskDelay)
    vTaskStartScheduler                      0x080090cd   Thumb Code    90  tasks.o(i.vTaskStartScheduler)
    vTaskSuspendAll                          0x08009139   Thumb Code    10  tasks.o(i.vTaskSuspendAll)
    vTaskSwitchContext                       0x08009149   Thumb Code    82  tasks.o(i.vTaskSwitchContext)
    xPortStartScheduler                      0x08009331   Thumb Code   222  port.o(i.xPortStartScheduler)
    xTaskCreate                              0x08009425   Thumb Code    90  tasks.o(i.xTaskCreate)
    xTaskCreateStatic                        0x0800947f   Thumb Code    86  tasks.o(i.xTaskCreateStatic)
    xTaskGetTickCountFromISR                 0x080094d5   Thumb Code    12  tasks.o(i.xTaskGetTickCountFromISR)
    xTaskIncrementTick                       0x080094e5   Thumb Code   194  tasks.o(i.xTaskIncrementTick)
    xTaskResumeAll                           0x080095b1   Thumb Code   182  tasks.o(i.xTaskResumeAll)
    sinTable_f32                             0x0800969c   Data        2052  arm_common_tables.o(.constdata)
    CRC8_TAB                                 0x08009ea0   Data         256  crc.o(.constdata)
    wCRC_Table                               0x08009fa0   Data         512  crc.o(.constdata)
    bmi270_config_file                       0x0800a1a6   Data        8192  bmi270.o(.constdata)
    bmi270_feat_in                           0x0800c1a6   Data          51  bmi270.o(.constdata)
    bmi270_feat_out                          0x0800c1d9   Data          21  bmi270.o(.constdata)
    AHBPrescTable                            0x0800c24c   Data          16  system_stm32f4xx.o(.constdata)
    APBPrescTable                            0x0800c25c   Data           8  system_stm32f4xx.o(.constdata)
    Region$$Table$$Base                      0x0800c28c   Number         0  anon$$obj.o(Region$$Table)
    Region$$Table$$Limit                     0x0800c2ac   Number         0  anon$$obj.o(Region$$Table)
    haltick                                  0x20000000   Data           4  tick_drv.o(.data)
    CH_UP                                    0x20000008   Data           4  rc.o(.data)
    CH_DOWN                                  0x2000000c   Data           4  rc.o(.data)
    Mouse_X_Last                             0x20000010   Data           4  rc.o(.data)
    Mouse_Y_Last                             0x20000014   Data           4  rc.o(.data)
    W_Chan                                   0x20000018   Data           4  rc.o(.data)
    S_Chan                                   0x2000001c   Data           4  rc.o(.data)
    A_Chan                                   0x20000020   Data           4  rc.o(.data)
    D_Chan                                   0x20000024   Data           4  rc.o(.data)
    rc                                       0x20000028   Data         448  rc.o(.data)
    led                                      0x200001e8   Data          12  led.o(.data)
    cap                                      0x200001f8   Data          68  cap.o(.data)
    bmi_client                               0x2000023c   Data          20  imu.o(.data)
    exInt                                    0x20000254   Data           4  imu.o(.data)
    eyInt                                    0x20000258   Data           4  imu.o(.data)
    ezInt                                    0x2000025c   Data           4  imu.o(.data)
    imu                                      0x20000260   Data         304  imu.o(.data)
    targetTest                               0x20000390   Data           4  motor.o(.data)
    SendBuffTest                             0x20000394   Data           8  motor.o(.data)
    motor                                    0x2000039c   Data        2016  motor.o(.data)
    test_speed_pid_param                     0x20000b7c   Data          28  motor.o(.data)
    yaw_imu_out_pid_param                    0x20000b98   Data          28  motor.o(.data)
    yaw_imu_inn_pid_param                    0x20000bb4   Data          28  motor.o(.data)
    pit_imu_out_pid_param                    0x20000bd0   Data          28  motor.o(.data)
    pit_imu_inn_pid_param                    0x20000bec   Data          28  motor.o(.data)
    master                                   0x20000c08   Data          40  master.o(.data)
    CRC_INIT                                 0x20000c30   Data           2  crc.o(.data)
    judge                                    0x20000c34   Data         212  judge.o(.data)
    vision                                   0x20000d08   Data         112  vision.o(.data)
    bmi270_map_int                           0x20000d78   Data          16  bmi270.o(.data)
    btick                                    0x20000d8c   Data           4  common.o(.data)
    MonitorTaskHandle                        0x20000d90   Data           4  freertos.o(.data)
    CommunityTaskHandle                      0x20000d94   Data           4  freertos.o(.data)
    ControlTaskHandle                        0x20000d98   Data           4  freertos.o(.data)
    uwTickFreq                               0x20000da0   Data           1  stm32f4xx_hal.o(.data)
    uwTickPrio                               0x20000da4   Data           4  stm32f4xx_hal.o(.data)
    uwTick                                   0x20000da8   Data           4  stm32f4xx_hal.o(.data)
    SystemCoreClock                          0x20000dac   Data           4  system_stm32f4xx.o(.data)
    pxCurrentTCB                             0x20000db0   Data           4  tasks.o(.data)
    __microlib_freelist                      0x20000e18   Data           4  mvars.o(.data)
    __microlib_freelist_initialised          0x20000e1c   Data           4  mvars.o(.data)
    hcan1RxFrame                             0x20000e20   Data          36  can_drv.o(.bss)
    hcan2RxFrame                             0x20000e44   Data          36  can_drv.o(.bss)
    hcan1TxFrame                             0x20000e68   Data          32  can_drv.o(.bss)
    hcan2TxFrame                             0x20000e88   Data          32  can_drv.o(.bss)
    hcan1RmFrame                             0x20000ea8   Data          24  can_drv.o(.bss)
    hcan2RmFrame                             0x20000ec0   Data          24  can_drv.o(.bss)
    usart1_dma_rxbuf                         0x20000ed8   Data         350  uart_drv.o(.bss)
    usart2_dma_rxbuf                         0x20001036   Data          48  uart_drv.o(.bss)
    usart3_dma_rxbuf                         0x20001066   Data         350  uart_drv.o(.bss)
    usart4_dma_rxbuf                         0x200011c4   Data         350  uart_drv.o(.bss)
    usart5_dma_rxbuf                         0x20001322   Data         350  uart_drv.o(.bss)
    bmi270                                   0x20001480   Data         104  imu.o(.bss)
    hcan1                                    0x2000173c   Data          40  can.o(.bss)
    hcan2                                    0x20001764   Data          40  can.o(.bss)
    hiwdg                                    0x2000178c   Data          12  iwdg.o(.bss)
    hspi2                                    0x20001798   Data          88  spi.o(.bss)
    htim1                                    0x200017f0   Data          72  tim.o(.bss)
    htim4                                    0x20001838   Data          72  tim.o(.bss)
    huart4                                   0x20001880   Data          68  usart.o(.bss)
    huart5                                   0x200018c4   Data          68  usart.o(.bss)
    huart1                                   0x20001908   Data          68  usart.o(.bss)
    huart2                                   0x2000194c   Data          68  usart.o(.bss)
    huart3                                   0x20001990   Data          68  usart.o(.bss)
    hdma_uart4_rx                            0x200019d4   Data          96  usart.o(.bss)
    hdma_uart4_tx                            0x20001a34   Data          96  usart.o(.bss)
    hdma_uart5_rx                            0x20001a94   Data          96  usart.o(.bss)
    hdma_uart5_tx                            0x20001af4   Data          96  usart.o(.bss)
    hdma_usart1_rx                           0x20001b54   Data          96  usart.o(.bss)
    hdma_usart1_tx                           0x20001bb4   Data          96  usart.o(.bss)
    hdma_usart2_rx                           0x20001c14   Data          96  usart.o(.bss)
    hdma_usart3_rx                           0x20001c74   Data          96  usart.o(.bss)
    hdma_usart3_tx                           0x20001cd4   Data          96  usart.o(.bss)
    htim2                                    0x20001d34   Data          72  stm32f4xx_hal_timebase_tim.o(.bss)
    __heap_base                              0x20005a70   Data           0  startup_stm32f407xx.o(HEAP)
    __heap_limit                             0x20005c70   Data           0  startup_stm32f407xx.o(HEAP)
    __initial_sp                             0x20006070   Data           0  startup_stm32f407xx.o(STACK)



==============================================================================

Memory Map of the image

  Image Entry point : 0x08000189

  Load Region LR_IROM1 (Base: 0x08000000, Size: 0x0000d0cc, Max: 0x00080000, ABSOLUTE, COMPRESSED[0x0000c3e0])

    Execution Region ER_IROM1 (Exec base: 0x08000000, Load base: 0x08000000, Size: 0x0000c2ac, Max: 0x00080000, ABSOLUTE)

    Exec Addr    Load Addr    Size         Type   Attr      Idx    E Section Name        Object

    0x08000000   0x08000000   0x00000188   Data   RO         5427    RESET               startup_stm32f407xx.o
    0x08000188   0x08000188   0x00000000   Code   RO        10519  * .ARM.Collect$$$$00000000  mc_w.l(entry.o)
    0x08000188   0x08000188   0x00000004   Code   RO        10611    .ARM.Collect$$$$00000001  mc_w.l(entry2.o)
    0x0800018c   0x0800018c   0x00000004   Code   RO        10614    .ARM.Collect$$$$00000004  mc_w.l(entry5.o)
    0x08000190   0x08000190   0x00000000   Code   RO        10616    .ARM.Collect$$$$00000008  mc_w.l(entry7b.o)
    0x08000190   0x08000190   0x00000000   Code   RO        10618    .ARM.Collect$$$$0000000A  mc_w.l(entry8b.o)
    0x08000190   0x08000190   0x00000008   Code   RO        10619    .ARM.Collect$$$$0000000B  mc_w.l(entry9a.o)
    0x08000198   0x08000198   0x00000004   Code   RO        10626    .ARM.Collect$$$$0000000E  mc_w.l(entry12b.o)
    0x0800019c   0x0800019c   0x00000000   Code   RO        10621    .ARM.Collect$$$$0000000F  mc_w.l(entry10a.o)
    0x0800019c   0x0800019c   0x00000000   Code   RO        10623    .ARM.Collect$$$$00000011  mc_w.l(entry11a.o)
    0x0800019c   0x0800019c   0x00000004   Code   RO        10612    .ARM.Collect$$$$00002712  mc_w.l(entry2.o)
    0x080001a0   0x080001a0   0x000000be   Code   RO        10380    .emb_text           port.o
    0x0800025e   0x0800025e   0x00000002   PAD
    0x08000260   0x08000260   0x00000024   Code   RO         5428    .text               startup_stm32f407xx.o
    0x08000284   0x08000284   0x00000062   Code   RO        10522    .text               mc_w.l(uldiv.o)
    0x080002e6   0x080002e6   0x0000001e   Code   RO        10526    .text               mc_w.l(llshl.o)
    0x08000304   0x08000304   0x00000024   Code   RO        10530    .text               mc_w.l(memcpya.o)
    0x08000328   0x08000328   0x00000024   Code   RO        10534    .text               mc_w.l(memseta.o)
    0x0800034c   0x0800034c   0x00000020   Code   RO        10627    .text               mc_w.l(llushr.o)
    0x0800036c   0x0800036c   0x00000024   Code   RO        10655    .text               mc_w.l(init.o)
    0x08000390   0x08000390   0x00000056   Code   RO        10665    .text               mc_w.l(__dczerorl2.o)
    0x080003e6   0x080003e6   0x00000002   PAD
    0x080003e8   0x080003e8   0x00000274   Code   RO         3580    i.AccGyr_2_EulerAngle  imu.o
    0x0800065c   0x0800065c   0x00000002   Code   RO         5851    i.BusFault_Handler  stm32f4xx_it.o
    0x0800065e   0x0800065e   0x00000002   PAD
    0x08000660   0x08000660   0x00000028   Code   RO         3148    i.CAN1_Init         can_drv.o
    0x08000688   0x08000688   0x0000000c   Code   RO         5852    i.CAN1_RX0_IRQHandler  stm32f4xx_it.o
    0x08000694   0x08000694   0x00000010   Code   RO         3150    i.CAN1_SendData     can_drv.o
    0x080006a4   0x080006a4   0x0000001c   Code   RO         3847    i.CAN1_rxDataHandler  can_potocal.o
    0x080006c0   0x080006c0   0x00000028   Code   RO         3153    i.CAN2_Init         can_drv.o
    0x080006e8   0x080006e8   0x0000000c   Code   RO         5853    i.CAN2_RX0_IRQHandler  stm32f4xx_it.o
    0x080006f4   0x080006f4   0x00000010   Code   RO         3155    i.CAN2_SendData     can_drv.o
    0x08000704   0x08000704   0x0000002c   Code   RO         3848    i.CAN2_rxDataHandler  can_potocal.o
    0x08000730   0x08000730   0x0000001a   Code   RO         3158    i.CAN_Filter_ParamsInit  can_drv.o
    0x0800074a   0x0800074a   0x00000002   PAD
    0x0800074c   0x0800074c   0x00000058   Code   RO         3160    i.CAN_Rx_Callback   can_drv.o
    0x080007a4   0x080007a4   0x0000006c   Code   RO         3161    i.CAN_SendData      can_drv.o
    0x08000810   0x08000810   0x00000058   Code   RO         3528    i.CAP_rxMessage     cap.o
    0x08000868   0x08000868   0x0000000e   Code   RO         3529    i.CAP_setBuff0x2E   cap.o
    0x08000876   0x08000876   0x00000012   Code   RO         3530    i.CAP_setBuff0x2F   cap.o
    0x08000888   0x08000888   0x00000056   Code   RO         3531    i.CAP_setMessage    cap.o
    0x080008de   0x080008de   0x00000002   PAD
    0x080008e0   0x080008e0   0x0000000c   Code   RO         5854    i.DMA1_Stream0_IRQHandler  stm32f4xx_it.o
    0x080008ec   0x080008ec   0x0000000c   Code   RO         5855    i.DMA1_Stream1_IRQHandler  stm32f4xx_it.o
    0x080008f8   0x080008f8   0x0000000c   Code   RO         5856    i.DMA1_Stream2_IRQHandler  stm32f4xx_it.o
    0x08000904   0x08000904   0x0000000c   Code   RO         5857    i.DMA1_Stream3_IRQHandler  stm32f4xx_it.o
    0x08000910   0x08000910   0x0000000c   Code   RO         5858    i.DMA1_Stream4_IRQHandler  stm32f4xx_it.o
    0x0800091c   0x0800091c   0x0000000c   Code   RO         5859    i.DMA1_Stream5_IRQHandler  stm32f4xx_it.o
    0x08000928   0x08000928   0x0000000c   Code   RO         5860    i.DMA1_Stream7_IRQHandler  stm32f4xx_it.o
    0x08000934   0x08000934   0x0000000c   Code   RO         5861    i.DMA2_Stream2_IRQHandler  stm32f4xx_it.o
    0x08000940   0x08000940   0x0000000c   Code   RO         5862    i.DMA2_Stream7_IRQHandler  stm32f4xx_it.o
    0x0800094c   0x0800094c   0x00000244   Code   RO         3273    i.DMAEx_MultiBufferStart_NoIT  uart_drv.o
    0x08000b90   0x08000b90   0x00000028   Code   RO         6773    i.DMA_CalcBaseAndBitshift  stm32f4xx_hal_dma.o
    0x08000bb8   0x08000bb8   0x00000054   Code   RO         6774    i.DMA_CheckFifoParam  stm32f4xx_hal_dma.o
    0x08000c0c   0x08000c0c   0x00000028   Code   RO         6775    i.DMA_SetConfig     stm32f4xx_hal_dma.o
    0x08000c34   0x08000c34   0x00000062   Code   RO         3274    i.DMA_Start         uart_drv.o
    0x08000c96   0x08000c96   0x00000014   Code   RO         3275    i.DRV_UART_IRQHandler  uart_drv.o
    0x08000caa   0x08000caa   0x00000002   Code   RO         5863    i.DebugMon_Handler  stm32f4xx_it.o
    0x08000cac   0x08000cac   0x00000108   Code   RO         3992    i.Determine_ID      judge.o
    0x08000db4   0x08000db4   0x00000088   Code   RO         3581    i.Difference_2_WorldGyro  imu.o
    0x08000e3c   0x08000e3c   0x00000004   Code   RO         5435    i.Error_Handler     main.o
    0x08000e40   0x08000e40   0x00000010   Code   RO         3392    i.FirstGetInto_KEY_PRESS  rc.o
    0x08000e50   0x08000e50   0x0000002c   Code   RO         3933    i.Get_CRC16_Check_Sum  crc.o
    0x08000e7c   0x08000e7c   0x00000020   Code   RO         3934    i.Get_CRC8_Check_Sum  crc.o
    0x08000e9c   0x08000e9c   0x00000024   Code   RO         6081    i.HAL_CAN_ActivateNotification  stm32f4xx_hal_can.o
    0x08000ec0   0x08000ec0   0x000000dc   Code   RO         6082    i.HAL_CAN_AddTxMessage  stm32f4xx_hal_can.o
    0x08000f9c   0x08000f9c   0x0000010c   Code   RO         6083    i.HAL_CAN_ConfigFilter  stm32f4xx_hal_can.o
    0x080010a8   0x080010a8   0x00000002   Code   RO         6086    i.HAL_CAN_ErrorCallback  stm32f4xx_hal_can.o
    0x080010aa   0x080010aa   0x000000e8   Code   RO         6089    i.HAL_CAN_GetRxMessage  stm32f4xx_hal_can.o
    0x08001192   0x08001192   0x000001fc   Code   RO         6093    i.HAL_CAN_IRQHandler  stm32f4xx_hal_can.o
    0x0800138e   0x0800138e   0x0000011a   Code   RO         6094    i.HAL_CAN_Init      stm32f4xx_hal_can.o
    0x080014a8   0x080014a8   0x000000fc   Code   RO         5593    i.HAL_CAN_MspInit   can.o
    0x080015a4   0x080015a4   0x00000002   Code   RO         6101    i.HAL_CAN_RxFifo0FullCallback  stm32f4xx_hal_can.o
    0x080015a6   0x080015a6   0x00000002   PAD
    0x080015a8   0x080015a8   0x0000001c   Code   RO         3164    i.HAL_CAN_RxFifo0MsgPendingCallback  can_drv.o
    0x080015c4   0x080015c4   0x00000002   Code   RO         6103    i.HAL_CAN_RxFifo1FullCallback  stm32f4xx_hal_can.o
    0x080015c6   0x080015c6   0x00000002   Code   RO         6104    i.HAL_CAN_RxFifo1MsgPendingCallback  stm32f4xx_hal_can.o
    0x080015c8   0x080015c8   0x00000002   Code   RO         6105    i.HAL_CAN_SleepCallback  stm32f4xx_hal_can.o
    0x080015ca   0x080015ca   0x00000002   PAD
    0x080015cc   0x080015cc   0x00000058   Code   RO         6106    i.HAL_CAN_Start     stm32f4xx_hal_can.o
    0x08001624   0x08001624   0x00000002   Code   RO         6108    i.HAL_CAN_TxMailbox0AbortCallback  stm32f4xx_hal_can.o
    0x08001626   0x08001626   0x00000002   Code   RO         6109    i.HAL_CAN_TxMailbox0CompleteCallback  stm32f4xx_hal_can.o
    0x08001628   0x08001628   0x00000002   Code   RO         6110    i.HAL_CAN_TxMailbox1AbortCallback  stm32f4xx_hal_can.o
    0x0800162a   0x0800162a   0x00000002   Code   RO         6111    i.HAL_CAN_TxMailbox1CompleteCallback  stm32f4xx_hal_can.o
    0x0800162c   0x0800162c   0x00000002   Code   RO         6112    i.HAL_CAN_TxMailbox2AbortCallback  stm32f4xx_hal_can.o
    0x0800162e   0x0800162e   0x00000002   Code   RO         6113    i.HAL_CAN_TxMailbox2CompleteCallback  stm32f4xx_hal_can.o
    0x08001630   0x08001630   0x00000002   Code   RO         6115    i.HAL_CAN_WakeUpFromRxMsgCallback  stm32f4xx_hal_can.o
    0x08001632   0x08001632   0x00000092   Code   RO         6776    i.HAL_DMA_Abort     stm32f4xx_hal_dma.o
    0x080016c4   0x080016c4   0x00000024   Code   RO         6777    i.HAL_DMA_Abort_IT  stm32f4xx_hal_dma.o
    0x080016e8   0x080016e8   0x000001a0   Code   RO         6781    i.HAL_DMA_IRQHandler  stm32f4xx_hal_dma.o
    0x08001888   0x08001888   0x000000d4   Code   RO         6782    i.HAL_DMA_Init      stm32f4xx_hal_dma.o
    0x0800195c   0x0800195c   0x0000006e   Code   RO         6786    i.HAL_DMA_Start_IT  stm32f4xx_hal_dma.o
    0x080019ca   0x080019ca   0x00000002   PAD
    0x080019cc   0x080019cc   0x00000024   Code   RO         7195    i.HAL_Delay         stm32f4xx_hal.o
    0x080019f0   0x080019f0   0x000001f0   Code   RO         6669    i.HAL_GPIO_Init     stm32f4xx_hal_gpio.o
    0x08001be0   0x08001be0   0x00000010   Code   RO         6672    i.HAL_GPIO_TogglePin  stm32f4xx_hal_gpio.o
    0x08001bf0   0x08001bf0   0x0000000a   Code   RO         6673    i.HAL_GPIO_WritePin  stm32f4xx_hal_gpio.o
    0x08001bfa   0x08001bfa   0x00000002   PAD
    0x08001bfc   0x08001bfc   0x0000000c   Code   RO         7201    i.HAL_GetTick       stm32f4xx_hal.o
    0x08001c08   0x08001c08   0x0000005a   Code   RO         7446    i.HAL_IWDG_Init     stm32f4xx_hal_iwdg.o
    0x08001c62   0x08001c62   0x0000000c   Code   RO         7447    i.HAL_IWDG_Refresh  stm32f4xx_hal_iwdg.o
    0x08001c6e   0x08001c6e   0x00000002   PAD
    0x08001c70   0x08001c70   0x00000010   Code   RO         7207    i.HAL_IncTick       stm32f4xx_hal.o
    0x08001c80   0x08001c80   0x00000034   Code   RO         7208    i.HAL_Init          stm32f4xx_hal.o
    0x08001cb4   0x08001cb4   0x00000098   Code   RO         6041    i.HAL_InitTick      stm32f4xx_hal_timebase_tim.o
    0x08001d4c   0x08001d4c   0x00000038   Code   RO         6017    i.HAL_MspInit       stm32f4xx_hal_msp.o
    0x08001d84   0x08001d84   0x0000001a   Code   RO         7058    i.HAL_NVIC_EnableIRQ  stm32f4xx_hal_cortex.o
    0x08001d9e   0x08001d9e   0x00000002   PAD
    0x08001da0   0x08001da0   0x00000040   Code   RO         7064    i.HAL_NVIC_SetPriority  stm32f4xx_hal_cortex.o
    0x08001de0   0x08001de0   0x00000024   Code   RO         7065    i.HAL_NVIC_SetPriorityGrouping  stm32f4xx_hal_cortex.o
    0x08001e04   0x08001e04   0x00000134   Code   RO         6315    i.HAL_RCC_ClockConfig  stm32f4xx_hal_rcc.o
    0x08001f38   0x08001f38   0x00000040   Code   RO         6319    i.HAL_RCC_GetClockConfig  stm32f4xx_hal_rcc.o
    0x08001f78   0x08001f78   0x00000020   Code   RO         6322    i.HAL_RCC_GetPCLK1Freq  stm32f4xx_hal_rcc.o
    0x08001f98   0x08001f98   0x00000020   Code   RO         6323    i.HAL_RCC_GetPCLK2Freq  stm32f4xx_hal_rcc.o
    0x08001fb8   0x08001fb8   0x00000064   Code   RO         6324    i.HAL_RCC_GetSysClockFreq  stm32f4xx_hal_rcc.o
    0x0800201c   0x0800201c   0x0000036c   Code   RO         6327    i.HAL_RCC_OscConfig  stm32f4xx_hal_rcc.o
    0x08002388   0x08002388   0x000000bc   Code   RO         7487    i.HAL_SPI_Init      stm32f4xx_hal_spi.o
    0x08002444   0x08002444   0x0000006c   Code   RO         5696    i.HAL_SPI_MspInit   spi.o
    0x080024b0   0x080024b0   0x0000015a   Code   RO         7490    i.HAL_SPI_Receive   stm32f4xx_hal_spi.o
    0x0800260a   0x0800260a   0x00000166   Code   RO         7495    i.HAL_SPI_Transmit  stm32f4xx_hal_spi.o
    0x08002770   0x08002770   0x000001e2   Code   RO         7496    i.HAL_SPI_TransmitReceive  stm32f4xx_hal_spi.o
    0x08002952   0x08002952   0x00000002   Code   RO         8504    i.HAL_TIMEx_BreakCallback  stm32f4xx_hal_tim_ex.o
    0x08002954   0x08002954   0x00000002   Code   RO         8505    i.HAL_TIMEx_CommutCallback  stm32f4xx_hal_tim_ex.o
    0x08002956   0x08002956   0x00000002   PAD
    0x08002958   0x08002958   0x00000090   Code   RO         8523    i.HAL_TIMEx_MasterConfigSynchronization  stm32f4xx_hal_tim_ex.o
    0x080029e8   0x080029e8   0x0000005a   Code   RO         7800    i.HAL_TIM_Base_Init  stm32f4xx_hal_tim.o
    0x08002a42   0x08002a42   0x00000002   PAD
    0x08002a44   0x08002a44   0x00000098   Code   RO         5738    i.HAL_TIM_Base_MspInit  tim.o
    0x08002adc   0x08002adc   0x00000080   Code   RO         7805    i.HAL_TIM_Base_Start_IT  stm32f4xx_hal_tim.o
    0x08002b5c   0x08002b5c   0x000000dc   Code   RO         7809    i.HAL_TIM_ConfigClockSource  stm32f4xx_hal_tim.o
    0x08002c38   0x08002c38   0x00000002   Code   RO         7834    i.HAL_TIM_IC_CaptureCallback  stm32f4xx_hal_tim.o
    0x08002c3a   0x08002c3a   0x00000166   Code   RO         7848    i.HAL_TIM_IRQHandler  stm32f4xx_hal_tim.o
    0x08002da0   0x08002da0   0x00000002   Code   RO         7851    i.HAL_TIM_OC_DelayElapsedCallback  stm32f4xx_hal_tim.o
    0x08002da2   0x08002da2   0x00000002   Code   RO         7878    i.HAL_TIM_PWM_PulseFinishedCallback  stm32f4xx_hal_tim.o
    0x08002da4   0x08002da4   0x0000000e   Code   RO         5436    i.HAL_TIM_PeriodElapsedCallback  main.o
    0x08002db2   0x08002db2   0x00000002   Code   RO         7891    i.HAL_TIM_TriggerCallback  stm32f4xx_hal_tim.o
    0x08002db4   0x08002db4   0x00000002   Code   RO         8782    i.HAL_UARTEx_RxEventCallback  stm32f4xx_hal_uart.o
    0x08002db6   0x08002db6   0x00000002   Code   RO         8796    i.HAL_UART_ErrorCallback  stm32f4xx_hal_uart.o
    0x08002db8   0x08002db8   0x00000268   Code   RO         8799    i.HAL_UART_IRQHandler  stm32f4xx_hal_uart.o
    0x08003020   0x08003020   0x00000062   Code   RO         8800    i.HAL_UART_Init     stm32f4xx_hal_uart.o
    0x08003082   0x08003082   0x00000002   PAD
    0x08003084   0x08003084   0x00000404   Code   RO         5786    i.HAL_UART_MspInit  usart.o
    0x08003488   0x08003488   0x00000002   Code   RO         8806    i.HAL_UART_RxCpltCallback  stm32f4xx_hal_uart.o
    0x0800348a   0x0800348a   0x00000002   PAD
    0x0800348c   0x0800348c   0x0000008c   Code   RO         8809    i.HAL_UART_Transmit_DMA  stm32f4xx_hal_uart.o
    0x08003518   0x08003518   0x00000002   Code   RO         8811    i.HAL_UART_TxCpltCallback  stm32f4xx_hal_uart.o
    0x0800351a   0x0800351a   0x00000002   Code   RO         8812    i.HAL_UART_TxHalfCpltCallback  stm32f4xx_hal_uart.o
    0x0800351c   0x0800351c   0x00000002   Code   RO         5864    i.HardFault_Handler  stm32f4xx_it.o
    0x0800351e   0x0800351e   0x00000002   PAD
    0x08003520   0x08003520   0x00000040   Code   RO         3005    i.IIC_Ack           iic_drv.o
    0x08003560   0x08003560   0x0000008c   Code   RO         3006    i.IIC_Init          iic_drv.o
    0x080035ec   0x080035ec   0x00000040   Code   RO         3007    i.IIC_NAck          iic_drv.o
    0x0800362c   0x0800362c   0x00000068   Code   RO         3008    i.IIC_Read_Byte     iic_drv.o
    0x08003694   0x08003694   0x0000004c   Code   RO         3009    i.IIC_Read_Cicle    iic_drv.o
    0x080036e0   0x080036e0   0x00000060   Code   RO         3010    i.IIC_Send_Byte     iic_drv.o
    0x08003740   0x08003740   0x00000040   Code   RO         3011    i.IIC_Start         iic_drv.o
    0x08003780   0x08003780   0x00000044   Code   RO         3012    i.IIC_Stop          iic_drv.o
    0x080037c4   0x080037c4   0x00000054   Code   RO         3013    i.IIC_Wait_Ack      iic_drv.o
    0x08003818   0x08003818   0x0000004e   Code   RO         3582    i.IMU_Lpf           imu.o
    0x08003866   0x08003866   0x0000011e   Code   RO         3583    i.IMU_LpfCenter     imu.o
    0x08003984   0x08003984   0x0000005c   Code   RO         3121    i.Imu_SPI_Init      spi_drv.o
    0x080039e0   0x080039e0   0x00000062   Code   RO         3393    i.KEY_State_Judge   rc.o
    0x08003a42   0x08003a42   0x00000002   PAD
    0x08003a44   0x08003a44   0x00000010   Code   RO         3488    i.Led_All_Light     led.o
    0x08003a54   0x08003a54   0x00000028   Code   RO         3489    i.Led_All_Shine     led.o
    0x08003a7c   0x08003a7c   0x00000080   Code   RO         3490    i.Led_Running       led.o
    0x08003afc   0x08003afc   0x00000024   Code   RO         3778    i.MASTER_HeartBeat  master.o
    0x08003b20   0x08003b20   0x00000002   Code   RO         3779    i.MASTER_sendBuff   master.o
    0x08003b22   0x08003b22   0x00000002   PAD
    0x08003b24   0x08003b24   0x00000048   Code   RO         5594    i.MX_CAN1_Init      can.o
    0x08003b6c   0x08003b6c   0x00000048   Code   RO         5595    i.MX_CAN2_Init      can.o
    0x08003bb4   0x08003bb4   0x000000bc   Code   RO         5641    i.MX_DMA_Init       dma.o
    0x08003c70   0x08003c70   0x00000054   Code   RO         5530    i.MX_FREERTOS_Init  freertos.o
    0x08003cc4   0x08003cc4   0x0000008c   Code   RO         5506    i.MX_GPIO_Init      gpio.o
    0x08003d50   0x08003d50   0x0000002c   Code   RO         5665    i.MX_IWDG_Init      iwdg.o
    0x08003d7c   0x08003d7c   0x00000048   Code   RO         5697    i.MX_SPI2_Init      spi.o
    0x08003dc4   0x08003dc4   0x0000006c   Code   RO         5739    i.MX_TIM1_Init      tim.o
    0x08003e30   0x08003e30   0x00000068   Code   RO         5740    i.MX_TIM4_Init      tim.o
    0x08003e98   0x08003e98   0x00000038   Code   RO         5787    i.MX_UART4_Init     usart.o
    0x08003ed0   0x08003ed0   0x00000038   Code   RO         5788    i.MX_UART5_Init     usart.o
    0x08003f08   0x08003f08   0x00000038   Code   RO         5789    i.MX_USART1_UART_Init  usart.o
    0x08003f40   0x08003f40   0x00000040   Code   RO         5790    i.MX_USART2_UART_Init  usart.o
    0x08003f80   0x08003f80   0x00000038   Code   RO         5791    i.MX_USART3_UART_Init  usart.o
    0x08003fb8   0x08003fb8   0x00000002   Code   RO         5865    i.MemManage_Handler  stm32f4xx_it.o
    0x08003fba   0x08003fba   0x00000002   Code   RO         5866    i.NMI_Handler       stm32f4xx_it.o
    0x08003fbc   0x08003fbc   0x0000001a   Code   RO         3584    i.QuaternionGyr_2_WorldGyro  imu.o
    0x08003fd6   0x08003fd6   0x00000022   Code   RO         3394    i.RC_DeathZoom      rc.o
    0x08003ff8   0x08003ff8   0x000000f8   Code   RO         3395    i.RC_Key2Channel    rc.o
    0x080040f0   0x080040f0   0x00000154   Code   RO         3396    i.RC_KeyMouseReceive  rc.o
    0x08004244   0x08004244   0x000000f8   Code   RO         3397    i.RC_Mouse_Speed    rc.o
    0x0800433c   0x0800433c   0x00000008   Code   RO         3398    i.RC_ResetData      rc.o
    0x08004344   0x08004344   0x0000009c   Code   RO         3399    i.RC_ResetJudge     rc.o
    0x080043e0   0x080043e0   0x00000038   Code   RO         3400    i.RC_SF             rc.o
    0x08004418   0x08004418   0x00000030   Code   RO         3724    i.RM_MotorCAN1      motor.o
    0x08004448   0x08004448   0x00000030   Code   RO         3725    i.RM_MotorCAN2      motor.o
    0x08004478   0x08004478   0x00000040   Code   RO         3726    i.RM_MotorControl_Test  motor.o
    0x080044b8   0x080044b8   0x00000044   Code   RO         3727    i.RM_MotorHeartBeat  motor.o
    0x080044fc   0x080044fc   0x00000070   Code   RO         3728    i.RM_MotorInit      motor.o
    0x0800456c   0x0800456c   0x0000002c   Code   RO         2592    i.RP_IMU_INIT       rp_init.o
    0x08004598   0x08004598   0x0000004c   Code   RO         2593    i.RP_INIT           rp_init.o
    0x080045e4   0x080045e4   0x0000009e   Code   RO         3586    i.RP_QuaternionMartix_LeftMult  imu.o
    0x08004682   0x08004682   0x0000009e   Code   RO         3587    i.RP_QuaternionMartix_RightMult  imu.o
    0x08004720   0x08004720   0x00000038   Code   RO         3589    i.RotationTransform_IMU2Pose  imu.o
    0x08004758   0x08004758   0x0000005c   Code   RO         7524    i.SPI_EndRxTransaction  stm32f4xx_hal_spi.o
    0x080047b4   0x080047b4   0x00000058   Code   RO         7525    i.SPI_EndRxTxTransaction  stm32f4xx_hal_spi.o
    0x0800480c   0x0800480c   0x000000b8   Code   RO         7530    i.SPI_WaitFlagStateUntilTimeout  stm32f4xx_hal_spi.o
    0x080048c4   0x080048c4   0x00000048   Code   RO         3401    i.Sim_Channel       rc.o
    0x0800490c   0x0800490c   0x00000038   Code   RO         2890    i.StartCommunityTask  tasks_center.o
    0x08004944   0x08004944   0x00000018   Code   RO         2891    i.StartControlTask  tasks_center.o
    0x0800495c   0x0800495c   0x0000006c   Code   RO         2892    i.StartMonitorTask  tasks_center.o
    0x080049c8   0x080049c8   0x0000002c   Code   RO        10381    i.SysTick_Handler   port.o
    0x080049f4   0x080049f4   0x0000009c   Code   RO         5437    i.SystemClock_Config  main.o
    0x08004a90   0x08004a90   0x00000010   Code   RO         9129    i.SystemInit        system_stm32f4xx.o
    0x08004aa0   0x08004aa0   0x0000000c   Code   RO         5867    i.TIM2_IRQHandler   stm32f4xx_it.o
    0x08004aac   0x08004aac   0x0000000c   Code   RO         5868    i.TIM4_IRQHandler   stm32f4xx_it.o
    0x08004ab8   0x08004ab8   0x000000c8   Code   RO         7893    i.TIM_Base_SetConfig  stm32f4xx_hal_tim.o
    0x08004b80   0x08004b80   0x00000014   Code   RO         7904    i.TIM_ETR_SetConfig  stm32f4xx_hal_tim.o
    0x08004b94   0x08004b94   0x00000010   Code   RO         7905    i.TIM_ITRx_SetConfig  stm32f4xx_hal_tim.o
    0x08004ba4   0x08004ba4   0x00000022   Code   RO         7911    i.TIM_TI1_ConfigInputStage  stm32f4xx_hal_tim.o
    0x08004bc6   0x08004bc6   0x00000024   Code   RO         7913    i.TIM_TI2_ConfigInputStage  stm32f4xx_hal_tim.o
    0x08004bea   0x08004bea   0x00000002   PAD
    0x08004bec   0x08004bec   0x00000018   Code   RO         5869    i.UART4_IRQHandler  stm32f4xx_it.o
    0x08004c04   0x08004c04   0x00000018   Code   RO         5870    i.UART5_IRQHandler  stm32f4xx_it.o
    0x08004c1c   0x08004c1c   0x00000010   Code   RO         8813    i.UART_DMAAbortOnError  stm32f4xx_hal_uart.o
    0x08004c2c   0x08004c2c   0x0000004a   Code   RO         8814    i.UART_DMAError     stm32f4xx_hal_uart.o
    0x08004c76   0x08004c76   0x00000042   Code   RO         8819    i.UART_DMATransmitCplt  stm32f4xx_hal_uart.o
    0x08004cb8   0x08004cb8   0x0000000a   Code   RO         8821    i.UART_DMATxHalfCplt  stm32f4xx_hal_uart.o
    0x08004cc2   0x08004cc2   0x0000004e   Code   RO         8823    i.UART_EndRxTransfer  stm32f4xx_hal_uart.o
    0x08004d10   0x08004d10   0x0000001c   Code   RO         8824    i.UART_EndTxTransfer  stm32f4xx_hal_uart.o
    0x08004d2c   0x08004d2c   0x000000c0   Code   RO         8825    i.UART_Receive_IT   stm32f4xx_hal_uart.o
    0x08004dec   0x08004dec   0x00000050   Code   RO         3276    i.UART_Send         uart_drv.o
    0x08004e3c   0x08004e3c   0x0000010c   Code   RO         8826    i.UART_SetConfig    stm32f4xx_hal_uart.o
    0x08004f48   0x08004f48   0x00000018   Code   RO         5871    i.USART1_IRQHandler  stm32f4xx_it.o
    0x08004f60   0x08004f60   0x00000038   Code   RO         3277    i.USART1_Init       uart_drv.o
    0x08004f98   0x08004f98   0x00000010   Code   RO         3880    i.USART1_rxDataHandler  usart_potocal.o
    0x08004fa8   0x08004fa8   0x00000018   Code   RO         5872    i.USART2_IRQHandler  stm32f4xx_it.o
    0x08004fc0   0x08004fc0   0x0000003c   Code   RO         3279    i.USART2_Init       uart_drv.o
    0x08004ffc   0x08004ffc   0x00000010   Code   RO         3881    i.USART2_rxDataHandler  usart_potocal.o
    0x0800500c   0x0800500c   0x00000018   Code   RO         5873    i.USART3_IRQHandler  stm32f4xx_it.o
    0x08005024   0x08005024   0x00000038   Code   RO         3281    i.USART3_Init       uart_drv.o
    0x0800505c   0x0800505c   0x00000002   Code   RO         3882    i.USART3_rxDataHandler  usart_potocal.o
    0x0800505e   0x0800505e   0x00000002   PAD
    0x08005060   0x08005060   0x00000038   Code   RO         3283    i.USART4_Init       uart_drv.o
    0x08005098   0x08005098   0x00000002   Code   RO         3883    i.USART4_rxDataHandler  usart_potocal.o
    0x0800509a   0x0800509a   0x00000002   PAD
    0x0800509c   0x0800509c   0x00000038   Code   RO         3285    i.USART5_Init       uart_drv.o
    0x080050d4   0x080050d4   0x00000010   Code   RO         3884    i.USART5_rxDataHandler  usart_potocal.o
    0x080050e4   0x080050e4   0x00000002   Code   RO         5874    i.UsageFault_Handler  stm32f4xx_it.o
    0x080050e6   0x080050e6   0x00000002   PAD
    0x080050e8   0x080050e8   0x0000003c   Code   RO         3935    i.Verify_CRC16_Check_Sum  crc.o
    0x08005124   0x08005124   0x0000002a   Code   RO         3936    i.Verify_CRC8_Check_Sum  crc.o
    0x0800514e   0x0800514e   0x00000020   Code   RO         7071    i.__NVIC_SetPriority  stm32f4xx_hal_cortex.o
    0x0800516e   0x0800516e   0x0000000e   Code   RO        10659    i.__scatterload_copy  mc_w.l(handlers.o)
    0x0800517c   0x0800517c   0x00000002   Code   RO        10660    i.__scatterload_null  mc_w.l(handlers.o)
    0x0800517e   0x0800517e   0x0000000e   Code   RO        10661    i.__scatterload_zeroinit  mc_w.l(handlers.o)
    0x0800518c   0x0800518c   0x0000021c   Code   RO            4    i.arm_atan2_f32     arm_atan2_f32.o
    0x080053a8   0x080053a8   0x00000084   Code   RO           73    i.arm_cos_f32       arm_cos_f32.o
    0x0800542c   0x0800542c   0x00000080   Code   RO          224    i.arm_sin_f32       arm_sin_f32.o
    0x080054ac   0x080054ac   0x00000086   Code   RO         5097    i.bmi270_get_sensor_config  bmi270.o
    0x08005532   0x08005532   0x00000002   PAD
    0x08005534   0x08005534   0x00000074   Code   RO         5098    i.bmi270_init       bmi270.o
    0x080055a8   0x080055a8   0x0000007e   Code   RO         5102    i.bmi270_sensor_enable  bmi270.o
    0x08005626   0x08005626   0x00000082   Code   RO         5103    i.bmi270_set_sensor_config  bmi270.o
    0x080056a8   0x080056a8   0x00000018   Code   RO         5344    i.bmi2_delay        common.o
    0x080056c0   0x080056c0   0x00000018   Code   RO         5345    i.bmi2_delay_us     common.o
    0x080056d8   0x080056d8   0x00000002   Code   RO         5346    i.bmi2_error_codes_print_result  common.o
    0x080056da   0x080056da   0x00000036   Code   RO         4370    i.bmi2_extract_input_feat_config  bmi2.o
    0x08005710   0x08005710   0x000000a0   Code   RO         4373    i.bmi2_get_feat_config  bmi2.o
    0x080057b0   0x080057b0   0x00000084   Code   RO         4374    i.bmi2_get_feature_data  bmi2.o
    0x08005834   0x08005834   0x00000040   Code   RO         4381    i.bmi2_get_gyro_cross_sense  bmi2.o
    0x08005874   0x08005874   0x00000034   Code   RO         4384    i.bmi2_get_internal_status  bmi2.o
    0x080058a8   0x080058a8   0x0000007e   Code   RO         4385    i.bmi2_get_regs     bmi2.o
    0x08005926   0x08005926   0x000000b6   Code   RO         4387    i.bmi2_get_sensor_config  bmi2.o
    0x080059dc   0x080059dc   0x00000026   Code   RO         4389    i.bmi2_get_status   bmi2.o
    0x08005a02   0x08005a02   0x00000002   PAD
    0x08005a04   0x08005a04   0x00000064   Code   RO         5347    i.bmi2_i2c_read     common.o
    0x08005a68   0x08005a68   0x00000054   Code   RO         5348    i.bmi2_i2c_write    common.o
    0x08005abc   0x08005abc   0x00000064   Code   RO         5349    i.bmi2_interface_init  common.o
    0x08005b20   0x08005b20   0x00000076   Code   RO         4390    i.bmi2_map_data_int  bmi2.o
    0x08005b96   0x08005b96   0x00000002   PAD
    0x08005b98   0x08005b98   0x00000024   Code   RO         5350    i.bmi2_micros       common.o
    0x08005bbc   0x08005bbc   0x00000078   Code   RO         4399    i.bmi2_sec_init     bmi2.o
    0x08005c34   0x08005c34   0x00000054   Code   RO         4402    i.bmi2_set_adv_power_save  bmi2.o
    0x08005c88   0x08005c88   0x0000006c   Code   RO         4412    i.bmi2_set_regs     bmi2.o
    0x08005cf4   0x08005cf4   0x000000aa   Code   RO         4414    i.bmi2_set_sensor_config  bmi2.o
    0x08005d9e   0x08005d9e   0x00000068   Code   RO         4415    i.bmi2_soft_reset   bmi2.o
    0x08005e06   0x08005e06   0x00000002   PAD
    0x08005e08   0x08005e08   0x00000050   Code   RO         5351    i.bmi2_spi_read     common.o
    0x08005e58   0x08005e58   0x00000050   Code   RO         5352    i.bmi2_spi_write    common.o
    0x08005ea8   0x08005ea8   0x00000056   Code   RO         4417    i.bmi2_write_config_file  bmi2.o
    0x08005efe   0x08005efe   0x00000002   PAD
    0x08005f00   0x08005f00   0x00000034   Code   RO         4322    i.bmi_init          bmi.o
    0x08005f34   0x08005f34   0x00000024   Code   RO         3532    i.cap_heart_beat    cap.o
    0x08005f58   0x08005f58   0x0000003e   Code   RO         4420    i.cfg_error_status  bmi2.o
    0x08005f96   0x08005f96   0x00000030   Code   RO         4421    i.check_boundary_val  bmi2.o
    0x08005fc6   0x08005fc6   0x000000dc   Code   RO         4425    i.config_aux_interface  bmi2.o
    0x080060a2   0x080060a2   0x00000002   PAD
    0x080060a4   0x080060a4   0x00000018   Code   RO         3084    i.delay_us          tick_drv.o
    0x080060bc   0x080060bc   0x00000018   Code   RO         3287    i.dma_m0_rxcplt_callback  uart_drv.o
    0x080060d4   0x080060d4   0x00000018   Code   RO         3288    i.dma_m1_rxcplt_callback  uart_drv.o
    0x080060ec   0x080060ec   0x00000076   Code   RO         5107    i.enable_main_sensors  bmi270.o
    0x08006162   0x08006162   0x0000008c   Code   RO         5108    i.enable_sensor_features  bmi270.o
    0x080061ee   0x080061ee   0x00000036   Code   RO         4435    i.extract_output_feat_config  bmi2.o
    0x08006224   0x08006224   0x00000050   Code   RO        10538    i.free              mc_w.l(malloc.o)
    0x08006274   0x08006274   0x0000004e   Code   RO         4437    i.get_accel_config  bmi2.o
    0x080062c2   0x080062c2   0x0000007e   Code   RO         5110    i.get_any_motion_config  bmi270.o
    0x08006340   0x08006340   0x000000aa   Code   RO         4438    i.get_aux_config    bmi2.o
    0x080063ea   0x080063ea   0x00000076   Code   RO         5111    i.get_feat_config   bmi270.o
    0x08006460   0x08006460   0x0000005e   Code   RO         4439    i.get_gyro_config   bmi2.o
    0x080064be   0x080064be   0x00000072   Code   RO         4440    i.get_gyro_cross_sense  bmi2.o
    0x08006530   0x08006530   0x0000008a   Code   RO         4441    i.get_gyro_gain_update_config  bmi2.o
    0x080065ba   0x080065ba   0x00000068   Code   RO         4442    i.get_gyro_gain_update_status  bmi2.o
    0x08006622   0x08006622   0x0000007e   Code   RO         5112    i.get_no_motion_config  bmi270.o
    0x080066a0   0x080066a0   0x00000060   Code   RO         4179    i.get_rm_can_drvie  rm_motor.o
    0x08006700   0x08006700   0x00000094   Code   RO         4180    i.get_rm_info       rm_motor.o
    0x08006794   0x08006794   0x000000a2   Code   RO         5114    i.get_sig_motion_config  bmi270.o
    0x08006836   0x08006836   0x0000005a   Code   RO         5115    i.get_step_config   bmi270.o
    0x08006890   0x08006890   0x000000aa   Code   RO         5116    i.get_step_count_params_config  bmi270.o
    0x0800693a   0x0800693a   0x00000068   Code   RO         5119    i.get_wrist_gest_config  bmi270.o
    0x080069a2   0x080069a2   0x0000007c   Code   RO         5120    i.get_wrist_wear_wake_up_config  bmi270.o
    0x08006a1e   0x08006a1e   0x0000003c   Code   RO         3590    i.imu_half_cycle    imu.o
    0x08006a5a   0x08006a5a   0x0000002e   Code   RO         3591    i.imu_heart_beat    imu.o
    0x08006a88   0x08006a88   0x000000e4   Code   RO         3592    i.imu_iic_get_data  imu.o
    0x08006b6c   0x08006b6c   0x00000184   Code   RO         3593    i.imu_init          imu.o
    0x08006cf0   0x08006cf0   0x0000013c   Code   RO         3594    i.imu_spi_get_data  imu.o
    0x08006e2c   0x08006e2c   0x000001c0   Code   RO         3595    i.imu_updata        imu.o
    0x08006fec   0x08006fec   0x0000002c   Code   RO         3596    i.inVSqrt           imu.o
    0x08007018   0x08007018   0x00000026   Code   RO         3534    i.int16_to_float    cap.o
    0x0800703e   0x0800703e   0x00000008   Code   RO         3993    i.judge_sendBuff    judge.o
    0x08007046   0x08007046   0x00000020   Code   RO         3994    i.judge_sensor_heart_beat  judge.o
    0x08007066   0x08007066   0x0000000c   Code   RO         3995    i.judge_sensor_init  judge.o
    0x08007072   0x08007072   0x000001c4   Code   RO         3996    i.judge_sensor_update  judge.o
    0x08007236   0x08007236   0x00000026   Code   RO         3597    i.lsb_to_dps        imu.o
    0x0800725c   0x0800725c   0x00000034   Code   RO         3598    i.lsb_to_mps2       imu.o
    0x08007290   0x08007290   0x0000004a   Code   RO         5438    i.main              main.o
    0x080072da   0x080072da   0x0000000c   Code   RO         9946    i.makeFreeRtosPriority  cmsis_os.o
    0x080072e6   0x080072e6   0x00000002   PAD
    0x080072e8   0x080072e8   0x0000006c   Code   RO        10539    i.malloc            mc_w.l(malloc.o)
    0x08007354   0x08007354   0x00000020   Code   RO         3780    i.master_heart_beat  master.o
    0x08007374   0x08007374   0x00000014   Code   RO         3781    i.master_updata     master.o
    0x08007388   0x08007388   0x00000024   Code   RO         3085    i.micros            tick_drv.o
    0x080073ac   0x080073ac   0x0000002a   Code   RO         4181    i.motor_class_heartbeat  rm_motor.o
    0x080073d6   0x080073d6   0x00000002   PAD
    0x080073d8   0x080073d8   0x0000008c   Code   RO         4182    i.motor_class_init  rm_motor.o
    0x08007464   0x08007464   0x0000002c   Code   RO         4183    i.motor_class_pid_init  rm_motor.o
    0x08007490   0x08007490   0x0000002c   Code   RO         4184    i.motor_class_stucking_flag  rm_motor.o
    0x080074bc   0x080074bc   0x00000020   Code   RO         4185    i.motor_cycle       rm_motor.o
    0x080074dc   0x080074dc   0x0000003c   Code   RO         4186    i.motor_half_cycle  rm_motor.o
    0x08007518   0x08007518   0x00000032   Code   RO         4187    i.motor_judge_dir   rm_motor.o
    0x0800754a   0x0800754a   0x00000048   Code   RO         4188    i.motor_offset      rm_motor.o
    0x08007592   0x08007592   0x00000002   PAD
    0x08007594   0x08007594   0x00000050   Code   RO         4189    i.motor_pid_angle   rm_motor.o
    0x080075e4   0x080075e4   0x00000118   Code   RO         4190    i.motor_pid_cal     rm_motor.o
    0x080076fc   0x080076fc   0x0000016c   Code   RO         4191    i.motor_pid_ctrl    rm_motor.o
    0x08007868   0x08007868   0x00000008   Code   RO         4192    i.motor_pid_double  rm_motor.o
    0x08007870   0x08007870   0x00000024   Code   RO         4193    i.motor_pid_err     rm_motor.o
    0x08007894   0x08007894   0x0000003c   Code   RO         4194    i.motor_pid_position  rm_motor.o
    0x080078d0   0x080078d0   0x00000014   Code   RO         4195    i.motor_pid_single  rm_motor.o
    0x080078e4   0x080078e4   0x00000034   Code   RO         4196    i.motor_pid_speed   rm_motor.o
    0x08007918   0x08007918   0x00000018   Code   RO         4450    i.null_ptr_check    bmi2.o
    0x08007930   0x08007930   0x00000018   Code   RO         5121    i.null_ptr_check    bmi270.o
    0x08007948   0x08007948   0x0000000e   Code   RO         9948    i.osDelay           cmsis_os.o
    0x08007956   0x08007956   0x0000000a   Code   RO         9951    i.osKernelStart     cmsis_os.o
    0x08007960   0x08007960   0x00000054   Code   RO         9985    i.osThreadCreate    cmsis_os.o
    0x080079b4   0x080079b4   0x00000070   Code   RO         9628    i.prvAddCurrentTaskToDelayedList  tasks.o
    0x08007a24   0x08007a24   0x000000d0   Code   RO         9629    i.prvAddNewTaskToReadyList  tasks.o
    0x08007af4   0x08007af4   0x00000034   Code   RO         9630    i.prvDeleteTCB      tasks.o
    0x08007b28   0x08007b28   0x0000004c   Code   RO        10313    i.prvHeapInit       heap_4.o
    0x08007b74   0x08007b74   0x00000060   Code   RO         9631    i.prvIdleTask       tasks.o
    0x08007bd4   0x08007bd4   0x00000098   Code   RO         9632    i.prvInitialiseNewTask  tasks.o
    0x08007c6c   0x08007c6c   0x0000004c   Code   RO        10314    i.prvInsertBlockIntoFreeList  heap_4.o
    0x08007cb8   0x08007cb8   0x00000020   Code   RO         9633    i.prvResetNextTaskUnblockTime  tasks.o
    0x08007cd8   0x08007cd8   0x00000028   Code   RO        10382    i.prvTaskExitError  port.o
    0x08007d00   0x08007d00   0x000000dc   Code   RO        10315    i.pvPortMalloc      heap_4.o
    0x08007ddc   0x08007ddc   0x0000002c   Code   RO        10383    i.pxPortInitialiseStack  port.o
    0x08007e08   0x08007e08   0x00000028   Code   RO         3402    i.rc_heart_beat     rc.o
    0x08007e30   0x08007e30   0x00000014   Code   RO         3403    i.rc_init           rc.o
    0x08007e44   0x08007e44   0x00000160   Code   RO         3404    i.rc_updata         rc.o
    0x08007fa4   0x08007fa4   0x00000024   Code   RO         4197    i.rm_motor_rx       rm_motor.o
    0x08007fc8   0x08007fc8   0x0000005c   Code   RO         4198    i.rm_motor_tx       rm_motor.o
    0x08008024   0x08008024   0x000000c0   Code   RO         5122    i.select_sensor     bmi270.o
    0x080080e4   0x080080e4   0x00000098   Code   RO         4470    i.set_accel_config  bmi2.o
    0x0800817c   0x0800817c   0x0000006e   Code   RO         4323    i.set_accel_gyro_config  bmi.o
    0x080081ea   0x080081ea   0x00000070   Code   RO         5123    i.set_any_motion    bmi270.o
    0x0800825a   0x0800825a   0x000000ae   Code   RO         5124    i.set_any_motion_config  bmi270.o
    0x08008308   0x08008308   0x00000090   Code   RO         4472    i.set_aux_config    bmi2.o
    0x08008398   0x08008398   0x00000036   Code   RO         4473    i.set_config_load   bmi2.o
    0x080083ce   0x080083ce   0x00000076   Code   RO         5125    i.set_feat_config   bmi270.o
    0x08008444   0x08008444   0x000000ac   Code   RO         4474    i.set_gyro_config   bmi2.o
    0x080084f0   0x080084f0   0x0000006c   Code   RO         5126    i.set_gyro_self_offset_corr  bmi270.o
    0x0800855c   0x0800855c   0x00000070   Code   RO         5127    i.set_gyro_user_gain  bmi270.o
    0x080085cc   0x080085cc   0x000000a2   Code   RO         4475    i.set_gyro_user_gain_config  bmi2.o
    0x0800866e   0x0800866e   0x00000070   Code   RO         5128    i.set_no_motion     bmi270.o
    0x080086de   0x080086de   0x000000ae   Code   RO         5129    i.set_no_motion_config  bmi270.o
    0x0800878c   0x0800878c   0x00000070   Code   RO         5130    i.set_sig_motion    bmi270.o
    0x080087fc   0x080087fc   0x0000009e   Code   RO         5131    i.set_sig_motion_config  bmi270.o
    0x0800889a   0x0800889a   0x00000070   Code   RO         5132    i.set_step_activity  bmi270.o
    0x0800890a   0x0800890a   0x0000008a   Code   RO         5133    i.set_step_config   bmi270.o
    0x08008994   0x08008994   0x000000d4   Code   RO         5134    i.set_step_count_params_config  bmi270.o
    0x08008a68   0x08008a68   0x00000070   Code   RO         5135    i.set_step_counter  bmi270.o
    0x08008ad8   0x08008ad8   0x00000070   Code   RO         5136    i.set_step_detector  bmi270.o
    0x08008b48   0x08008b48   0x0000009c   Code   RO         5137    i.set_wrist_gest_config  bmi270.o
    0x08008be4   0x08008be4   0x0000006c   Code   RO         5138    i.set_wrist_gesture  bmi270.o
    0x08008c50   0x08008c50   0x0000006c   Code   RO         5139    i.set_wrist_wear_wake_up  bmi270.o
    0x08008cbc   0x08008cbc   0x000000ac   Code   RO         5140    i.set_wrist_wear_wake_up_config  bmi270.o
    0x08008d68   0x08008d68   0x000000f4   Code   RO         3289    i.uart_rx_idle_callback  uart_drv.o
    0x08008e5c   0x08008e5c   0x00000040   Code   RO         4492    i.upload_file       bmi2.o
    0x08008e9c   0x08008e9c   0x00000026   Code   RO         9267    i.uxListRemove      list.o
    0x08008ec2   0x08008ec2   0x00000002   PAD
    0x08008ec4   0x08008ec4   0x00000014   Code   RO         5534    i.vApplicationGetIdleTaskMemory  freertos.o
    0x08008ed8   0x08008ed8   0x00000016   Code   RO         9268    i.vListInitialise   list.o
    0x08008eee   0x08008eee   0x00000006   Code   RO         9269    i.vListInitialiseItem  list.o
    0x08008ef4   0x08008ef4   0x00000030   Code   RO         9270    i.vListInsert       list.o
    0x08008f24   0x08008f24   0x00000018   Code   RO         9271    i.vListInsertEnd    list.o
    0x08008f3c   0x08008f3c   0x00000040   Code   RO        10385    i.vPortEnterCritical  port.o
    0x08008f7c   0x08008f7c   0x00000028   Code   RO        10386    i.vPortExitCritical  port.o
    0x08008fa4   0x08008fa4   0x00000064   Code   RO        10316    i.vPortFree         heap_4.o
    0x08009008   0x08009008   0x00000024   Code   RO        10387    i.vPortSetupTimerInterrupt  port.o
    0x0800902c   0x0800902c   0x00000054   Code   RO        10388    i.vPortValidateInterruptPriority  port.o
    0x08009080   0x08009080   0x0000004c   Code   RO         9642    i.vTaskDelay        tasks.o
    0x080090cc   0x080090cc   0x0000006c   Code   RO         9655    i.vTaskStartScheduler  tasks.o
    0x08009138   0x08009138   0x00000010   Code   RO         9657    i.vTaskSuspendAll   tasks.o
    0x08009148   0x08009148   0x0000005c   Code   RO         9658    i.vTaskSwitchContext  tasks.o
    0x080091a4   0x080091a4   0x00000020   Code   RO         4111    i.vision_heart_beat  vision.o
    0x080091c4   0x080091c4   0x0000000c   Code   RO         4112    i.vision_init       vision.o
    0x080091d0   0x080091d0   0x00000008   Code   RO         4113    i.vision_sendBuff   vision.o
    0x080091d8   0x080091d8   0x0000009e   Code   RO         4114    i.vision_update     vision.o
    0x08009276   0x08009276   0x000000ba   Code   RO         4495    i.write_config_file  bmi2.o
    0x08009330   0x08009330   0x000000f4   Code   RO        10389    i.xPortStartScheduler  port.o
    0x08009424   0x08009424   0x0000005a   Code   RO         9661    i.xTaskCreate       tasks.o
    0x0800947e   0x0800947e   0x00000056   Code   RO         9662    i.xTaskCreateStatic  tasks.o
    0x080094d4   0x080094d4   0x00000010   Code   RO         9668    i.xTaskGetTickCountFromISR  tasks.o
    0x080094e4   0x080094e4   0x000000cc   Code   RO         9669    i.xTaskIncrementTick  tasks.o
    0x080095b0   0x080095b0   0x000000c4   Code   RO         9675    i.xTaskResumeAll    tasks.o
    0x08009674   0x08009674   0x00000028   Data   RO            5    .constdata          arm_atan2_f32.o
    0x0800969c   0x0800969c   0x00000804   Data   RO          787    .constdata          arm_common_tables.o
    0x08009ea0   0x08009ea0   0x00000300   Data   RO         3938    .constdata          crc.o
    0x0800a1a0   0x0800a1a0   0x00000006   Data   RO         4497    .constdata          bmi2.o
    0x0800a1a6   0x0800a1a6   0x00002048   Data   RO         5141    .constdata          bmi270.o
    0x0800c1ee   0x0800c1ee   0x00000002   PAD
    0x0800c1f0   0x0800c1f0   0x00000054   Data   RO         5536    .constdata          freertos.o
    0x0800c244   0x0800c244   0x00000008   Data   RO         6788    .constdata          stm32f4xx_hal_dma.o
    0x0800c24c   0x0800c24c   0x00000010   Data   RO         9130    .constdata          system_stm32f4xx.o
    0x0800c25c   0x0800c25c   0x00000008   Data   RO         9131    .constdata          system_stm32f4xx.o
    0x0800c264   0x0800c264   0x00000026   Data   RO         5537    .conststring        freertos.o
    0x0800c28a   0x0800c28a   0x00000002   PAD
    0x0800c28c   0x0800c28c   0x00000020   Data   RO        10657    Region$$Table       anon$$obj.o


    Execution Region RW_IRAM1 (Exec base: 0x20000000, Load base: 0x0800c2ac, Size: 0x00006070, Max: 0x0001c000, ABSOLUTE, COMPRESSED[0x00000134])

    Exec Addr    Load Addr    Size         Type   Attr      Idx    E Section Name        Object

    0x20000000   COMPRESSED   0x00000004   Data   RW         3086    .data               tick_drv.o
    0x20000004   COMPRESSED   0x000001e4   Data   RW         3405    .data               rc.o
    0x200001e8   COMPRESSED   0x0000000c   Data   RW         3491    .data               led.o
    0x200001f4   COMPRESSED   0x00000004   Data   RW         3492    .data               led.o
    0x200001f8   COMPRESSED   0x00000044   Data   RW         3535    .data               cap.o
    0x2000023c   COMPRESSED   0x00000014   Data   RW         3600    .data               imu.o
    0x20000250   COMPRESSED   0x00000140   Data   RW         3601    .data               imu.o
    0x20000390   COMPRESSED   0x00000878   Data   RW         3729    .data               motor.o
    0x20000c08   COMPRESSED   0x00000028   Data   RW         3782    .data               master.o
    0x20000c30   COMPRESSED   0x00000002   Data   RW         3939    .data               crc.o
    0x20000c32   COMPRESSED   0x00000002   PAD
    0x20000c34   COMPRESSED   0x000000d4   Data   RW         3997    .data               judge.o
    0x20000d08   COMPRESSED   0x00000070   Data   RW         4115    .data               vision.o
    0x20000d78   COMPRESSED   0x00000010   Data   RW         5142    .data               bmi270.o
    0x20000d88   COMPRESSED   0x00000008   Data   RW         5353    .data               common.o
    0x20000d90   COMPRESSED   0x0000000c   Data   RW         5538    .data               freertos.o
    0x20000d9c   COMPRESSED   0x00000004   Data   RW         5597    .data               can.o
    0x20000da0   COMPRESSED   0x0000000c   Data   RW         7215    .data               stm32f4xx_hal.o
    0x20000dac   COMPRESSED   0x00000004   Data   RW         9132    .data               system_stm32f4xx.o
    0x20000db0   COMPRESSED   0x0000003c   Data   RW         9678    .data               tasks.o
    0x20000dec   COMPRESSED   0x00000020   Data   RW        10322    .data               heap_4.o
    0x20000e0c   COMPRESSED   0x0000000c   Data   RW        10390    .data               port.o
    0x20000e18   COMPRESSED   0x00000004   Data   RW        10629    .data               mc_w.l(mvars.o)
    0x20000e1c   COMPRESSED   0x00000004   Data   RW        10630    .data               mc_w.l(mvars.o)
    0x20000e20        -       0x000000b8   Zero   RW         3165    .bss                can_drv.o
    0x20000ed8        -       0x000005a8   Zero   RW         3290    .bss                uart_drv.o
    0x20001480        -       0x00000068   Zero   RW         3599    .bss                imu.o
    0x200014e8        -       0x00000254   Zero   RW         5535    .bss                freertos.o
    0x2000173c        -       0x00000050   Zero   RW         5596    .bss                can.o
    0x2000178c        -       0x0000000c   Zero   RW         5666    .bss                iwdg.o
    0x20001798        -       0x00000058   Zero   RW         5698    .bss                spi.o
    0x200017f0        -       0x00000090   Zero   RW         5741    .bss                tim.o
    0x20001880        -       0x000004b4   Zero   RW         5792    .bss                usart.o
    0x20001d34        -       0x00000048   Zero   RW         6044    .bss                stm32f4xx_hal_timebase_tim.o
    0x20001d7c        -       0x000000f0   Zero   RW         9677    .bss                tasks.o
    0x20001e6c        -       0x00003c00   Zero   RW        10321    .bss                heap_4.o
    0x20005a6c   COMPRESSED   0x00000004   PAD
    0x20005a70        -       0x00000200   Zero   RW         5426    HEAP                startup_stm32f407xx.o
    0x20005c70        -       0x00000400   Zero   RW         5425    STACK               startup_stm32f407xx.o


    Execution Region RW_IRAM2 (Exec base: 0x2001c000, Load base: 0x0800c3e0, Size: 0x00000000, Max: 0x00004000, ABSOLUTE)

    **** No section assigned to this execution region ****


==============================================================================

Image component sizes


      Code (inc. data)   RO Data    RW Data    ZI Data      Debug   Object Name

       540         28         40          0          0       9464   arm_atan2_f32.o
         0          0       2052          0          0       8397   arm_common_tables.o
       132         14          0          0          0        766   arm_cos_f32.o
       128         14          0          0          0        766   arm_sin_f32.o
       162          4          0          0          0      43551   bmi.o
      3638         12          6          0          0      37432   bmi2.o
      4410         22       8264         16          0      36058   bmi270.o
       396         46          0          4         80       2530   can.o
       362         54          0          0        184       5993   can_drv.o
        72         12          0          0          0       1630   can_potocal.o
       280          8          0         68          0       5539   cap.o
       120          0          0          0          0      23393   cmsis_os.o
       530         58          0          8          0       7369   common.o
       178         18        768          2          0       3831   crc.o
       188          4          0          0          0        894   dma.o
         0          0          0          0          0      16920   event_groups.o
       104         14        122         12        596       2213   freertos.o
       140          8          0          0          0       1007   gpio.o
       472         24          0         32      15360       7479   heap_4.o
       760         72          0          0          0       5843   iic_drv.o
      3146        118          0        340        104      16048   imu.o
        44          8          0          0         12        743   iwdg.o
       768         16          0        212          0      15191   judge.o
       184         26          0         16          0       2392   led.o
       138          0          0          0          0       3598   list.o
       248          8          0          0          0       2804   main.o
        90          6          0         40          0       3726   master.o
       340         28          0       2168          0       4161   motor.o
       786         82          0         12          0      11949   port.o
      1688         66          0        484          0      17255   rc.o
      1756        104          0          0          0      18427   rm_motor.o
       120         18          0          0          0     751700   rp_init.o
       180         24          0          0         88       1721   spi.o
        92          8          0          0          0        947   spi_drv.o
        36          8        392          0       1536        808   startup_stm32f407xx.o
       116         18          0         12          0       8786   stm32f4xx_hal.o
      1658          6          0          0          0      14447   stm32f4xx_hal_can.o
       158         14          0          0          0      33150   stm32f4xx_hal_cortex.o
      1084         16          8          0          0       7430   stm32f4xx_hal_dma.o
       522         46          0          0          0       2869   stm32f4xx_hal_gpio.o
       102          0          0          0          0       1911   stm32f4xx_hal_iwdg.o
        56          4          0          0          0        886   stm32f4xx_hal_msp.o
      1412         86          0          0          0       5957   stm32f4xx_hal_rcc.o
      1738         12          0          0          0       8554   stm32f4xx_hal_spi.o
      1110         72          0          0          0      10285   stm32f4xx_hal_tim.o
       148         28          0          0          0       2489   stm32f4xx_hal_tim_ex.o
       152         18          0          0         72       1507   stm32f4xx_hal_timebase_tim.o
      1596         30          0          0          0      12382   stm32f4xx_hal_uart.o
       288        108          0          0          0      11781   stm32f4xx_it.o
        16          4         24          4          0       1187   system_stm32f4xx.o
      1536        116          0         60        240      20281   tasks.o
       188         40          0          0          0      33363   tasks_center.o
        60          6          0          4          0       1704   tick_drv.o
       364         34          0          0        144       2575   tim.o
      1354        130          0          0       1448       8808   uart_drv.o
      1316        106          0          0       1204       5473   usart.o
        52         14          0          0          0       3035   usart_potocal.o
       210          0          0        112          0       5497   vision.o

    ----------------------------------------------------------------------
     37526       1840      11712       3608      21072    1276902   Object Totals
         0          0         32          0          0          0   (incl. Generated)
        62          0          4          2          4          0   (incl. Padding)

    ----------------------------------------------------------------------

      Code (inc. data)   RO Data    RW Data    ZI Data      Debug   Library Member Name

        86          0          0          0          0          0   __dczerorl2.o
         0          0          0          0          0          0   entry.o
         0          0          0          0          0          0   entry10a.o
         0          0          0          0          0          0   entry11a.o
         4          0          0          0          0          0   entry12b.o
         8          4          0          0          0          0   entry2.o
         4          0          0          0          0          0   entry5.o
         0          0          0          0          0          0   entry7b.o
         0          0          0          0          0          0   entry8b.o
         8          4          0          0          0          0   entry9a.o
        30          0          0          0          0          0   handlers.o
        36          8          0          0          0         68   init.o
        30          0          0          0          0         68   llshl.o
        32          0          0          0          0         68   llushr.o
       188         20          0          0          0        160   malloc.o
        36          0          0          0          0         68   memcpya.o
        36          0          0          0          0        108   memseta.o
         0          0          0          8          0          0   mvars.o
        98          0          0          0          0         92   uldiv.o

    ----------------------------------------------------------------------
       598         36          0          8          0        632   Library Totals
         2          0          0          0          0          0   (incl. Padding)

    ----------------------------------------------------------------------

      Code (inc. data)   RO Data    RW Data    ZI Data      Debug   Library Name

       596         36          0          8          0        632   mc_w.l

    ----------------------------------------------------------------------
       598         36          0          8          0        632   Library Totals

    ----------------------------------------------------------------------

==============================================================================


      Code (inc. data)   RO Data    RW Data    ZI Data      Debug   

     38124       1876      11712       3616      21072    1241858   Grand Totals
     38124       1876      11712        308      21072    1241858   ELF Image Totals (compressed)
     38124       1876      11712        308          0          0   ROM Totals

==============================================================================

    Total RO  Size (Code + RO Data)                49836 (  48.67kB)
    Total RW  Size (RW Data + ZI Data)             24688 (  24.11kB)
    Total ROM Size (Code + RO Data + RW Data)      50144 (  48.97kB)

==============================================================================

