Component: ARM Compiler 5.06 update 7 (build 960) Tool: armlink [4d3601]

==============================================================================

Section Cross References

    arm_atan2_f32.o(i.arm_atan2_f32) refers to arm_atan2_f32.o(.constdata) for .constdata
    arm_cos_f32.o(i.arm_cos_f32) refers to arm_common_tables.o(.constdata) for sinTable_f32
    arm_cos_q15.o(i.arm_cos_q15) refers to arm_common_tables.o(.constdata) for sinTable_q15
    arm_cos_q31.o(i.arm_cos_q31) refers to arm_common_tables.o(.constdata) for sinTable_q31
    arm_sin_f32.o(i.arm_sin_f32) refers to arm_common_tables.o(.constdata) for sinTable_f32
    arm_sin_q15.o(i.arm_sin_q15) refers to arm_common_tables.o(.constdata) for sinTable_q15
    arm_sin_q31.o(i.arm_sin_q31) refers to arm_common_tables.o(.constdata) for sinTable_q31
    arm_sqrt_q15.o(i.arm_sqrt_q15) refers to arm_common_tables.o(.constdata) for sqrt_initial_lut_q15
    arm_sqrt_q31.o(i.arm_sqrt_q31) refers to arm_common_tables.o(.constdata) for sqrt_initial_lut_q31
    arm_divide_q15.o(i.arm_divide_q15) refers to arm_abs_q15.o(i.arm_abs_q15) for arm_abs_q15
    arm_divide_q31.o(i.arm_divide_q31) refers to arm_abs_q31.o(i.arm_abs_q31) for arm_abs_q31
    arm_divide_q31.o(i.arm_divide_q31) refers to ldiv.o(.text) for __aeabi_ldivmod
    arm_divide_q31.o(i.arm_divide_q31) refers to llsshr.o(.text) for __aeabi_lasr
    arm_vexp_f32.o(i.arm_vexp_f32) refers to expf.o(i.__hardfp_expf) for __hardfp_expf
    arm_vexp_f64.o(i.arm_vexp_f64) refers to exp.o(i.__hardfp_exp) for __hardfp_exp
    arm_vlog_f32.o(i.arm_vlog_f32) refers to logf.o(i.__hardfp_logf) for __hardfp_logf
    arm_vlog_f64.o(i.arm_vlog_f64) refers to log.o(i.__hardfp_log) for __hardfp_log
    arm_atan2_q15.o(i.arm_atan2_q15) refers to arm_negate_q15.o(i.arm_negate_q15) for arm_negate_q15
    arm_atan2_q15.o(i.arm_atan2_q15) refers to arm_divide_q15.o(i.arm_divide_q15) for arm_divide_q15
    arm_atan2_q15.o(i.arm_atan2_q15) refers to arm_shift_q15.o(i.arm_shift_q15) for arm_shift_q15
    arm_atan2_q15.o(i.arm_atan2_q15) refers to arm_atan2_q15.o(.constdata) for .constdata
    arm_atan2_q31.o(i.arm_atan2_q31) refers to arm_negate_q31.o(i.arm_negate_q31) for arm_negate_q31
    arm_atan2_q31.o(i.arm_atan2_q31) refers to arm_divide_q31.o(i.arm_divide_q31) for arm_divide_q31
    arm_atan2_q31.o(i.arm_atan2_q31) refers to arm_shift_q31.o(i.arm_shift_q31) for arm_shift_q31
    arm_atan2_q31.o(i.arm_atan2_q31) refers to arm_atan2_q31.o(.constdata) for .constdata
    arm_const_structs.o(.constdata) refers to arm_common_tables.o(.constdata) for twiddleCoefF64_16
    arm_const_structs.o(.constdata) refers to arm_common_tables.o(.constdata) for armBitRevIndexTableF64_16
    arm_const_structs.o(.constdata) refers to arm_common_tables.o(.constdata) for twiddleCoefF64_32
    arm_const_structs.o(.constdata) refers to arm_common_tables.o(.constdata) for armBitRevIndexTableF64_32
    arm_const_structs.o(.constdata) refers to arm_common_tables.o(.constdata) for twiddleCoefF64_64
    arm_const_structs.o(.constdata) refers to arm_common_tables.o(.constdata) for armBitRevIndexTableF64_64
    arm_const_structs.o(.constdata) refers to arm_common_tables.o(.constdata) for twiddleCoefF64_128
    arm_const_structs.o(.constdata) refers to arm_common_tables.o(.constdata) for armBitRevIndexTableF64_128
    arm_const_structs.o(.constdata) refers to arm_common_tables.o(.constdata) for twiddleCoefF64_256
    arm_const_structs.o(.constdata) refers to arm_common_tables.o(.constdata) for armBitRevIndexTableF64_256
    arm_const_structs.o(.constdata) refers to arm_common_tables.o(.constdata) for twiddleCoefF64_512
    arm_const_structs.o(.constdata) refers to arm_common_tables.o(.constdata) for armBitRevIndexTableF64_512
    arm_const_structs.o(.constdata) refers to arm_common_tables.o(.constdata) for twiddleCoefF64_1024
    arm_const_structs.o(.constdata) refers to arm_common_tables.o(.constdata) for armBitRevIndexTableF64_1024
    arm_const_structs.o(.constdata) refers to arm_common_tables.o(.constdata) for twiddleCoefF64_2048
    arm_const_structs.o(.constdata) refers to arm_common_tables.o(.constdata) for armBitRevIndexTableF64_2048
    arm_const_structs.o(.constdata) refers to arm_common_tables.o(.constdata) for twiddleCoefF64_4096
    arm_const_structs.o(.constdata) refers to arm_common_tables.o(.constdata) for armBitRevIndexTableF64_4096
    arm_const_structs.o(.constdata) refers to arm_common_tables.o(.constdata) for twiddleCoef_16
    arm_const_structs.o(.constdata) refers to arm_common_tables.o(.constdata) for armBitRevIndexTable16
    arm_const_structs.o(.constdata) refers to arm_common_tables.o(.constdata) for twiddleCoef_32
    arm_const_structs.o(.constdata) refers to arm_common_tables.o(.constdata) for armBitRevIndexTable32
    arm_const_structs.o(.constdata) refers to arm_common_tables.o(.constdata) for twiddleCoef_64
[...]
    HAL_CAN_Start                            0x080015ed   Thumb Code    88  stm32f4xx_hal_can.o(i.HAL_CAN_Start)
    HAL_CAN_TxMailbox0AbortCallback          0x08001645   Thumb Code     2  stm32f4xx_hal_can.o(i.HAL_CAN_TxMailbox0AbortCallback)
    HAL_CAN_TxMailbox0CompleteCallback       0x08001647   Thumb Code     2  stm32f4xx_hal_can.o(i.HAL_CAN_TxMailbox0CompleteCallback)
    HAL_CAN_TxMailbox1AbortCallback          0x08001649   Thumb Code     2  stm32f4xx_hal_can.o(i.HAL_CAN_TxMailbox1AbortCallback)
    HAL_CAN_TxMailbox1CompleteCallback       0x0800164b   Thumb Code     2  stm32f4xx_hal_can.o(i.HAL_CAN_TxMailbox1CompleteCallback)
    HAL_CAN_TxMailbox2AbortCallback          0x0800164d   Thumb Code     2  stm32f4xx_hal_can.o(i.HAL_CAN_TxMailbox2AbortCallback)
    HAL_CAN_TxMailbox2CompleteCallback       0x0800164f   Thumb Code     2  stm32f4xx_hal_can.o(i.HAL_CAN_TxMailbox2CompleteCallback)
    HAL_CAN_WakeUpFromRxMsgCallback          0x08001651   Thumb Code     2  stm32f4xx_hal_can.o(i.HAL_CAN_WakeUpFromRxMsgCallback)
    HAL_DMA_Abort                            0x08001653   Thumb Code   146  stm32f4xx_hal_dma.o(i.HAL_DMA_Abort)
    HAL_DMA_Abort_IT                         0x080016e5   Thumb Code    36  stm32f4xx_hal_dma.o(i.HAL_DMA_Abort_IT)
    HAL_DMA_IRQHandler                       0x08001709   Thumb Code   412  stm32f4xx_hal_dma.o(i.HAL_DMA_IRQHandler)
    HAL_DMA_Init                             0x080018a9   Thumb Code   206  stm32f4xx_hal_dma.o(i.HAL_DMA_Init)
    HAL_DMA_Start_IT                         0x0800197d   Thumb Code   110  stm32f4xx_hal_dma.o(i.HAL_DMA_Start_IT)
    HAL_Delay                                0x080019ed   Thumb Code    32  stm32f4xx_hal.o(i.HAL_Delay)
    HAL_GPIO_Init                            0x08001a11   Thumb Code   450  stm32f4xx_hal_gpio.o(i.HAL_GPIO_Init)
    HAL_GPIO_TogglePin                       0x08001c01   Thumb Code    16  stm32f4xx_hal_gpio.o(i.HAL_GPIO_TogglePin)
    HAL_GPIO_WritePin                        0x08001c11   Thumb Code    10  stm32f4xx_hal_gpio.o(i.HAL_GPIO_WritePin)
    HAL_GetTick                              0x08001c1d   Thumb Code     6  stm32f4xx_hal.o(i.HAL_GetTick)
    HAL_IWDG_Init                            0x08001c29   Thumb Code    90  stm32f4xx_hal_iwdg.o(i.HAL_IWDG_Init)
    HAL_IWDG_Refresh                         0x08001c83   Thumb Code    12  stm32f4xx_hal_iwdg.o(i.HAL_IWDG_Refresh)
    HAL_IncTick                              0x08001c91   Thumb Code    12  stm32f4xx_hal.o(i.HAL_IncTick)
    HAL_Init                                 0x08001ca1   Thumb Code    48  stm32f4xx_hal.o(i.HAL_Init)
    HAL_InitTick                             0x08001cd5   Thumb Code   134  stm32f4xx_hal_timebase_tim.o(i.HAL_InitTick)
    HAL_MspInit                              0x08001d6d   Thumb Code    52  stm32f4xx_hal_msp.o(i.HAL_MspInit)
    HAL_NVIC_EnableIRQ                       0x08001da5   Thumb Code    26  stm32f4xx_hal_cortex.o(i.HAL_NVIC_EnableIRQ)
    HAL_NVIC_SetPriority                     0x08001dc1   Thumb Code    60  stm32f4xx_hal_cortex.o(i.HAL_NVIC_SetPriority)
    HAL_NVIC_SetPriorityGrouping             0x08001e01   Thumb Code    26  stm32f4xx_hal_cortex.o(i.HAL_NVIC_SetPriorityGrouping)
    HAL_RCC_ClockConfig                      0x08001e25   Thumb Code   288  stm32f4xx_hal_rcc.o(i.HAL_RCC_ClockConfig)
    HAL_RCC_GetClockConfig                   0x08001f59   Thumb Code    54  stm32f4xx_hal_rcc.o(i.HAL_RCC_GetClockConfig)
    HAL_RCC_GetPCLK1Freq                     0x08001f99   Thumb Code    20  stm32f4xx_hal_rcc.o(i.HAL_RCC_GetPCLK1Freq)
    HAL_RCC_GetPCLK2Freq                     0x08001fb9   Thumb Code    20  stm32f4xx_hal_rcc.o(i.HAL_RCC_GetPCLK2Freq)
    HAL_RCC_GetSysClockFreq                  0x08001fd9   Thumb Code    88  stm32f4xx_hal_rcc.o(i.HAL_RCC_GetSysClockFreq)
    HAL_RCC_OscConfig                        0x0800203d   Thumb Code   856  stm32f4xx_hal_rcc.o(i.HAL_RCC_OscConfig)
    HAL_SPI_Init                             0x080023a9   Thumb Code   188  stm32f4xx_hal_spi.o(i.HAL_SPI_Init)
    HAL_SPI_MspInit                          0x08002465   Thumb Code    94  spi.o(i.HAL_SPI_MspInit)
    HAL_SPI_Receive                          0x080024d1   Thumb Code   346  stm32f4xx_hal_spi.o(i.HAL_SPI_Receive)
    HAL_SPI_Transmit                         0x0800262b   Thumb Code   358  stm32f4xx_hal_spi.o(i.HAL_SPI_Transmit)
    HAL_SPI_TransmitReceive                  0x08002791   Thumb Code   482  stm32f4xx_hal_spi.o(i.HAL_SPI_TransmitReceive)
    HAL_TIMEx_BreakCallback                  0x08002973   Thumb Code     2  stm32f4xx_hal_tim_ex.o(i.HAL_TIMEx_BreakCallback)
    HAL_TIMEx_CommutCallback                 0x08002975   Thumb Code     2  stm32f4xx_hal_tim_ex.o(i.HAL_TIMEx_CommutCallback)
    HAL_TIMEx_ConfigBreakDeadTime            0x08002977   Thumb Code    84  stm32f4xx_hal_tim_ex.o(i.HAL_TIMEx_ConfigBreakDeadTime)
    HAL_TIMEx_MasterConfigSynchronization    0x080029cd   Thumb Code   116  stm32f4xx_hal_tim_ex.o(i.HAL_TIMEx_MasterConfigSynchronization)
    HAL_TIM_Base_Init                        0x08002a5d   Thumb Code    90  stm32f4xx_hal_tim.o(i.HAL_TIM_Base_Init)
    HAL_TIM_Base_MspInit                     0x08002ab9   Thumb Code    76  tim.o(i.HAL_TIM_Base_MspInit)
    HAL_TIM_Base_Start_IT                    0x08002b11   Thumb Code   100  stm32f4xx_hal_tim.o(i.HAL_TIM_Base_Start_IT)
    HAL_TIM_ConfigClockSource                0x08002b91   Thumb Code   220  stm32f4xx_hal_tim.o(i.HAL_TIM_ConfigClockSource)
    HAL_TIM_IC_CaptureCallback               0x08002c6d   Thumb Code     2  stm32f4xx_hal_tim.o(i.HAL_TIM_IC_CaptureCallback)
    HAL_TIM_IRQHandler                       0x08002c6f   Thumb Code   358  stm32f4xx_hal_tim.o(i.HAL_TIM_IRQHandler)
    HAL_TIM_MspPostInit                      0x08002dd5   Thumb Code    72  tim.o(i.HAL_TIM_MspPostInit)
    HAL_TIM_OC_DelayElapsedCallback          0x08002e29   Thumb Code     2  stm32f4xx_hal_tim.o(i.HAL_TIM_OC_DelayElapsedCallback)
    HAL_TIM_PWM_ConfigChannel                0x08002e2b   Thumb Code   204  stm32f4xx_hal_tim.o(i.HAL_TIM_PWM_ConfigChannel)
    HAL_TIM_PWM_Init                         0x08002ef7   Thumb Code    90  stm32f4xx_hal_tim.o(i.HAL_TIM_PWM_Init)
    HAL_TIM_PWM_MspInit                      0x08002f51   Thumb Code     2  stm32f4xx_hal_tim.o(i.HAL_TIM_PWM_MspInit)
    HAL_TIM_PWM_PulseFinishedCallback        0x08002f53   Thumb Code     2  stm32f4xx_hal_tim.o(i.HAL_TIM_PWM_PulseFinishedCallback)
    HAL_TIM_PWM_Start                        0x08002f55   Thumb Code   172  stm32f4xx_hal_tim.o(i.HAL_TIM_PWM_Start)
    HAL_TIM_PWM_Stop                         0x0800301d   Thumb Code   114  stm32f4xx_hal_tim.o(i.HAL_TIM_PWM_Stop)
    HAL_TIM_PeriodElapsedCallback            0x08003099   Thumb Code    14  main.o(i.HAL_TIM_PeriodElapsedCallback)
    HAL_TIM_TriggerCallback                  0x080030a7   Thumb Code     2  stm32f4xx_hal_tim.o(i.HAL_TIM_TriggerCallback)
    HAL_UARTEx_RxEventCallback               0x080030a9   Thumb Code     2  stm32f4xx_hal_uart.o(i.HAL_UARTEx_RxEventCallback)
    HAL_UART_ErrorCallback                   0x080030ab   Thumb Code     2  stm32f4xx_hal_uart.o(i.HAL_UART_ErrorCallback)
    HAL_UART_IRQHandler                      0x080030ad   Thumb Code   610  stm32f4xx_hal_uart.o(i.HAL_UART_IRQHandler)
    HAL_UART_Init                            0x08003315   Thumb Code    98  stm32f4xx_hal_uart.o(i.HAL_UART_Init)
    HAL_UART_MspInit                         0x08003379   Thumb Code   968  usart.o(i.HAL_UART_MspInit)
    HAL_UART_RxCpltCallback                  0x0800377d   Thumb Code     2  stm32f4xx_hal_uart.o(i.HAL_UART_RxCpltCallback)
    HAL_UART_Transmit_DMA                    0x08003781   Thumb Code   126  stm32f4xx_hal_uart.o(i.HAL_UART_Transmit_DMA)
    HAL_UART_TxCpltCallback                  0x0800380d   Thumb Code     2  stm32f4xx_hal_uart.o(i.HAL_UART_TxCpltCallback)
    HAL_UART_TxHalfCpltCallback              0x0800380f   Thumb Code     2  stm32f4xx_hal_uart.o(i.HAL_UART_TxHalfCpltCallback)
    HardFault_Handler                        0x08003811   Thumb Code     2  stm32f4xx_it.o(i.HardFault_Handler)
    IIC_Ack                                  0x08003815   Thumb Code    56  iic_drv.o(i.IIC_Ack)
    IIC_Init                                 0x08003855   Thumb Code   130  iic_drv.o(i.IIC_Init)
    IIC_NAck                                 0x080038e1   Thumb Code    56  iic_drv.o(i.IIC_NAck)
    IIC_Read_Byte                            0x08003921   Thumb Code    96  iic_drv.o(i.IIC_Read_Byte)
    IIC_Read_Cicle                           0x08003989   Thumb Code    76  iic_drv.o(i.IIC_Read_Cicle)
    IIC_Send_Byte                            0x080039d5   Thumb Code    86  iic_drv.o(i.IIC_Send_Byte)
    IIC_Start                                0x08003a35   Thumb Code    56  iic_drv.o(i.IIC_Start)
    IIC_Stop                                 0x08003a75   Thumb Code    58  iic_drv.o(i.IIC_Stop)
    IIC_Wait_Ack                             0x08003ab9   Thumb Code    74  iic_drv.o(i.IIC_Wait_Ack)
    Imu_SPI_Init                             0x08003c79   Thumb Code    84  spi_drv.o(i.Imu_SPI_Init)
    KEY_State_Judge                          0x08003cd5   Thumb Code    98  rc.o(i.KEY_State_Judge)
    Led_All_Light                            0x08003d39   Thumb Code    10  led.o(i.Led_All_Light)
    Led_All_Shine                            0x08003d49   Thumb Code    30  led.o(i.Led_All_Shine)
    Led_Running                              0x08003d71   Thumb Code   118  led.o(i.Led_Running)
    MASTER_HeartBeat                         0x08003df1   Thumb Code    30  master.o(i.MASTER_HeartBeat)
    MASTER_sendBuff                          0x08003e15   Thumb Code     2  master.o(i.MASTER_sendBuff)
    MX_CAN1_Init                             0x08003e19   Thumb Code    62  can.o(i.MX_CAN1_Init)
    MX_CAN2_Init                             0x08003e61   Thumb Code    62  can.o(i.MX_CAN2_Init)
    MX_DMA_Init                              0x08003ea9   Thumb Code   184  dma.o(i.MX_DMA_Init)
    MX_FREERTOS_Init                         0x08003f65   Thumb Code    74  freertos.o(i.MX_FREERTOS_Init)
    MX_GPIO_Init                             0x08003fb9   Thumb Code   132  gpio.o(i.MX_GPIO_Init)
    MX_IWDG_Init                             0x08004045   Thumb Code    36  iwdg.o(i.MX_IWDG_Init)
    MX_SPI2_Init                             0x08004071   Thumb Code    62  spi.o(i.MX_SPI2_Init)
    MX_TIM1_Init                             0x080040b9   Thumb Code   194  tim.o(i.MX_TIM1_Init)
    MX_TIM4_Init                             0x08004185   Thumb Code    96  tim.o(i.MX_TIM4_Init)
    MX_UART4_Init                            0x080041ed   Thumb Code    48  usart.o(i.MX_UART4_Init)
    MX_UART5_Init                            0x08004225   Thumb Code    48  usart.o(i.MX_UART5_Init)
    MX_USART1_UART_Init                      0x0800425d   Thumb Code    48  usart.o(i.MX_USART1_UART_Init)
    MX_USART2_UART_Init                      0x08004295   Thumb Code    50  usart.o(i.MX_USART2_UART_Init)
    MX_USART3_UART_Init                      0x080042d5   Thumb Code    48  usart.o(i.MX_USART3_UART_Init)
    MemManage_Handler                        0x0800430d   Thumb Code     2  stm32f4xx_it.o(i.MemManage_Handler)
    NMI_Handler                              0x0800430f   Thumb Code     2  stm32f4xx_it.o(i.NMI_Handler)
    RC_DeathZoom                             0x0800432b   Thumb Code    34  rc.o(i.RC_DeathZoom)
    RC_Key2Channel                           0x0800434d   Thumb Code   244  rc.o(i.RC_Key2Channel)
    RC_KeyMouseReceive                       0x08004445   Thumb Code   336  rc.o(i.RC_KeyMouseReceive)
    RC_Mouse_Speed                           0x08004599   Thumb Code   214  rc.o(i.RC_Mouse_Speed)
    RC_ResetData                             0x08004691   Thumb Code     8  rc.o(i.RC_ResetData)
    RC_ResetJudge                            0x08004699   Thumb Code   150  rc.o(i.RC_ResetJudge)
    RC_SF                                    0x08004735   Thumb Code    56  rc.o(i.RC_SF)
    RM_MotorCAN1                             0x0800476d   Thumb Code    48  motor.o(i.RM_MotorCAN1)
    RM_MotorCAN2                             0x080047a1   Thumb Code    48  motor.o(i.RM_MotorCAN2)
    RM_MotorControl_Test                     0x080047d5   Thumb Code    58  motor.o(i.RM_MotorControl_Test)
    RM_MotorHeartBeat                        0x08004819   Thumb Code    66  motor.o(i.RM_MotorHeartBeat)
    RM_MotorInit                             0x08004861   Thumb Code   162  motor.o(i.RM_MotorInit)
    RP_IMU_INIT                              0x0800490d   Thumb Code    38  rp_init.o(i.RP_IMU_INIT)
    RP_INIT                                  0x08004939   Thumb Code    70  rp_init.o(i.RP_INIT)
    RP_QuaternionMartix_LeftMult             0x08004991   Thumb Code   158  imu.o(i.RP_QuaternionMartix_LeftMult)
    RP_QuaternionMartix_RightMult            0x08004a2f   Thumb Code   158  imu.o(i.RP_QuaternionMartix_RightMult)
    Sim_Channel                              0x08004cbd   Thumb Code    58  rc.o(i.Sim_Channel)
    StartCommunityTask                       0x08004d05   Thumb Code    46  tasks_center.o(i.StartCommunityTask)
    StartControlTask                         0x08004d3d   Thumb Code    18  tasks_center.o(i.StartControlTask)
    StartMonitorTask                         0x08004d55   Thumb Code    84  tasks_center.o(i.StartMonitorTask)
    SysTick_Handler                          0x08004dc1   Thumb Code    38  port.o(i.SysTick_Handler)
    SystemClock_Config                       0x08004ded   Thumb Code   148  main.o(i.SystemClock_Config)
    SystemInit                               0x08004e89   Thumb Code    12  system_stm32f4xx.o(i.SystemInit)
    TIM2_IRQHandler                          0x08004e99   Thumb Code     6  stm32f4xx_it.o(i.TIM2_IRQHandler)
    TIM4_IRQHandler                          0x08004ea5   Thumb Code     6  stm32f4xx_it.o(i.TIM4_IRQHandler)
    TIM_Base_SetConfig                       0x08004eb1   Thumb Code   156  stm32f4xx_hal_tim.o(i.TIM_Base_SetConfig)
    TIM_CCxChannelCmd                        0x08004f79   Thumb Code    26  stm32f4xx_hal_tim.o(i.TIM_CCxChannelCmd)
    TIM_ETR_SetConfig                        0x08004f93   Thumb Code    20  stm32f4xx_hal_tim.o(i.TIM_ETR_SetConfig)
    TIM_OC2_SetConfig                        0x08005019   Thumb Code    98  stm32f4xx_hal_tim.o(i.TIM_OC2_SetConfig)
    UART4_IRQHandler                         0x08005185   Thumb Code    18  stm32f4xx_it.o(i.UART4_IRQHandler)
    UART5_IRQHandler                         0x0800519d   Thumb Code    18  stm32f4xx_it.o(i.UART5_IRQHandler)
    UART_Send                                0x08005385   Thumb Code    58  uart_drv.o(i.UART_Send)
    USART1_IRQHandler                        0x080054e1   Thumb Code    18  stm32f4xx_it.o(i.USART1_IRQHandler)
    USART1_Init                              0x080054f9   Thumb Code    48  uart_drv.o(i.USART1_Init)
    USART1_rxDataHandler                     0x08005531   Thumb Code    10  usart_potocal.o(i.USART1_rxDataHandler)
    USART2_IRQHandler                        0x08005541   Thumb Code    18  stm32f4xx_it.o(i.USART2_IRQHandler)
    USART2_Init                              0x08005559   Thumb Code    52  uart_drv.o(i.USART2_Init)
    USART2_rxDataHandler                     0x08005595   Thumb Code    12  usart_potocal.o(i.USART2_rxDataHandler)
    USART3_IRQHandler                        0x080055a5   Thumb Code    18  stm32f4xx_it.o(i.USART3_IRQHandler)
    USART3_Init                              0x080055bd   Thumb Code    48  uart_drv.o(i.USART3_Init)
    USART3_rxDataHandler                     0x080055f5   Thumb Code     2  usart_potocal.o(i.USART3_rxDataHandler)
    USART4_Init                              0x080055f9   Thumb Code    48  uart_drv.o(i.USART4_Init)
    USART4_rxDataHandler                     0x08005631   Thumb Code     2  usart_potocal.o(i.USART4_rxDataHandler)
    USART5_Init                              0x08005635   Thumb Code    48  uart_drv.o(i.USART5_Init)
    USART5_rxDataHandler                     0x0800566d   Thumb Code    12  usart_potocal.o(i.USART5_rxDataHandler)
    UsageFault_Handler                       0x0800567d   Thumb Code     2  stm32f4xx_it.o(i.UsageFault_Handler)
    Verify_CRC16_Check_Sum                   0x08005681   Thumb Code    54  crc.o(i.Verify_CRC16_Check_Sum)
    Verify_CRC8_Check_Sum                    0x080056bd   Thumb Code    42  crc.o(i.Verify_CRC8_Check_Sum)
    __scatterload_copy                       0x08005707   Thumb Code    14  handlers.o(i.__scatterload_copy)
    __scatterload_null                       0x08005715   Thumb Code     2  handlers.o(i.__scatterload_null)
    __scatterload_zeroinit                   0x08005717   Thumb Code    14  handlers.o(i.__scatterload_zeroinit)
    arm_atan2_f32                            0x08005725   Thumb Code   512  arm_atan2_f32.o(i.arm_atan2_f32)
    arm_cos_f32                              0x08005941   Thumb Code   118  arm_cos_f32.o(i.arm_cos_f32)
    arm_sin_f32                              0x080059c5   Thumb Code   114  arm_sin_f32.o(i.arm_sin_f32)
    bmi270_get_sensor_config                 0x08005a45   Thumb Code   134  bmi270.o(i.bmi270_get_sensor_config)
    bmi270_init                              0x08005acd   Thumb Code   102  bmi270.o(i.bmi270_init)
    bmi270_sensor_enable                     0x08005b41   Thumb Code   126  bmi270.o(i.bmi270_sensor_enable)
    bmi270_set_sensor_config                 0x08005bbf   Thumb Code   130  bmi270.o(i.bmi270_set_sensor_config)
    bmi2_delay                               0x08005c41   Thumb Code    24  common.o(i.bmi2_delay)
    bmi2_delay_us                            0x08005c59   Thumb Code    24  common.o(i.bmi2_delay_us)
    bmi2_error_codes_print_result            0x08005c71   Thumb Code     2  common.o(i.bmi2_error_codes_print_result)
    bmi2_extract_input_feat_config           0x08005c73   Thumb Code    54  bmi2.o(i.bmi2_extract_input_feat_config)
    bmi2_get_feat_config                     0x08005ca9   Thumb Code   160  bmi2.o(i.bmi2_get_feat_config)
    bmi2_get_feature_data                    0x08005d49   Thumb Code   132  bmi2.o(i.bmi2_get_feature_data)
    bmi2_get_gyro_cross_sense                0x08005dcd   Thumb Code    64  bmi2.o(i.bmi2_get_gyro_cross_sense)
    bmi2_get_internal_status                 0x08005e0d   Thumb Code    46  bmi2.o(i.bmi2_get_internal_status)
    bmi2_get_regs                            0x08005e41   Thumb Code   126  bmi2.o(i.bmi2_get_regs)
    bmi2_get_sensor_config                   0x08005ebf   Thumb Code   182  bmi2.o(i.bmi2_get_sensor_config)
    bmi2_get_status                          0x08005f75   Thumb Code    38  bmi2.o(i.bmi2_get_status)
    bmi2_i2c_read                            0x08005f9d   Thumb Code    94  common.o(i.bmi2_i2c_read)
    bmi2_i2c_write                           0x08006001   Thumb Code    80  common.o(i.bmi2_i2c_write)
    bmi2_interface_init                      0x08006055   Thumb Code    74  common.o(i.bmi2_interface_init)
    bmi2_map_data_int                        0x080060b9   Thumb Code   118  bmi2.o(i.bmi2_map_data_int)
    bmi2_micros                              0x08006131   Thumb Code    30  common.o(i.bmi2_micros)
    bmi2_sec_init                            0x08006155   Thumb Code   114  bmi2.o(i.bmi2_sec_init)
    bmi2_set_adv_power_save                  0x080061cd   Thumb Code    84  bmi2.o(i.bmi2_set_adv_power_save)
    bmi2_set_regs                            0x08006221   Thumb Code   108  bmi2.o(i.bmi2_set_regs)
    bmi2_set_sensor_config                   0x0800628d   Thumb Code   170  bmi2.o(i.bmi2_set_sensor_config)
    bmi2_soft_reset                          0x08006337   Thumb Code   104  bmi2.o(i.bmi2_soft_reset)
    bmi2_spi_read                            0x080063a1   Thumb Code    72  common.o(i.bmi2_spi_read)
    bmi2_spi_write                           0x080063f1   Thumb Code    72  common.o(i.bmi2_spi_write)
    bmi2_write_config_file                   0x08006441   Thumb Code    86  bmi2.o(i.bmi2_write_config_file)
    bmi_init                                 0x08006499   Thumb Code    48  bmi.o(i.bmi_init)
    delay_us                                 0x08006619   Thumb Code    24  tick_drv.o(i.delay_us)
    free                                     0x08006799   Thumb Code    76  malloc.o(i.free)
    get_rm_can_drvie                         0x08006c15   Thumb Code    88  rm_motor.o(i.get_rm_can_drvie)
    get_rm_info                              0x08006c75   Thumb Code   144  rm_motor.o(i.get_rm_info)
    imu_half_cycle                           0x08006f93   Thumb Code    60  imu.o(i.imu_half_cycle)
    inVSqrt                                  0x08007561   Thumb Code    40  imu.o(i.inVSqrt)
    int16_to_float                           0x0800758d   Thumb Code    38  cap.o(i.int16_to_float)
    main                                     0x0800780d   Thumb Code    86  main.o(i.main)
    malloc                                   0x08007875   Thumb Code    92  malloc.o(i.malloc)
    micros                                   0x08007915   Thumb Code    30  tick_drv.o(i.micros)
    motor_class_heartbeat                    0x08007939   Thumb Code    42  rm_motor.o(i.motor_class_heartbeat)
    motor_class_init                         0x08007965   Thumb Code   106  rm_motor.o(i.motor_class_init)
    motor_class_pid_init                     0x080079fd   Thumb Code    44  rm_motor.o(i.motor_class_pid_init)
    motor_class_stucking_flag                0x08007a29   Thumb Code    44  rm_motor.o(i.motor_class_stucking_flag)
    motor_cycle                              0x08007a55   Thumb Code    32  rm_motor.o(i.motor_cycle)
    motor_half_cycle                         0x08007a75   Thumb Code    60  rm_motor.o(i.motor_half_cycle)
    motor_judge_dir                          0x08007ab1   Thumb Code    50  rm_motor.o(i.motor_judge_dir)
    motor_offset                             0x08007ae3   Thumb Code    72  rm_motor.o(i.motor_offset)
    motor_pid_angle                          0x08007b2d   Thumb Code    78  rm_motor.o(i.motor_pid_angle)
    motor_pid_cal                            0x08007b85   Thumb Code   274  rm_motor.o(i.motor_pid_cal)
    motor_pid_ctrl                           0x08007c9d   Thumb Code   264  rm_motor.o(i.motor_pid_ctrl)
    motor_pid_double                         0x08007db1   Thumb Code     8  rm_motor.o(i.motor_pid_double)
    motor_pid_err                            0x08007db9   Thumb Code    30  rm_motor.o(i.motor_pid_err)
    motor_pid_position                       0x08007ddd   Thumb Code    64  rm_motor.o(i.motor_pid_position)
    motor_pid_single                         0x08007e21   Thumb Code    16  rm_motor.o(i.motor_pid_single)
    motor_pid_speed                          0x08007e35   Thumb Code    46  rm_motor.o(i.motor_pid_speed)
    motor_pid_step                           0x08007e69   Thumb Code    78  rm_motor.o(i.motor_pid_step)
    osDelay                                  0x08007ef1   Thumb Code    14  cmsis_os.o(i.osDelay)
    osKernelStart                            0x08007eff   Thumb Code    10  cmsis_os.o(i.osKernelStart)
    osThreadCreate                           0x08007f09   Thumb Code    84  cmsis_os.o(i.osThreadCreate)
    pvPortMalloc                             0x080082a9   Thumb Code   216  heap_4.o(i.pvPortMalloc)
    pxPortInitialiseStack                    0x08008385   Thumb Code    40  port.o(i.pxPortInitialiseStack)
    rm_motor_rx                              0x0800854d   Thumb Code    36  rm_motor.o(i.rm_motor_rx)
    rm_motor_tx                              0x08008571   Thumb Code    92  rm_motor.o(i.rm_motor_tx)
    uxListRemove                             0x08009445   Thumb Code    38  list.o(i.uxListRemove)
    vApplicationGetIdleTaskMemory            0x0800946d   Thumb Code    16  freertos.o(i.vApplicationGetIdleTaskMemory)
    vListInitialise                          0x08009481   Thumb Code    22  list.o(i.vListInitialise)
    vListInitialiseItem                      0x08009497   Thumb Code     6  list.o(i.vListInitialiseItem)
    vListInsert                              0x0800949d   Thumb Code    48  list.o(i.vListInsert)
    vListInsertEnd                           0x080094cd   Thumb Code    24  list.o(i.vListInsertEnd)
    vPortEnterCritical                       0x080094e5   Thumb Code    54  port.o(i.vPortEnterCritical)
    vPortExitCritical                        0x08009525   Thumb Code    34  port.o(i.vPortExitCritical)
    vPortFree                                0x0800954d   Thumb Code    94  heap_4.o(i.vPortFree)
    vPortSetupTimerInterrupt                 0x080095b1   Thumb Code    32  port.o(i.vPortSetupTimerInterrupt)
    vPortValidateInterruptPriority           0x080095d5   Thumb Code    74  port.o(i.vPortValidateInterruptPriority)
    vTaskDelay                               0x08009629   Thumb Code    66  tasks.o(i.vTaskDelay)
    vTaskStartScheduler                      0x08009675   Thumb Code    90  tasks.o(i.vTaskStartScheduler)
    vTaskSuspendAll                          0x080096e1   Thumb Code    10  tasks.o(i.vTaskSuspendAll)
    vTaskSwitchContext                       0x080096f1   Thumb Code    82  tasks.o(i.vTaskSwitchContext)
    xPortStartScheduler                      0x080098d9   Thumb Code   222  port.o(i.xPortStartScheduler)
    xTaskCreate                              0x080099cd   Thumb Code    90  tasks.o(i.xTaskCreate)
    xTaskCreateStatic                        0x08009a27   Thumb Code    86  tasks.o(i.xTaskCreateStatic)
    xTaskGetTickCountFromISR                 0x08009a7d   Thumb Code    12  tasks.o(i.xTaskGetTickCountFromISR)
    xTaskIncrementTick                       0x08009a8d   Thumb Code   194  tasks.o(i.xTaskIncrementTick)
    xTaskResumeAll                           0x08009b59   Thumb Code   182  tasks.o(i.xTaskResumeAll)
    sinTable_f32                             0x08009c44   Data        2052  arm_common_tables.o(.constdata)
    CRC8_TAB                                 0x0800a448   Data         256  crc.o(.constdata)
    wCRC_Table                               0x0800a548   Data         512  crc.o(.constdata)
    bmi270_config_file                       0x0800a74e   Data        8192  bmi270.o(.constdata)
    bmi270_feat_in                           0x0800c74e   Data          51  bmi270.o(.constdata)
    bmi270_feat_out                          0x0800c781   Data          21  bmi270.o(.constdata)
    AHBPrescTable                            0x0800c7f4   Data          16  system_stm32f4xx.o(.constdata)
    APBPrescTable                            0x0800c804   Data           8  system_stm32f4xx.o(.constdata)
    Region$$Table$$Base                      0x0800c834   Number         0  anon$$obj.o(Region$$Table)
    Region$$Table$$Limit                     0x0800c854   Number         0  anon$$obj.o(Region$$Table)
    haltick                                  0x20000000   Data           4  tick_drv.o(.data)
    CH_UP                                    0x20000008   Data           4  rc.o(.data)
    CH_DOWN                                  0x2000000c   Data           4  rc.o(.data)
    Mouse_X_Last                             0x20000010   Data           4  rc.o(.data)
    Mouse_Y_Last                             0x20000014   Data           4  rc.o(.data)
    W_Chan                                   0x20000018   Data           4  rc.o(.data)
    S_Chan                                   0x2000001c   Data           4  rc.o(.data)
    A_Chan                                   0x20000020   Data           4  rc.o(.data)
    D_Chan                                   0x20000024   Data           4  rc.o(.data)
    rc                                       0x20000028   Data         448  rc.o(.data)
    led                                      0x200001e8   Data          12  led.o(.data)
    cap                                      0x200001f8   Data          72  cap.o(.data)
    bmi_client                               0x20000240   Data          20  imu.o(.data)
    exInt                                    0x20000258   Data           4  imu.o(.data)
    eyInt                                    0x2000025c   Data           4  imu.o(.data)
    ezInt                                    0x20000260   Data           4  imu.o(.data)
    imu                                      0x20000264   Data         304  imu.o(.data)
    SendBuffTest                             0x20000394   Data           8  motor.o(.data)
    motor                                    0x2000039c   Data        2576  motor.o(.data)
    test_speed_pid_param                     0x20000dac   Data          28  motor.o(.data)
    test_posit_pid_param                     0x20000dc8   Data          28  motor.o(.data)
    test_posit_in_pid_param                  0x20000de4   Data          28  motor.o(.data)
    test_angle_pid_param                     0x20000e00   Data          28  motor.o(.data)
    test_angle_in_pid_param                  0x20000e1c   Data          28  motor.o(.data)
    yaw_imu_out_pid_param                    0x20000e38   Data          28  motor.o(.data)
    yaw_imu_inn_pid_param                    0x20000e54   Data          28  motor.o(.data)
    pit_imu_out_pid_param                    0x20000e70   Data          28  motor.o(.data)
    pit_imu_inn_pid_param                    0x20000e8c   Data          28  motor.o(.data)
    master                                   0x20000ea8   Data          40  master.o(.data)
    magazine                                 0x20000ed0   Data          20  servo.o(.data)
    CRC_INIT                                 0x20000ee4   Data           2  crc.o(.data)
    judge                                    0x20000ee8   Data         212  judge.o(.data)
    vision                                   0x20000fbc   Data         112  vision.o(.data)
    bmi270_map_int                           0x2000102c   Data          16  bmi270.o(.data)
    btick                                    0x20001040   Data           4  common.o(.data)
    MonitorTaskHandle                        0x20001044   Data           4  freertos.o(.data)
    CommunityTaskHandle                      0x20001048   Data           4  freertos.o(.data)
    ControlTaskHandle                        0x2000104c   Data           4  freertos.o(.data)
    uwTickFreq                               0x20001054   Data           1  stm32f4xx_hal.o(.data)
    uwTickPrio                               0x20001058   Data           4  stm32f4xx_hal.o(.data)
    uwTick                                   0x2000105c   Data           4  stm32f4xx_hal.o(.data)
    SystemCoreClock                          0x20001060   Data           4  system_stm32f4xx.o(.data)
    pxCurrentTCB                             0x20001064   Data           4  tasks.o(.data)
    __microlib_freelist                      0x200010cc   Data           4  mvars.o(.data)
    __microlib_freelist_initialised          0x200010d0   Data           4  mvars.o(.data)
    hcan1RxFrame                             0x200010d4   Data          36  can_drv.o(.bss)
    hcan2RxFrame                             0x200010f8   Data          36  can_drv.o(.bss)
    hcan1TxFrame                             0x2000111c   Data          32  can_drv.o(.bss)
    hcan2TxFrame                             0x2000113c   Data          32  can_drv.o(.bss)
    hcan1RmFrame                             0x2000115c   Data          24  can_drv.o(.bss)
    hcan2RmFrame                             0x20001174   Data          24  can_drv.o(.bss)
    usart1_dma_rxbuf                         0x2000118c   Data         350  uart_drv.o(.bss)
    usart2_dma_rxbuf                         0x200012ea   Data          48  uart_drv.o(.bss)
    usart3_dma_rxbuf                         0x2000131a   Data         350  uart_drv.o(.bss)
    usart4_dma_rxbuf                         0x20001478   Data         350  uart_drv.o(.bss)
    usart5_dma_rxbuf                         0x200015d6   Data         350  uart_drv.o(.bss)
    bmi270                                   0x20001738   Data         104  imu.o(.bss)
    hcan1                                    0x200019f4   Data          40  can.o(.bss)
    hcan2                                    0x20001a1c   Data          40  can.o(.bss)
    hiwdg                                    0x20001a44   Data          12  iwdg.o(.bss)
    hspi2                                    0x20001a50   Data          88  spi.o(.bss)
    htim1                                    0x20001aa8   Data          72  tim.o(.bss)
    htim4                                    0x20001af0   Data          72  tim.o(.bss)
    huart4                                   0x20001b38   Data          68  usart.o(.bss)
    huart5                                   0x20001b7c   Data          68  usart.o(.bss)
    huart1                                   0x20001bc0   Data          68  usart.o(.bss)
    huart2                                   0x20001c04   Data          68  usart.o(.bss)
    huart3                                   0x20001c48   Data          68  usart.o(.bss)
    hdma_uart4_rx                            0x20001c8c   Data          96  usart.o(.bss)
    hdma_uart4_tx                            0x20001cec   Data          96  usart.o(.bss)
    hdma_uart5_rx                            0x20001d4c   Data          96  usart.o(.bss)
    hdma_uart5_tx                            0x20001dac   Data          96  usart.o(.bss)
    hdma_usart1_rx                           0x20001e0c   Data          96  usart.o(.bss)
    hdma_usart1_tx                           0x20001e6c   Data          96  usart.o(.bss)
    hdma_usart2_rx                           0x20001ecc   Data          96  usart.o(.bss)
    hdma_usart3_rx                           0x20001f2c   Data          96  usart.o(.bss)
    hdma_usart3_tx                           0x20001f8c   Data          96  usart.o(.bss)
    htim2                                    0x20001fec   Data          72  stm32f4xx_hal_timebase_tim.o(.bss)
    __heap_base                              0x20005d28   Data           0  startup_stm32f407xx.o(HEAP)
    __heap_limit                             0x20005f28   Data           0  startup_stm32f407xx.o(HEAP)
    __initial_sp                             0x20006328   Data           0  startup_stm32f407xx.o(STACK)



==============================================================================

Memory Map of the image

  Image Entry point : 0x08000189

  Load Region LR_IROM1 (Base: 0x08000000, Size: 0x0000d928, Max: 0x00080000, ABSOLUTE, COMPRESSED[0x0000c9cc])

    Execution Region ER_IROM1 (Exec base: 0x08000000, Load base: 0x08000000, Size: 0x0000c854, Max: 0x00080000, ABSOLUTE)

    Exec Addr    Load Addr    Size         Type   Attr      Idx    E Section Name        Object

    0x08000000   0x08000000   0x00000188   Data   RO         5490    RESET               startup_stm32f407xx.o
    0x08000188   0x08000188   0x00000000   Code   RO        10588  * .ARM.Collect$$$$00000000  mc_w.l(entry.o)
    0x08000188   0x08000188   0x00000004   Code   RO        10680    .ARM.Collect$$$$00000001  mc_w.l(entry2.o)
    0x0800018c   0x0800018c   0x00000004   Code   RO        10683    .ARM.Collect$$$$00000004  mc_w.l(entry5.o)
    0x08000190   0x08000190   0x00000000   Code   RO        10685    .ARM.Collect$$$$00000008  mc_w.l(entry7b.o)
    0x08000190   0x08000190   0x00000000   Code   RO        10687    .ARM.Collect$$$$0000000A  mc_w.l(entry8b.o)
    0x08000190   0x08000190   0x00000008   Code   RO        10688    .ARM.Collect$$$$0000000B  mc_w.l(entry9a.o)
    0x08000198   0x08000198   0x00000004   Code   RO        10695    .ARM.Collect$$$$0000000E  mc_w.l(entry12b.o)
    0x0800019c   0x0800019c   0x00000000   Code   RO        10690    .ARM.Collect$$$$0000000F  mc_w.l(entry10a.o)
    0x0800019c   0x0800019c   0x00000000   Code   RO        10692    .ARM.Collect$$$$00000011  mc_w.l(entry11a.o)
    0x0800019c   0x0800019c   0x00000004   Code   RO        10681    .ARM.Collect$$$$00002712  mc_w.l(entry2.o)
    0x080001a0   0x080001a0   0x000000be   Code   RO        10449    .emb_text           port.o
    0x0800025e   0x0800025e   0x00000002   PAD
    0x08000260   0x08000260   0x00000024   Code   RO         5491    .text               startup_stm32f407xx.o
    0x08000284   0x08000284   0x00000062   Code   RO        10591    .text               mc_w.l(uldiv.o)
    0x080002e6   0x080002e6   0x0000001e   Code   RO        10595    .text               mc_w.l(llshl.o)
    0x08000304   0x08000304   0x00000024   Code   RO        10599    .text               mc_w.l(memcpya.o)
    0x08000328   0x08000328   0x00000024   Code   RO        10603    .text               mc_w.l(memseta.o)
    0x0800034c   0x0800034c   0x00000020   Code   RO        10696    .text               mc_w.l(llushr.o)
    0x0800036c   0x0800036c   0x00000024   Code   RO        10724    .text               mc_w.l(init.o)
    0x08000390   0x08000390   0x00000056   Code   RO        10734    .text               mc_w.l(__dczerorl2.o)
    0x080003e6   0x080003e6   0x00000002   PAD
    0x080003e8   0x080003e8   0x00000274   Code   RO         3592    i.AccGyr_2_EulerAngle  imu.o
    0x0800065c   0x0800065c   0x00000002   Code   RO         5920    i.BusFault_Handler  stm32f4xx_it.o
    0x0800065e   0x0800065e   0x00000002   PAD
    0x08000660   0x08000660   0x00000028   Code   RO         3155    i.CAN1_Init         can_drv.o
    0x08000688   0x08000688   0x0000000c   Code   RO         5921    i.CAN1_RX0_IRQHandler  stm32f4xx_it.o
    0x08000694   0x08000694   0x00000010   Code   RO         3157    i.CAN1_SendData     can_drv.o
    0x080006a4   0x080006a4   0x0000001c   Code   RO         3904    i.CAN1_rxDataHandler  can_potocal.o
    0x080006c0   0x080006c0   0x00000028   Code   RO         3160    i.CAN2_Init         can_drv.o
    0x080006e8   0x080006e8   0x0000000c   Code   RO         5922    i.CAN2_RX0_IRQHandler  stm32f4xx_it.o
    0x080006f4   0x080006f4   0x00000010   Code   RO         3162    i.CAN2_SendData     can_drv.o
    0x08000704   0x08000704   0x0000002c   Code   RO         3905    i.CAN2_rxDataHandler  can_potocal.o
    0x08000730   0x08000730   0x0000001a   Code   RO         3165    i.CAN_Filter_ParamsInit  can_drv.o
    0x0800074a   0x0800074a   0x00000002   PAD
    0x0800074c   0x0800074c   0x00000058   Code   RO         3167    i.CAN_Rx_Callback   can_drv.o
    0x080007a4   0x080007a4   0x0000006c   Code   RO         3168    i.CAN_SendData      can_drv.o
    0x08000810   0x08000810   0x0000000c   Code   RO         3535    i.CAP_ModifyOutInLimit  cap.o
    0x0800081c   0x0800081c   0x00000024   Code   RO         3536    i.CAP_heart_beat    cap.o
    0x08000840   0x08000840   0x00000058   Code   RO         3537    i.CAP_rxMessage     cap.o
    0x08000898   0x08000898   0x0000000e   Code   RO         3538    i.CAP_setBuff0x2E   cap.o
    0x080008a6   0x080008a6   0x00000012   Code   RO         3539    i.CAP_setBuff0x2F   cap.o
    0x080008b8   0x080008b8   0x00000048   Code   RO         3540    i.CAP_setMessage    cap.o
    0x08000900   0x08000900   0x0000000c   Code   RO         5923    i.DMA1_Stream0_IRQHandler  stm32f4xx_it.o
    0x0800090c   0x0800090c   0x0000000c   Code   RO         5924    i.DMA1_Stream1_IRQHandler  stm32f4xx_it.o
    0x08000918   0x08000918   0x0000000c   Code   RO         5925    i.DMA1_Stream2_IRQHandler  stm32f4xx_it.o
    0x08000924   0x08000924   0x0000000c   Code   RO         5926    i.DMA1_Stream3_IRQHandler  stm32f4xx_it.o
    0x08000930   0x08000930   0x0000000c   Code   RO         5927    i.DMA1_Stream4_IRQHandler  stm32f4xx_it.o
    0x0800093c   0x0800093c   0x0000000c   Code   RO         5928    i.DMA1_Stream5_IRQHandler  stm32f4xx_it.o
    0x08000948   0x08000948   0x0000000c   Code   RO         5929    i.DMA1_Stream7_IRQHandler  stm32f4xx_it.o
    0x08000954   0x08000954   0x0000000c   Code   RO         5930    i.DMA2_Stream2_IRQHandler  stm32f4xx_it.o
    0x08000960   0x08000960   0x0000000c   Code   RO         5931    i.DMA2_Stream7_IRQHandler  stm32f4xx_it.o
    0x0800096c   0x0800096c   0x00000244   Code   RO         3280    i.DMAEx_MultiBufferStart_NoIT  uart_drv.o
    0x08000bb0   0x08000bb0   0x00000028   Code   RO         6842    i.DMA_CalcBaseAndBitshift  stm32f4xx_hal_dma.o
    0x08000bd8   0x08000bd8   0x00000054   Code   RO         6843    i.DMA_CheckFifoParam  stm32f4xx_hal_dma.o
    0x08000c2c   0x08000c2c   0x00000028   Code   RO         6844    i.DMA_SetConfig     stm32f4xx_hal_dma.o
    0x08000c54   0x08000c54   0x00000062   Code   RO         3281    i.DMA_Start         uart_drv.o
    0x08000cb6   0x08000cb6   0x00000014   Code   RO         3282    i.DRV_UART_IRQHandler  uart_drv.o
    0x08000cca   0x08000cca   0x00000002   Code   RO         5932    i.DebugMon_Handler  stm32f4xx_it.o
    0x08000ccc   0x08000ccc   0x00000108   Code   RO         4049    i.Determine_ID      judge.o
    0x08000dd4   0x08000dd4   0x00000088   Code   RO         3593    i.Difference_2_WorldGyro  imu.o
    0x08000e5c   0x08000e5c   0x00000004   Code   RO         5498    i.Error_Handler     main.o
    0x08000e60   0x08000e60   0x00000010   Code   RO         3399    i.FirstGetInto_KEY_PRESS  rc.o
    0x08000e70   0x08000e70   0x0000002c   Code   RO         3990    i.Get_CRC16_Check_Sum  crc.o
    0x08000e9c   0x08000e9c   0x00000020   Code   RO         3991    i.Get_CRC8_Check_Sum  crc.o
    0x08000ebc   0x08000ebc   0x00000024   Code   RO         6150    i.HAL_CAN_ActivateNotification  stm32f4xx_hal_can.o
    0x08000ee0   0x08000ee0   0x000000dc   Code   RO         6151    i.HAL_CAN_AddTxMessage  stm32f4xx_hal_can.o
    0x08000fbc   0x08000fbc   0x0000010c   Code   RO         6152    i.HAL_CAN_ConfigFilter  stm32f4xx_hal_can.o
    0x080010c8   0x080010c8   0x00000002   Code   RO         6155    i.HAL_CAN_ErrorCallback  stm32f4xx_hal_can.o
    0x080010ca   0x080010ca   0x000000e8   Code   RO         6158    i.HAL_CAN_GetRxMessage  stm32f4xx_hal_can.o
    0x080011b2   0x080011b2   0x000001fc   Code   RO         6162    i.HAL_CAN_IRQHandler  stm32f4xx_hal_can.o
    0x080013ae   0x080013ae   0x0000011a   Code   RO         6163    i.HAL_CAN_Init      stm32f4xx_hal_can.o
    0x080014c8   0x080014c8   0x000000fc   Code   RO         5656    i.HAL_CAN_MspInit   can.o
    0x080015c4   0x080015c4   0x00000002   Code   RO         6170    i.HAL_CAN_RxFifo0FullCallback  stm32f4xx_hal_can.o
    0x080015c6   0x080015c6   0x00000002   PAD
    0x080015c8   0x080015c8   0x0000001c   Code   RO         3171    i.HAL_CAN_RxFifo0MsgPendingCallback  can_drv.o
    0x080015e4   0x080015e4   0x00000002   Code   RO         6172    i.HAL_CAN_RxFifo1FullCallback  stm32f4xx_hal_can.o
    0x080015e6   0x080015e6   0x00000002   Code   RO         6173    i.HAL_CAN_RxFifo1MsgPendingCallback  stm32f4xx_hal_can.o
    0x080015e8   0x080015e8   0x00000002   Code   RO         6174    i.HAL_CAN_SleepCallback  stm32f4xx_hal_can.o
    0x080015ea   0x080015ea   0x00000002   PAD
    0x080015ec   0x080015ec   0x00000058   Code   RO         6175    i.HAL_CAN_Start     stm32f4xx_hal_can.o
    0x08001644   0x08001644   0x00000002   Code   RO         6177    i.HAL_CAN_TxMailbox0AbortCallback  stm32f4xx_hal_can.o
    0x08001646   0x08001646   0x00000002   Code   RO         6178    i.HAL_CAN_TxMailbox0CompleteCallback  stm32f4xx_hal_can.o
    0x08001648   0x08001648   0x00000002   Code   RO         6179    i.HAL_CAN_TxMailbox1AbortCallback  stm32f4xx_hal_can.o
    0x0800164a   0x0800164a   0x00000002   Code   RO         6180    i.HAL_CAN_TxMailbox1CompleteCallback  stm32f4xx_hal_can.o
    0x0800164c   0x0800164c   0x00000002   Code   RO         6181    i.HAL_CAN_TxMailbox2AbortCallback  stm32f4xx_hal_can.o
    0x0800164e   0x0800164e   0x00000002   Code   RO         6182    i.HAL_CAN_TxMailbox2CompleteCallback  stm32f4xx_hal_can.o
    0x08001650   0x08001650   0x00000002   Code   RO         6184    i.HAL_CAN_WakeUpFromRxMsgCallback  stm32f4xx_hal_can.o
    0x08001652   0x08001652   0x00000092   Code   RO         6845    i.HAL_DMA_Abort     stm32f4xx_hal_dma.o
    0x080016e4   0x080016e4   0x00000024   Code   RO         6846    i.HAL_DMA_Abort_IT  stm32f4xx_hal_dma.o
    0x08001708   0x08001708   0x000001a0   Code   RO         6850    i.HAL_DMA_IRQHandler  stm32f4xx_hal_dma.o
    0x080018a8   0x080018a8   0x000000d4   Code   RO         6851    i.HAL_DMA_Init      stm32f4xx_hal_dma.o
    0x0800197c   0x0800197c   0x0000006e   Code   RO         6855    i.HAL_DMA_Start_IT  stm32f4xx_hal_dma.o
    0x080019ea   0x080019ea   0x00000002   PAD
    0x080019ec   0x080019ec   0x00000024   Code   RO         7264    i.HAL_Delay         stm32f4xx_hal.o
    0x08001a10   0x08001a10   0x000001f0   Code   RO         6738    i.HAL_GPIO_Init     stm32f4xx_hal_gpio.o
    0x08001c00   0x08001c00   0x00000010   Code   RO         6741    i.HAL_GPIO_TogglePin  stm32f4xx_hal_gpio.o
    0x08001c10   0x08001c10   0x0000000a   Code   RO         6742    i.HAL_GPIO_WritePin  stm32f4xx_hal_gpio.o
    0x08001c1a   0x08001c1a   0x00000002   PAD
    0x08001c1c   0x08001c1c   0x0000000c   Code   RO         7270    i.HAL_GetTick       stm32f4xx_hal.o
    0x08001c28   0x08001c28   0x0000005a   Code   RO         7515    i.HAL_IWDG_Init     stm32f4xx_hal_iwdg.o
    0x08001c82   0x08001c82   0x0000000c   Code   RO         7516    i.HAL_IWDG_Refresh  stm32f4xx_hal_iwdg.o
    0x08001c8e   0x08001c8e   0x00000002   PAD
    0x08001c90   0x08001c90   0x00000010   Code   RO         7276    i.HAL_IncTick       stm32f4xx_hal.o
    0x08001ca0   0x08001ca0   0x00000034   Code   RO         7277    i.HAL_Init          stm32f4xx_hal.o
    0x08001cd4   0x08001cd4   0x00000098   Code   RO         6110    i.HAL_InitTick      stm32f4xx_hal_timebase_tim.o
    0x08001d6c   0x08001d6c   0x00000038   Code   RO         6086    i.HAL_MspInit       stm32f4xx_hal_msp.o
    0x08001da4   0x08001da4   0x0000001a   Code   RO         7127    i.HAL_NVIC_EnableIRQ  stm32f4xx_hal_cortex.o
    0x08001dbe   0x08001dbe   0x00000002   PAD
    0x08001dc0   0x08001dc0   0x00000040   Code   RO         7133    i.HAL_NVIC_SetPriority  stm32f4xx_hal_cortex.o
    0x08001e00   0x08001e00   0x00000024   Code   RO         7134    i.HAL_NVIC_SetPriorityGrouping  stm32f4xx_hal_cortex.o
    0x08001e24   0x08001e24   0x00000134   Code   RO         6384    i.HAL_RCC_ClockConfig  stm32f4xx_hal_rcc.o
    0x08001f58   0x08001f58   0x00000040   Code   RO         6388    i.HAL_RCC_GetClockConfig  stm32f4xx_hal_rcc.o
    0x08001f98   0x08001f98   0x00000020   Code   RO         6391    i.HAL_RCC_GetPCLK1Freq  stm32f4xx_hal_rcc.o
    0x08001fb8   0x08001fb8   0x00000020   Code   RO         6392    i.HAL_RCC_GetPCLK2Freq  stm32f4xx_hal_rcc.o
    0x08001fd8   0x08001fd8   0x00000064   Code   RO         6393    i.HAL_RCC_GetSysClockFreq  stm32f4xx_hal_rcc.o
    0x0800203c   0x0800203c   0x0000036c   Code   RO         6396    i.HAL_RCC_OscConfig  stm32f4xx_hal_rcc.o
    0x080023a8   0x080023a8   0x000000bc   Code   RO         7556    i.HAL_SPI_Init      stm32f4xx_hal_spi.o
    0x08002464   0x08002464   0x0000006c   Code   RO         5759    i.HAL_SPI_MspInit   spi.o
    0x080024d0   0x080024d0   0x0000015a   Code   RO         7559    i.HAL_SPI_Receive   stm32f4xx_hal_spi.o
    0x0800262a   0x0800262a   0x00000166   Code   RO         7564    i.HAL_SPI_Transmit  stm32f4xx_hal_spi.o
    0x08002790   0x08002790   0x000001e2   Code   RO         7565    i.HAL_SPI_TransmitReceive  stm32f4xx_hal_spi.o
    0x08002972   0x08002972   0x00000002   Code   RO         8573    i.HAL_TIMEx_BreakCallback  stm32f4xx_hal_tim_ex.o
    0x08002974   0x08002974   0x00000002   Code   RO         8574    i.HAL_TIMEx_CommutCallback  stm32f4xx_hal_tim_ex.o
    0x08002976   0x08002976   0x00000054   Code   RO         8576    i.HAL_TIMEx_ConfigBreakDeadTime  stm32f4xx_hal_tim_ex.o
    0x080029ca   0x080029ca   0x00000002   PAD
    0x080029cc   0x080029cc   0x00000090   Code   RO         8592    i.HAL_TIMEx_MasterConfigSynchronization  stm32f4xx_hal_tim_ex.o
    0x08002a5c   0x08002a5c   0x0000005a   Code   RO         7869    i.HAL_TIM_Base_Init  stm32f4xx_hal_tim.o
    0x08002ab6   0x08002ab6   0x00000002   PAD
    0x08002ab8   0x08002ab8   0x00000058   Code   RO         5801    i.HAL_TIM_Base_MspInit  tim.o
    0x08002b10   0x08002b10   0x00000080   Code   RO         7874    i.HAL_TIM_Base_Start_IT  stm32f4xx_hal_tim.o
    0x08002b90   0x08002b90   0x000000dc   Code   RO         7878    i.HAL_TIM_ConfigClockSource  stm32f4xx_hal_tim.o
    0x08002c6c   0x08002c6c   0x00000002   Code   RO         7903    i.HAL_TIM_IC_CaptureCallback  stm32f4xx_hal_tim.o
    0x08002c6e   0x08002c6e   0x00000166   Code   RO         7917    i.HAL_TIM_IRQHandler  stm32f4xx_hal_tim.o
    0x08002dd4   0x08002dd4   0x00000054   Code   RO         5802    i.HAL_TIM_MspPostInit  tim.o
    0x08002e28   0x08002e28   0x00000002   Code   RO         7920    i.HAL_TIM_OC_DelayElapsedCallback  stm32f4xx_hal_tim.o
    0x08002e2a   0x08002e2a   0x000000cc   Code   RO         7941    i.HAL_TIM_PWM_ConfigChannel  stm32f4xx_hal_tim.o
    0x08002ef6   0x08002ef6   0x0000005a   Code   RO         7944    i.HAL_TIM_PWM_Init  stm32f4xx_hal_tim.o
    0x08002f50   0x08002f50   0x00000002   Code   RO         7946    i.HAL_TIM_PWM_MspInit  stm32f4xx_hal_tim.o
    0x08002f52   0x08002f52   0x00000002   Code   RO         7947    i.HAL_TIM_PWM_PulseFinishedCallback  stm32f4xx_hal_tim.o
    0x08002f54   0x08002f54   0x000000c8   Code   RO         7949    i.HAL_TIM_PWM_Start  stm32f4xx_hal_tim.o
    0x0800301c   0x0800301c   0x0000007c   Code   RO         7952    i.HAL_TIM_PWM_Stop  stm32f4xx_hal_tim.o
    0x08003098   0x08003098   0x0000000e   Code   RO         5499    i.HAL_TIM_PeriodElapsedCallback  main.o
    0x080030a6   0x080030a6   0x00000002   Code   RO         7960    i.HAL_TIM_TriggerCallback  stm32f4xx_hal_tim.o
    0x080030a8   0x080030a8   0x00000002   Code   RO         8851    i.HAL_UARTEx_RxEventCallback  stm32f4xx_hal_uart.o
    0x080030aa   0x080030aa   0x00000002   Code   RO         8865    i.HAL_UART_ErrorCallback  stm32f4xx_hal_uart.o
    0x080030ac   0x080030ac   0x00000268   Code   RO         8868    i.HAL_UART_IRQHandler  stm32f4xx_hal_uart.o
    0x08003314   0x08003314   0x00000062   Code   RO         8869    i.HAL_UART_Init     stm32f4xx_hal_uart.o
    0x08003376   0x08003376   0x00000002   PAD
    0x08003378   0x08003378   0x00000404   Code   RO         5855    i.HAL_UART_MspInit  usart.o
    0x0800377c   0x0800377c   0x00000002   Code   RO         8875    i.HAL_UART_RxCpltCallback  stm32f4xx_hal_uart.o
    0x0800377e   0x0800377e   0x00000002   PAD
    0x08003780   0x08003780   0x0000008c   Code   RO         8878    i.HAL_UART_Transmit_DMA  stm32f4xx_hal_uart.o
    0x0800380c   0x0800380c   0x00000002   Code   RO         8880    i.HAL_UART_TxCpltCallback  stm32f4xx_hal_uart.o
    0x0800380e   0x0800380e   0x00000002   Code   RO         8881    i.HAL_UART_TxHalfCpltCallback  stm32f4xx_hal_uart.o
    0x08003810   0x08003810   0x00000002   Code   RO         5933    i.HardFault_Handler  stm32f4xx_it.o
    0x08003812   0x08003812   0x00000002   PAD
    0x08003814   0x08003814   0x00000040   Code   RO         3012    i.IIC_Ack           iic_drv.o
    0x08003854   0x08003854   0x0000008c   Code   RO         3013    i.IIC_Init          iic_drv.o
    0x080038e0   0x080038e0   0x00000040   Code   RO         3014    i.IIC_NAck          iic_drv.o
    0x08003920   0x08003920   0x00000068   Code   RO         3015    i.IIC_Read_Byte     iic_drv.o
    0x08003988   0x08003988   0x0000004c   Code   RO         3016    i.IIC_Read_Cicle    iic_drv.o
    0x080039d4   0x080039d4   0x00000060   Code   RO         3017    i.IIC_Send_Byte     iic_drv.o
    0x08003a34   0x08003a34   0x00000040   Code   RO         3018    i.IIC_Start         iic_drv.o
    0x08003a74   0x08003a74   0x00000044   Code   RO         3019    i.IIC_Stop          iic_drv.o
    0x08003ab8   0x08003ab8   0x00000054   Code   RO         3020    i.IIC_Wait_Ack      iic_drv.o
    0x08003b0c   0x08003b0c   0x0000004e   Code   RO         3594    i.IMU_Lpf           imu.o
    0x08003b5a   0x08003b5a   0x0000011e   Code   RO         3595    i.IMU_LpfCenter     imu.o
    0x08003c78   0x08003c78   0x0000005c   Code   RO         3128    i.Imu_SPI_Init      spi_drv.o
    0x08003cd4   0x08003cd4   0x00000062   Code   RO         3400    i.KEY_State_Judge   rc.o
    0x08003d36   0x08003d36   0x00000002   PAD
    0x08003d38   0x08003d38   0x00000010   Code   RO         3495    i.Led_All_Light     led.o
    0x08003d48   0x08003d48   0x00000028   Code   RO         3496    i.Led_All_Shine     led.o
    0x08003d70   0x08003d70   0x00000080   Code   RO         3497    i.Led_Running       led.o
    0x08003df0   0x08003df0   0x00000024   Code   RO         3791    i.MASTER_HeartBeat  master.o
    0x08003e14   0x08003e14   0x00000002   Code   RO         3792    i.MASTER_sendBuff   master.o
    0x08003e16   0x08003e16   0x00000002   PAD
    0x08003e18   0x08003e18   0x00000048   Code   RO         5657    i.MX_CAN1_Init      can.o
    0x08003e60   0x08003e60   0x00000048   Code   RO         5658    i.MX_CAN2_Init      can.o
    0x08003ea8   0x08003ea8   0x000000bc   Code   RO         5704    i.MX_DMA_Init       dma.o
    0x08003f64   0x08003f64   0x00000054   Code   RO         5593    i.MX_FREERTOS_Init  freertos.o
    0x08003fb8   0x08003fb8   0x0000008c   Code   RO         5569    i.MX_GPIO_Init      gpio.o
    0x08004044   0x08004044   0x0000002c   Code   RO         5728    i.MX_IWDG_Init      iwdg.o
    0x08004070   0x08004070   0x00000048   Code   RO         5760    i.MX_SPI2_Init      spi.o
    0x080040b8   0x080040b8   0x000000cc   Code   RO         5803    i.MX_TIM1_Init      tim.o
    0x08004184   0x08004184   0x00000068   Code   RO         5804    i.MX_TIM4_Init      tim.o
    0x080041ec   0x080041ec   0x00000038   Code   RO         5856    i.MX_UART4_Init     usart.o
    0x08004224   0x08004224   0x00000038   Code   RO         5857    i.MX_UART5_Init     usart.o
    0x0800425c   0x0800425c   0x00000038   Code   RO         5858    i.MX_USART1_UART_Init  usart.o
    0x08004294   0x08004294   0x00000040   Code   RO         5859    i.MX_USART2_UART_Init  usart.o
    0x080042d4   0x080042d4   0x00000038   Code   RO         5860    i.MX_USART3_UART_Init  usart.o
    0x0800430c   0x0800430c   0x00000002   Code   RO         5934    i.MemManage_Handler  stm32f4xx_it.o
    0x0800430e   0x0800430e   0x00000002   Code   RO         5935    i.NMI_Handler       stm32f4xx_it.o
    0x08004310   0x08004310   0x0000001a   Code   RO         3596    i.QuaternionGyr_2_WorldGyro  imu.o
    0x0800432a   0x0800432a   0x00000022   Code   RO         3401    i.RC_DeathZoom      rc.o
    0x0800434c   0x0800434c   0x000000f8   Code   RO         3402    i.RC_Key2Channel    rc.o
    0x08004444   0x08004444   0x00000154   Code   RO         3403    i.RC_KeyMouseReceive  rc.o
    0x08004598   0x08004598   0x000000f8   Code   RO         3404    i.RC_Mouse_Speed    rc.o
    0x08004690   0x08004690   0x00000008   Code   RO         3405    i.RC_ResetData      rc.o
    0x08004698   0x08004698   0x0000009c   Code   RO         3406    i.RC_ResetJudge     rc.o
    0x08004734   0x08004734   0x00000038   Code   RO         3407    i.RC_SF             rc.o
    0x0800476c   0x0800476c   0x00000034   Code   RO         3736    i.RM_MotorCAN1      motor.o
    0x080047a0   0x080047a0   0x00000034   Code   RO         3737    i.RM_MotorCAN2      motor.o
    0x080047d4   0x080047d4   0x00000044   Code   RO         3738    i.RM_MotorControl_Test  motor.o
    0x08004818   0x08004818   0x00000048   Code   RO         3739    i.RM_MotorHeartBeat  motor.o
    0x08004860   0x08004860   0x000000ac   Code   RO         3740    i.RM_MotorInit      motor.o
    0x0800490c   0x0800490c   0x0000002c   Code   RO         2592    i.RP_IMU_INIT       rp_init.o
    0x08004938   0x08004938   0x00000058   Code   RO         2593    i.RP_INIT           rp_init.o
    0x08004990   0x08004990   0x0000009e   Code   RO         3598    i.RP_QuaternionMartix_LeftMult  imu.o
    0x08004a2e   0x08004a2e   0x0000009e   Code   RO         3599    i.RP_QuaternionMartix_RightMult  imu.o
    0x08004acc   0x08004acc   0x00000038   Code   RO         3601    i.RotationTransform_IMU2Pose  imu.o
    0x08004b04   0x08004b04   0x0000005c   Code   RO         7593    i.SPI_EndRxTransaction  stm32f4xx_hal_spi.o
    0x08004b60   0x08004b60   0x00000058   Code   RO         7594    i.SPI_EndRxTxTransaction  stm32f4xx_hal_spi.o
    0x08004bb8   0x08004bb8   0x000000b8   Code   RO         7599    i.SPI_WaitFlagStateUntilTimeout  stm32f4xx_hal_spi.o
    0x08004c70   0x08004c70   0x00000030   Code   RO         3864    i.Servo_ModifyCCR   servo.o
    0x08004ca0   0x08004ca0   0x00000006   Code   RO         3865    i.Servo_Sleep       servo.o
    0x08004ca6   0x08004ca6   0x00000016   Code   RO         3866    i.Servo_Weak        servo.o
    0x08004cbc   0x08004cbc   0x00000048   Code   RO         3408    i.Sim_Channel       rc.o
    0x08004d04   0x08004d04   0x00000038   Code   RO         2894    i.StartCommunityTask  tasks_center.o
    0x08004d3c   0x08004d3c   0x00000018   Code   RO         2895    i.StartControlTask  tasks_center.o
    0x08004d54   0x08004d54   0x0000006c   Code   RO         2896    i.StartMonitorTask  tasks_center.o
    0x08004dc0   0x08004dc0   0x0000002c   Code   RO        10450    i.SysTick_Handler   port.o
    0x08004dec   0x08004dec   0x0000009c   Code   RO         5500    i.SystemClock_Config  main.o
    0x08004e88   0x08004e88   0x00000010   Code   RO         9198    i.SystemInit        system_stm32f4xx.o
    0x08004e98   0x08004e98   0x0000000c   Code   RO         5936    i.TIM2_IRQHandler   stm32f4xx_it.o
    0x08004ea4   0x08004ea4   0x0000000c   Code   RO         5937    i.TIM4_IRQHandler   stm32f4xx_it.o
    0x08004eb0   0x08004eb0   0x000000c8   Code   RO         7962    i.TIM_Base_SetConfig  stm32f4xx_hal_tim.o
    0x08004f78   0x08004f78   0x0000001a   Code   RO         7963    i.TIM_CCxChannelCmd  stm32f4xx_hal_tim.o
    0x08004f92   0x08004f92   0x00000014   Code   RO         7973    i.TIM_ETR_SetConfig  stm32f4xx_hal_tim.o
    0x08004fa6   0x08004fa6   0x00000010   Code   RO         7974    i.TIM_ITRx_SetConfig  stm32f4xx_hal_tim.o
    0x08004fb6   0x08004fb6   0x00000002   PAD
    0x08004fb8   0x08004fb8   0x00000060   Code   RO         7975    i.TIM_OC1_SetConfig  stm32f4xx_hal_tim.o
    0x08005018   0x08005018   0x0000006c   Code   RO         7976    i.TIM_OC2_SetConfig  stm32f4xx_hal_tim.o
    0x08005084   0x08005084   0x00000068   Code   RO         7977    i.TIM_OC3_SetConfig  stm32f4xx_hal_tim.o
    0x080050ec   0x080050ec   0x00000050   Code   RO         7978    i.TIM_OC4_SetConfig  stm32f4xx_hal_tim.o
    0x0800513c   0x0800513c   0x00000022   Code   RO         7980    i.TIM_TI1_ConfigInputStage  stm32f4xx_hal_tim.o
    0x0800515e   0x0800515e   0x00000024   Code   RO         7982    i.TIM_TI2_ConfigInputStage  stm32f4xx_hal_tim.o
    0x08005182   0x08005182   0x00000002   PAD
    0x08005184   0x08005184   0x00000018   Code   RO         5938    i.UART4_IRQHandler  stm32f4xx_it.o
    0x0800519c   0x0800519c   0x00000018   Code   RO         5939    i.UART5_IRQHandler  stm32f4xx_it.o
    0x080051b4   0x080051b4   0x00000010   Code   RO         8882    i.UART_DMAAbortOnError  stm32f4xx_hal_uart.o
    0x080051c4   0x080051c4   0x0000004a   Code   RO         8883    i.UART_DMAError     stm32f4xx_hal_uart.o
    0x0800520e   0x0800520e   0x00000042   Code   RO         8888    i.UART_DMATransmitCplt  stm32f4xx_hal_uart.o
    0x08005250   0x08005250   0x0000000a   Code   RO         8890    i.UART_DMATxHalfCplt  stm32f4xx_hal_uart.o
    0x0800525a   0x0800525a   0x0000004e   Code   RO         8892    i.UART_EndRxTransfer  stm32f4xx_hal_uart.o
    0x080052a8   0x080052a8   0x0000001c   Code   RO         8893    i.UART_EndTxTransfer  stm32f4xx_hal_uart.o
    0x080052c4   0x080052c4   0x000000c0   Code   RO         8894    i.UART_Receive_IT   stm32f4xx_hal_uart.o
    0x08005384   0x08005384   0x00000050   Code   RO         3283    i.UART_Send         uart_drv.o
    0x080053d4   0x080053d4   0x0000010c   Code   RO         8895    i.UART_SetConfig    stm32f4xx_hal_uart.o
    0x080054e0   0x080054e0   0x00000018   Code   RO         5940    i.USART1_IRQHandler  stm32f4xx_it.o
    0x080054f8   0x080054f8   0x00000038   Code   RO         3284    i.USART1_Init       uart_drv.o
    0x08005530   0x08005530   0x00000010   Code   RO         3937    i.USART1_rxDataHandler  usart_potocal.o
    0x08005540   0x08005540   0x00000018   Code   RO         5941    i.USART2_IRQHandler  stm32f4xx_it.o
    0x08005558   0x08005558   0x0000003c   Code   RO         3286    i.USART2_Init       uart_drv.o
    0x08005594   0x08005594   0x00000010   Code   RO         3938    i.USART2_rxDataHandler  usart_potocal.o
    0x080055a4   0x080055a4   0x00000018   Code   RO         5942    i.USART3_IRQHandler  stm32f4xx_it.o
    0x080055bc   0x080055bc   0x00000038   Code   RO         3288    i.USART3_Init       uart_drv.o
    0x080055f4   0x080055f4   0x00000002   Code   RO         3939    i.USART3_rxDataHandler  usart_potocal.o
    0x080055f6   0x080055f6   0x00000002   PAD
    0x080055f8   0x080055f8   0x00000038   Code   RO         3290    i.USART4_Init       uart_drv.o
    0x08005630   0x08005630   0x00000002   Code   RO         3940    i.USART4_rxDataHandler  usart_potocal.o
    0x08005632   0x08005632   0x00000002   PAD
    0x08005634   0x08005634   0x00000038   Code   RO         3292    i.USART5_Init       uart_drv.o
    0x0800566c   0x0800566c   0x00000010   Code   RO         3941    i.USART5_rxDataHandler  usart_potocal.o
    0x0800567c   0x0800567c   0x00000002   Code   RO         5943    i.UsageFault_Handler  stm32f4xx_it.o
    0x0800567e   0x0800567e   0x00000002   PAD
    0x08005680   0x08005680   0x0000003c   Code   RO         3992    i.Verify_CRC16_Check_Sum  crc.o
    0x080056bc   0x080056bc   0x0000002a   Code   RO         3993    i.Verify_CRC8_Check_Sum  crc.o
    0x080056e6   0x080056e6   0x00000020   Code   RO         7140    i.__NVIC_SetPriority  stm32f4xx_hal_cortex.o
    0x08005706   0x08005706   0x0000000e   Code   RO        10728    i.__scatterload_copy  mc_w.l(handlers.o)
    0x08005714   0x08005714   0x00000002   Code   RO        10729    i.__scatterload_null  mc_w.l(handlers.o)
    0x08005716   0x08005716   0x0000000e   Code   RO        10730    i.__scatterload_zeroinit  mc_w.l(handlers.o)
    0x08005724   0x08005724   0x0000021c   Code   RO            4    i.arm_atan2_f32     arm_atan2_f32.o
    0x08005940   0x08005940   0x00000084   Code   RO           73    i.arm_cos_f32       arm_cos_f32.o
    0x080059c4   0x080059c4   0x00000080   Code   RO          224    i.arm_sin_f32       arm_sin_f32.o
    0x08005a44   0x08005a44   0x00000086   Code   RO         5160    i.bmi270_get_sensor_config  bmi270.o
    0x08005aca   0x08005aca   0x00000002   PAD
    0x08005acc   0x08005acc   0x00000074   Code   RO         5161    i.bmi270_init       bmi270.o
    0x08005b40   0x08005b40   0x0000007e   Code   RO         5165    i.bmi270_sensor_enable  bmi270.o
    0x08005bbe   0x08005bbe   0x00000082   Code   RO         5166    i.bmi270_set_sensor_config  bmi270.o
    0x08005c40   0x08005c40   0x00000018   Code   RO         5407    i.bmi2_delay        common.o
    0x08005c58   0x08005c58   0x00000018   Code   RO         5408    i.bmi2_delay_us     common.o
    0x08005c70   0x08005c70   0x00000002   Code   RO         5409    i.bmi2_error_codes_print_result  common.o
    0x08005c72   0x08005c72   0x00000036   Code   RO         4433    i.bmi2_extract_input_feat_config  bmi2.o
    0x08005ca8   0x08005ca8   0x000000a0   Code   RO         4436    i.bmi2_get_feat_config  bmi2.o
    0x08005d48   0x08005d48   0x00000084   Code   RO         4437    i.bmi2_get_feature_data  bmi2.o
    0x08005dcc   0x08005dcc   0x00000040   Code   RO         4444    i.bmi2_get_gyro_cross_sense  bmi2.o
    0x08005e0c   0x08005e0c   0x00000034   Code   RO         4447    i.bmi2_get_internal_status  bmi2.o
    0x08005e40   0x08005e40   0x0000007e   Code   RO         4448    i.bmi2_get_regs     bmi2.o
    0x08005ebe   0x08005ebe   0x000000b6   Code   RO         4450    i.bmi2_get_sensor_config  bmi2.o
    0x08005f74   0x08005f74   0x00000026   Code   RO         4452    i.bmi2_get_status   bmi2.o
    0x08005f9a   0x08005f9a   0x00000002   PAD
    0x08005f9c   0x08005f9c   0x00000064   Code   RO         5410    i.bmi2_i2c_read     common.o
    0x08006000   0x08006000   0x00000054   Code   RO         5411    i.bmi2_i2c_write    common.o
    0x08006054   0x08006054   0x00000064   Code   RO         5412    i.bmi2_interface_init  common.o
    0x080060b8   0x080060b8   0x00000076   Code   RO         4453    i.bmi2_map_data_int  bmi2.o
    0x0800612e   0x0800612e   0x00000002   PAD
    0x08006130   0x08006130   0x00000024   Code   RO         5413    i.bmi2_micros       common.o
    0x08006154   0x08006154   0x00000078   Code   RO         4462    i.bmi2_sec_init     bmi2.o
    0x080061cc   0x080061cc   0x00000054   Code   RO         4465    i.bmi2_set_adv_power_save  bmi2.o
    0x08006220   0x08006220   0x0000006c   Code   RO         4475    i.bmi2_set_regs     bmi2.o
    0x0800628c   0x0800628c   0x000000aa   Code   RO         4477    i.bmi2_set_sensor_config  bmi2.o
    0x08006336   0x08006336   0x00000068   Code   RO         4478    i.bmi2_soft_reset   bmi2.o
    0x0800639e   0x0800639e   0x00000002   PAD
    0x080063a0   0x080063a0   0x00000050   Code   RO         5414    i.bmi2_spi_read     common.o
    0x080063f0   0x080063f0   0x00000050   Code   RO         5415    i.bmi2_spi_write    common.o
    0x08006440   0x08006440   0x00000056   Code   RO         4480    i.bmi2_write_config_file  bmi2.o
    0x08006496   0x08006496   0x00000002   PAD
    0x08006498   0x08006498   0x00000034   Code   RO         4385    i.bmi_init          bmi.o
    0x080064cc   0x080064cc   0x0000003e   Code   RO         4483    i.cfg_error_status  bmi2.o
    0x0800650a   0x0800650a   0x00000030   Code   RO         4484    i.check_boundary_val  bmi2.o
    0x0800653a   0x0800653a   0x000000dc   Code   RO         4488    i.config_aux_interface  bmi2.o
    0x08006616   0x08006616   0x00000002   PAD
    0x08006618   0x08006618   0x00000018   Code   RO         3091    i.delay_us          tick_drv.o
    0x08006630   0x08006630   0x00000018   Code   RO         3294    i.dma_m0_rxcplt_callback  uart_drv.o
    0x08006648   0x08006648   0x00000018   Code   RO         3295    i.dma_m1_rxcplt_callback  uart_drv.o
    0x08006660   0x08006660   0x00000076   Code   RO         5170    i.enable_main_sensors  bmi270.o
    0x080066d6   0x080066d6   0x0000008c   Code   RO         5171    i.enable_sensor_features  bmi270.o
    0x08006762   0x08006762   0x00000036   Code   RO         4498    i.extract_output_feat_config  bmi2.o
    0x08006798   0x08006798   0x00000050   Code   RO        10607    i.free              mc_w.l(malloc.o)
    0x080067e8   0x080067e8   0x0000004e   Code   RO         4500    i.get_accel_config  bmi2.o
    0x08006836   0x08006836   0x0000007e   Code   RO         5173    i.get_any_motion_config  bmi270.o
    0x080068b4   0x080068b4   0x000000aa   Code   RO         4501    i.get_aux_config    bmi2.o
    0x0800695e   0x0800695e   0x00000076   Code   RO         5174    i.get_feat_config   bmi270.o
    0x080069d4   0x080069d4   0x0000005e   Code   RO         4502    i.get_gyro_config   bmi2.o
    0x08006a32   0x08006a32   0x00000072   Code   RO         4503    i.get_gyro_cross_sense  bmi2.o
    0x08006aa4   0x08006aa4   0x0000008a   Code   RO         4504    i.get_gyro_gain_update_config  bmi2.o
    0x08006b2e   0x08006b2e   0x00000068   Code   RO         4505    i.get_gyro_gain_update_status  bmi2.o
    0x08006b96   0x08006b96   0x0000007e   Code   RO         5175    i.get_no_motion_config  bmi270.o
    0x08006c14   0x08006c14   0x00000060   Code   RO         4236    i.get_rm_can_drvie  rm_motor.o
    0x08006c74   0x08006c74   0x00000094   Code   RO         4237    i.get_rm_info       rm_motor.o
    0x08006d08   0x08006d08   0x000000a2   Code   RO         5177    i.get_sig_motion_config  bmi270.o
    0x08006daa   0x08006daa   0x0000005a   Code   RO         5178    i.get_step_config   bmi270.o
    0x08006e04   0x08006e04   0x000000aa   Code   RO         5179    i.get_step_count_params_config  bmi270.o
    0x08006eae   0x08006eae   0x00000068   Code   RO         5182    i.get_wrist_gest_config  bmi270.o
    0x08006f16   0x08006f16   0x0000007c   Code   RO         5183    i.get_wrist_wear_wake_up_config  bmi270.o
    0x08006f92   0x08006f92   0x0000003c   Code   RO         3602    i.imu_half_cycle    imu.o
    0x08006fce   0x08006fce   0x0000002e   Code   RO         3603    i.imu_heart_beat    imu.o
    0x08006ffc   0x08006ffc   0x000000e4   Code   RO         3604    i.imu_iic_get_data  imu.o
    0x080070e0   0x080070e0   0x00000184   Code   RO         3605    i.imu_init          imu.o
    0x08007264   0x08007264   0x0000013c   Code   RO         3606    i.imu_spi_get_data  imu.o
    0x080073a0   0x080073a0   0x000001c0   Code   RO         3607    i.imu_updata        imu.o
    0x08007560   0x08007560   0x0000002c   Code   RO         3608    i.inVSqrt           imu.o
    0x0800758c   0x0800758c   0x00000026   Code   RO         3542    i.int16_to_float    cap.o
    0x080075b2   0x080075b2   0x00000008   Code   RO         4050    i.judge_sendBuff    judge.o
    0x080075ba   0x080075ba   0x00000020   Code   RO         4051    i.judge_sensor_heart_beat  judge.o
    0x080075da   0x080075da   0x0000000c   Code   RO         4052    i.judge_sensor_init  judge.o
    0x080075e6   0x080075e6   0x000001ca   Code   RO         4053    i.judge_sensor_update  judge.o
    0x080077b0   0x080077b0   0x00000026   Code   RO         3609    i.lsb_to_dps        imu.o
    0x080077d6   0x080077d6   0x00000002   PAD
    0x080077d8   0x080077d8   0x00000034   Code   RO         3610    i.lsb_to_mps2       imu.o
    0x0800780c   0x0800780c   0x0000005c   Code   RO         5501    i.main              main.o
    0x08007868   0x08007868   0x0000000c   Code   RO        10015    i.makeFreeRtosPriority  cmsis_os.o
    0x08007874   0x08007874   0x0000006c   Code   RO        10608    i.malloc            mc_w.l(malloc.o)
    0x080078e0   0x080078e0   0x00000020   Code   RO         3793    i.master_heart_beat  master.o
    0x08007900   0x08007900   0x00000014   Code   RO         3794    i.master_updata     master.o
    0x08007914   0x08007914   0x00000024   Code   RO         3092    i.micros            tick_drv.o
    0x08007938   0x08007938   0x0000002a   Code   RO         4238    i.motor_class_heartbeat  rm_motor.o
    0x08007962   0x08007962   0x00000002   PAD
    0x08007964   0x08007964   0x00000098   Code   RO         4239    i.motor_class_init  rm_motor.o
    0x080079fc   0x080079fc   0x0000002c   Code   RO         4240    i.motor_class_pid_init  rm_motor.o
    0x08007a28   0x08007a28   0x0000002c   Code   RO         4241    i.motor_class_stucking_flag  rm_motor.o
    0x08007a54   0x08007a54   0x00000020   Code   RO         4242    i.motor_cycle       rm_motor.o
    0x08007a74   0x08007a74   0x0000003c   Code   RO         4243    i.motor_half_cycle  rm_motor.o
    0x08007ab0   0x08007ab0   0x00000032   Code   RO         4244    i.motor_judge_dir   rm_motor.o
    0x08007ae2   0x08007ae2   0x00000048   Code   RO         4245    i.motor_offset      rm_motor.o
    0x08007b2a   0x08007b2a   0x00000002   PAD
    0x08007b2c   0x08007b2c   0x00000058   Code   RO         4246    i.motor_pid_angle   rm_motor.o
    0x08007b84   0x08007b84   0x00000118   Code   RO         4247    i.motor_pid_cal     rm_motor.o
    0x08007c9c   0x08007c9c   0x00000114   Code   RO         4248    i.motor_pid_ctrl    rm_motor.o
    0x08007db0   0x08007db0   0x00000008   Code   RO         4249    i.motor_pid_double  rm_motor.o
    0x08007db8   0x08007db8   0x00000024   Code   RO         4250    i.motor_pid_err     rm_motor.o
    0x08007ddc   0x08007ddc   0x00000044   Code   RO         4251    i.motor_pid_position  rm_motor.o
    0x08007e20   0x08007e20   0x00000014   Code   RO         4252    i.motor_pid_single  rm_motor.o
    0x08007e34   0x08007e34   0x00000034   Code   RO         4253    i.motor_pid_speed   rm_motor.o
    0x08007e68   0x08007e68   0x00000058   Code   RO         4254    i.motor_pid_step    rm_motor.o
    0x08007ec0   0x08007ec0   0x00000018   Code   RO         4513    i.null_ptr_check    bmi2.o
    0x08007ed8   0x08007ed8   0x00000018   Code   RO         5184    i.null_ptr_check    bmi270.o
    0x08007ef0   0x08007ef0   0x0000000e   Code   RO        10017    i.osDelay           cmsis_os.o
    0x08007efe   0x08007efe   0x0000000a   Code   RO        10020    i.osKernelStart     cmsis_os.o
    0x08007f08   0x08007f08   0x00000054   Code   RO        10054    i.osThreadCreate    cmsis_os.o
    0x08007f5c   0x08007f5c   0x00000070   Code   RO         9697    i.prvAddCurrentTaskToDelayedList  tasks.o
    0x08007fcc   0x08007fcc   0x000000d0   Code   RO         9698    i.prvAddNewTaskToReadyList  tasks.o
    0x0800809c   0x0800809c   0x00000034   Code   RO         9699    i.prvDeleteTCB      tasks.o
    0x080080d0   0x080080d0   0x0000004c   Code   RO        10382    i.prvHeapInit       heap_4.o
    0x0800811c   0x0800811c   0x00000060   Code   RO         9700    i.prvIdleTask       tasks.o
    0x0800817c   0x0800817c   0x00000098   Code   RO         9701    i.prvInitialiseNewTask  tasks.o
    0x08008214   0x08008214   0x0000004c   Code   RO        10383    i.prvInsertBlockIntoFreeList  heap_4.o
    0x08008260   0x08008260   0x00000020   Code   RO         9702    i.prvResetNextTaskUnblockTime  tasks.o
    0x08008280   0x08008280   0x00000028   Code   RO        10451    i.prvTaskExitError  port.o
    0x080082a8   0x080082a8   0x000000dc   Code   RO        10384    i.pvPortMalloc      heap_4.o
    0x08008384   0x08008384   0x0000002c   Code   RO        10452    i.pxPortInitialiseStack  port.o
    0x080083b0   0x080083b0   0x00000028   Code   RO         3409    i.rc_heart_beat     rc.o
    0x080083d8   0x080083d8   0x00000014   Code   RO         3410    i.rc_init           rc.o
    0x080083ec   0x080083ec   0x00000160   Code   RO         3411    i.rc_updata         rc.o
    0x0800854c   0x0800854c   0x00000024   Code   RO         4255    i.rm_motor_rx       rm_motor.o
    0x08008570   0x08008570   0x0000005c   Code   RO         4256    i.rm_motor_tx       rm_motor.o
    0x080085cc   0x080085cc   0x000000c0   Code   RO         5185    i.select_sensor     bmi270.o
    0x0800868c   0x0800868c   0x00000098   Code   RO         4533    i.set_accel_config  bmi2.o
    0x08008724   0x08008724   0x0000006e   Code   RO         4386    i.set_accel_gyro_config  bmi.o
    0x08008792   0x08008792   0x00000070   Code   RO         5186    i.set_any_motion    bmi270.o
    0x08008802   0x08008802   0x000000ae   Code   RO         5187    i.set_any_motion_config  bmi270.o
    0x080088b0   0x080088b0   0x00000090   Code   RO         4535    i.set_aux_config    bmi2.o
    0x08008940   0x08008940   0x00000036   Code   RO         4536    i.set_config_load   bmi2.o
    0x08008976   0x08008976   0x00000076   Code   RO         5188    i.set_feat_config   bmi270.o
    0x080089ec   0x080089ec   0x000000ac   Code   RO         4537    i.set_gyro_config   bmi2.o
    0x08008a98   0x08008a98   0x0000006c   Code   RO         5189    i.set_gyro_self_offset_corr  bmi270.o
    0x08008b04   0x08008b04   0x00000070   Code   RO         5190    i.set_gyro_user_gain  bmi270.o
    0x08008b74   0x08008b74   0x000000a2   Code   RO         4538    i.set_gyro_user_gain_config  bmi2.o
    0x08008c16   0x08008c16   0x00000070   Code   RO         5191    i.set_no_motion     bmi270.o
    0x08008c86   0x08008c86   0x000000ae   Code   RO         5192    i.set_no_motion_config  bmi270.o
    0x08008d34   0x08008d34   0x00000070   Code   RO         5193    i.set_sig_motion    bmi270.o
    0x08008da4   0x08008da4   0x0000009e   Code   RO         5194    i.set_sig_motion_config  bmi270.o
    0x08008e42   0x08008e42   0x00000070   Code   RO         5195    i.set_step_activity  bmi270.o
    0x08008eb2   0x08008eb2   0x0000008a   Code   RO         5196    i.set_step_config   bmi270.o
    0x08008f3c   0x08008f3c   0x000000d4   Code   RO         5197    i.set_step_count_params_config  bmi270.o
    0x08009010   0x08009010   0x00000070   Code   RO         5198    i.set_step_counter  bmi270.o
    0x08009080   0x08009080   0x00000070   Code   RO         5199    i.set_step_detector  bmi270.o
    0x080090f0   0x080090f0   0x0000009c   Code   RO         5200    i.set_wrist_gest_config  bmi270.o
    0x0800918c   0x0800918c   0x0000006c   Code   RO         5201    i.set_wrist_gesture  bmi270.o
    0x080091f8   0x080091f8   0x0000006c   Code   RO         5202    i.set_wrist_wear_wake_up  bmi270.o
    0x08009264   0x08009264   0x000000ac   Code   RO         5203    i.set_wrist_wear_wake_up_config  bmi270.o
    0x08009310   0x08009310   0x000000f4   Code   RO         3296    i.uart_rx_idle_callback  uart_drv.o
    0x08009404   0x08009404   0x00000040   Code   RO         4555    i.upload_file       bmi2.o
    0x08009444   0x08009444   0x00000026   Code   RO         9336    i.uxListRemove      list.o
    0x0800946a   0x0800946a   0x00000002   PAD
    0x0800946c   0x0800946c   0x00000014   Code   RO         5597    i.vApplicationGetIdleTaskMemory  freertos.o
    0x08009480   0x08009480   0x00000016   Code   RO         9337    i.vListInitialise   list.o
    0x08009496   0x08009496   0x00000006   Code   RO         9338    i.vListInitialiseItem  list.o
    0x0800949c   0x0800949c   0x00000030   Code   RO         9339    i.vListInsert       list.o
    0x080094cc   0x080094cc   0x00000018   Code   RO         9340    i.vListInsertEnd    list.o
    0x080094e4   0x080094e4   0x00000040   Code   RO        10454    i.vPortEnterCritical  port.o
    0x08009524   0x08009524   0x00000028   Code   RO        10455    i.vPortExitCritical  port.o
    0x0800954c   0x0800954c   0x00000064   Code   RO        10385    i.vPortFree         heap_4.o
    0x080095b0   0x080095b0   0x00000024   Code   RO        10456    i.vPortSetupTimerInterrupt  port.o
    0x080095d4   0x080095d4   0x00000054   Code   RO        10457    i.vPortValidateInterruptPriority  port.o
    0x08009628   0x08009628   0x0000004c   Code   RO         9711    i.vTaskDelay        tasks.o
    0x08009674   0x08009674   0x0000006c   Code   RO         9724    i.vTaskStartScheduler  tasks.o
    0x080096e0   0x080096e0   0x00000010   Code   RO         9726    i.vTaskSuspendAll   tasks.o
    0x080096f0   0x080096f0   0x0000005c   Code   RO         9727    i.vTaskSwitchContext  tasks.o
    0x0800974c   0x0800974c   0x00000020   Code   RO         4168    i.vision_heart_beat  vision.o
    0x0800976c   0x0800976c   0x0000000c   Code   RO         4169    i.vision_init       vision.o
    0x08009778   0x08009778   0x00000008   Code   RO         4170    i.vision_sendBuff   vision.o
    0x08009780   0x08009780   0x0000009e   Code   RO         4171    i.vision_update     vision.o
    0x0800981e   0x0800981e   0x000000ba   Code   RO         4558    i.write_config_file  bmi2.o
    0x080098d8   0x080098d8   0x000000f4   Code   RO        10458    i.xPortStartScheduler  port.o
    0x080099cc   0x080099cc   0x0000005a   Code   RO         9730    i.xTaskCreate       tasks.o
    0x08009a26   0x08009a26   0x00000056   Code   RO         9731    i.xTaskCreateStatic  tasks.o
    0x08009a7c   0x08009a7c   0x00000010   Code   RO         9737    i.xTaskGetTickCountFromISR  tasks.o
    0x08009a8c   0x08009a8c   0x000000cc   Code   RO         9738    i.xTaskIncrementTick  tasks.o
    0x08009b58   0x08009b58   0x000000c4   Code   RO         9744    i.xTaskResumeAll    tasks.o
    0x08009c1c   0x08009c1c   0x00000028   Data   RO            5    .constdata          arm_atan2_f32.o
    0x08009c44   0x08009c44   0x00000804   Data   RO          787    .constdata          arm_common_tables.o
    0x0800a448   0x0800a448   0x00000300   Data   RO         3995    .constdata          crc.o
    0x0800a748   0x0800a748   0x00000006   Data   RO         4560    .constdata          bmi2.o
    0x0800a74e   0x0800a74e   0x00002048   Data   RO         5204    .constdata          bmi270.o
    0x0800c796   0x0800c796   0x00000002   PAD
    0x0800c798   0x0800c798   0x00000054   Data   RO         5599    .constdata          freertos.o
    0x0800c7ec   0x0800c7ec   0x00000008   Data   RO         6857    .constdata          stm32f4xx_hal_dma.o
    0x0800c7f4   0x0800c7f4   0x00000010   Data   RO         9199    .constdata          system_stm32f4xx.o
    0x0800c804   0x0800c804   0x00000008   Data   RO         9200    .constdata          system_stm32f4xx.o
    0x0800c80c   0x0800c80c   0x00000026   Data   RO         5600    .conststring        freertos.o
    0x0800c832   0x0800c832   0x00000002   PAD
    0x0800c834   0x0800c834   0x00000020   Data   RO        10726    Region$$Table       anon$$obj.o


    Execution Region RW_IRAM1 (Exec base: 0x20000000, Load base: 0x0800c854, Size: 0x00006328, Max: 0x0001c000, ABSOLUTE, COMPRESSED[0x00000178])

    Exec Addr    Load Addr    Size         Type   Attr      Idx    E Section Name        Object

    0x20000000   COMPRESSED   0x00000004   Data   RW         3093    .data               tick_drv.o
    0x20000004   COMPRESSED   0x000001e4   Data   RW         3412    .data               rc.o
    0x200001e8   COMPRESSED   0x0000000c   Data   RW         3498    .data               led.o
    0x200001f4   COMPRESSED   0x00000004   Data   RW         3499    .data               led.o
    0x200001f8   COMPRESSED   0x00000048   Data   RW         3543    .data               cap.o
    0x20000240   COMPRESSED   0x00000014   Data   RW         3612    .data               imu.o
    0x20000254   COMPRESSED   0x00000140   Data   RW         3613    .data               imu.o
    0x20000394   COMPRESSED   0x00000b14   Data   RW         3741    .data               motor.o
    0x20000ea8   COMPRESSED   0x00000028   Data   RW         3795    .data               master.o
    0x20000ed0   COMPRESSED   0x00000014   Data   RW         3867    .data               servo.o
    0x20000ee4   COMPRESSED   0x00000002   Data   RW         3996    .data               crc.o
    0x20000ee6   COMPRESSED   0x00000002   PAD
    0x20000ee8   COMPRESSED   0x000000d4   Data   RW         4054    .data               judge.o
    0x20000fbc   COMPRESSED   0x00000070   Data   RW         4172    .data               vision.o
    0x2000102c   COMPRESSED   0x00000010   Data   RW         5205    .data               bmi270.o
    0x2000103c   COMPRESSED   0x00000008   Data   RW         5416    .data               common.o
    0x20001044   COMPRESSED   0x0000000c   Data   RW         5601    .data               freertos.o
    0x20001050   COMPRESSED   0x00000004   Data   RW         5660    .data               can.o
    0x20001054   COMPRESSED   0x0000000c   Data   RW         7284    .data               stm32f4xx_hal.o
    0x20001060   COMPRESSED   0x00000004   Data   RW         9201    .data               system_stm32f4xx.o
    0x20001064   COMPRESSED   0x0000003c   Data   RW         9747    .data               tasks.o
    0x200010a0   COMPRESSED   0x00000020   Data   RW        10391    .data               heap_4.o
    0x200010c0   COMPRESSED   0x0000000c   Data   RW        10459    .data               port.o
    0x200010cc   COMPRESSED   0x00000004   Data   RW        10698    .data               mc_w.l(mvars.o)
    0x200010d0   COMPRESSED   0x00000004   Data   RW        10699    .data               mc_w.l(mvars.o)
    0x200010d4        -       0x000000b8   Zero   RW         3172    .bss                can_drv.o
    0x2000118c        -       0x000005a8   Zero   RW         3297    .bss                uart_drv.o
    0x20001734   COMPRESSED   0x00000004   PAD
    0x20001738        -       0x00000068   Zero   RW         3611    .bss                imu.o
    0x200017a0        -       0x00000254   Zero   RW         5598    .bss                freertos.o
    0x200019f4        -       0x00000050   Zero   RW         5659    .bss                can.o
    0x20001a44        -       0x0000000c   Zero   RW         5729    .bss                iwdg.o
    0x20001a50        -       0x00000058   Zero   RW         5761    .bss                spi.o
    0x20001aa8        -       0x00000090   Zero   RW         5805    .bss                tim.o
    0x20001b38        -       0x000004b4   Zero   RW         5861    .bss                usart.o
    0x20001fec        -       0x00000048   Zero   RW         6113    .bss                stm32f4xx_hal_timebase_tim.o
    0x20002034        -       0x000000f0   Zero   RW         9746    .bss                tasks.o
    0x20002124        -       0x00003c00   Zero   RW        10390    .bss                heap_4.o
    0x20005d24   COMPRESSED   0x00000004   PAD
    0x20005d28        -       0x00000200   Zero   RW         5489    HEAP                startup_stm32f407xx.o
    0x20005f28        -       0x00000400   Zero   RW         5488    STACK               startup_stm32f407xx.o


    Execution Region RW_IRAM2 (Exec base: 0x2001c000, Load base: 0x0800c9cc, Size: 0x00000000, Max: 0x00004000, ABSOLUTE)

    **** No section assigned to this execution region ****


==============================================================================

Image component sizes


      Code (inc. data)   RO Data    RW Data    ZI Data      Debug   Object Name

       540         28         40          0          0       9464   arm_atan2_f32.o
         0          0       2052          0          0       8397   arm_common_tables.o
       132         14          0          0          0        766   arm_cos_f32.o
       128         14          0          0          0        766   arm_sin_f32.o
       162          4          0          0          0      43551   bmi.o
      3638         12          6          0          0      37432   bmi2.o
      4410         22       8264         16          0      36058   bmi270.o
       396         46          0          4         80       2530   can.o
       362         54          0          0        184       5993   can_drv.o
        72         12          0          0          0       1630   can_potocal.o
       278          8          0         72          0       6023   cap.o
       120          0          0          0          0      23393   cmsis_os.o
       530         58          0          8          0       7369   common.o
       178         18        768          2          0       3831   crc.o
       188          4          0          0          0        894   dma.o
         0          0          0          0          0      16920   event_groups.o
       104         14        122         12        596       2213   freertos.o
       140          8          0          0          0       1007   gpio.o
       472         24          0         32      15360       7479   heap_4.o
       760         72          0          0          0       5843   iic_drv.o
      3146        118          0        340        104      16048   imu.o
        44          8          0          0         12        743   iwdg.o
       774         16          0        212          0      15203   judge.o
       184         26          0         16          0       2392   led.o
       138          0          0          0          0       3598   list.o
       266         14          0          0          0       2812   main.o
        90          6          0         40          0       3726   master.o
       416         34          0       2836          0       4467   motor.o
       786         82          0         12          0      11949   port.o
      1688         66          0        484          0      17255   rc.o
      1784        116          0          0          0      19260   rm_motor.o
       132         24          0          0          0     751772   rp_init.o
        76          0          0         20          0       2603   servo.o
       180         24          0          0         88       1721   spi.o
        92          8          0          0          0        947   spi_drv.o
        36          8        392          0       1536        808   startup_stm32f407xx.o
       116         18          0         12          0       8786   stm32f4xx_hal.o
      1658          6          0          0          0      14447   stm32f4xx_hal_can.o
       158         14          0          0          0      33150   stm32f4xx_hal_cortex.o
      1084         16          8          0          0       7430   stm32f4xx_hal_dma.o
       522         46          0          0          0       2869   stm32f4xx_hal_gpio.o
       102          0          0          0          0       1911   stm32f4xx_hal_iwdg.o
        56          4          0          0          0        886   stm32f4xx_hal_msp.o
      1412         86          0          0          0       5957   stm32f4xx_hal_rcc.o
      1738         12          0          0          0       8554   stm32f4xx_hal_spi.o
      2144        146          0          0          0      17889   stm32f4xx_hal_tim.o
       232         28          0          0          0       3317   stm32f4xx_hal_tim_ex.o
       152         18          0          0         72       1507   stm32f4xx_hal_timebase_tim.o
      1596         30          0          0          0      12382   stm32f4xx_hal_uart.o
       288        108          0          0          0      11781   stm32f4xx_it.o
        16          4         24          4          0       1187   system_stm32f4xx.o
      1536        116          0         60        240      20281   tasks.o
       188         40          0          0          0      33363   tasks_center.o
        60          6          0          4          0       1704   tick_drv.o
       480         42          0          0        144       3233   tim.o
      1354        130          0          0       1448       8808   uart_drv.o
      1316        106          0          0       1204       5473   usart.o
        52         14          0          0          0       3035   usart_potocal.o
       210          0          0        112          0       5497   vision.o

    ----------------------------------------------------------------------
     38974       1952      11712       4300      21076    1290310   Object Totals
         0          0         32          0          0          0   (incl. Generated)
        62          0          4          2          8          0   (incl. Padding)

    ----------------------------------------------------------------------

      Code (inc. data)   RO Data    RW Data    ZI Data      Debug   Library Member Name

        86          0          0          0          0          0   __dczerorl2.o
         0          0          0          0          0          0   entry.o
         0          0          0          0          0          0   entry10a.o
         0          0          0          0          0          0   entry11a.o
         4          0          0          0          0          0   entry12b.o
         8          4          0          0          0          0   entry2.o
         4          0          0          0          0          0   entry5.o
         0          0          0          0          0          0   entry7b.o
         0          0          0          0          0          0   entry8b.o
         8          4          0          0          0          0   entry9a.o
        30          0          0          0          0          0   handlers.o
        36          8          0          0          0         68   init.o
        30          0          0          0          0         68   llshl.o
        32          0          0          0          0         68   llushr.o
       188         20          0          0          0        160   malloc.o
        36          0          0          0          0         68   memcpya.o
        36          0          0          0          0        108   memseta.o
         0          0          0          8          0          0   mvars.o
        98          0          0          0          0         92   uldiv.o

    ----------------------------------------------------------------------
       598         36          0          8          0        632   Library Totals
         2          0          0          0          0          0   (incl. Padding)

    ----------------------------------------------------------------------

      Code (inc. data)   RO Data    RW Data    ZI Data      Debug   Library Name

       596         36          0          8          0        632   mc_w.l

    ----------------------------------------------------------------------
       598         36          0          8          0        632   Library Totals

    ----------------------------------------------------------------------

==============================================================================


      Code (inc. data)   RO Data    RW Data    ZI Data      Debug   

     39572       1988      11712       4308      21076    1253566   Grand Totals
     39572       1988      11712        376      21076    1253566   ELF Image Totals (compressed)
     39572       1988      11712        376          0          0   ROM Totals

==============================================================================

    Total RO  Size (Code + RO Data)                51284 (  50.08kB)
    Total RW  Size (RW Data + ZI Data)             25384 (  24.79kB)
    Total ROM Size (Code + RO Data + RW Data)      51660 (  50.45kB)

==============================================================================

